Archive member included to satisfy reference by file (symbol)

/opt/st/stm32cubeide_1.16.1_2/plugins/com.st.stm32cube.ide.mcu.externaltools.gnu-tools-for-stm32.12.3.rel1.linux64_1.0.200.202406132123/tools/bin/../lib/gcc/arm-none-eabi/12.3.1/../../../../arm-none-eabi/lib/thumb/v7e-m+fp/hard/libc_nano.a(libc_a-exit.o)
                              /opt/st/stm32cubeide_1.16.1_2/plugins/com.st.stm32cube.ide.mcu.externaltools.gnu-tools-for-stm32.12.3.rel1.linux64_1.0.200.202406132123/tools/bin/../lib/gcc/arm-none-eabi/12.3.1/../../../../arm-none-eabi/lib/thumb/v7e-m+fp/hard/crt0.o (exit)
/opt/st/stm32cubeide_1.16.1_2/plugins/com.st.stm32cube.ide.mcu.externaltools.gnu-tools-for-stm32.12.3.rel1.linux64_1.0.200.202406132123/tools/bin/../lib/gcc/arm-none-eabi/12.3.1/../../../../arm-none-eabi/lib/thumb/v7e-m+fp/hard/libc_nano.a(libc_a-malloc.o)
                              ./Core/Src/File_Handling.o (malloc)
/opt/st/stm32cubeide_1.16.1_2/plugins/com.st.stm32cube.ide.mcu.externaltools.gnu-tools-for-stm32.12.3.rel1.linux64_1.0.200.202406132123/tools/bin/../lib/gcc/arm-none-eabi/12.3.1/../../../../arm-none-eabi/lib/thumb/v7e-m+fp/hard/libc_nano.a(libc_a-mallocr.o)
                              /opt/st/stm32cubeide_1.16.1_2/plugins/com.st.stm32cube.ide.mcu.externaltools.gnu-tools-for-stm32.12.3.rel1.linux64_1.0.200.202406132123/tools/bin/../lib/gcc/arm-none-eabi/12.3.1/../../../../arm-none-eabi/lib/thumb/v7e-m+fp/hard/libc_nano.a(libc_a-malloc.o) (_malloc_r)
/opt/st/stm32cubeide_1.16.1_2/plugins/com.st.stm32cube.ide.mcu.externaltools.gnu-tools-for-stm32.12.3.rel1.linux64_1.0.200.202406132123/tools/bin/../lib/gcc/arm-none-eabi/12.3.1/../../../../arm-none-eabi/lib/thumb/v7e-m+fp/hard/libc_nano.a(libc_a-mlock.o)
                              /opt/st/stm32cubeide_1.16.1_2/plugins/com.st.stm32cube.ide.mcu.externaltools.gnu-tools-for-stm32.12.3.rel1.linux64_1.0.200.202406132123/tools/bin/../lib/gcc/arm-none-eabi/12.3.1/../../../../arm-none-eabi/lib/thumb/v7e-m+fp/hard/libc_nano.a(libc_a-mallocr.o) (__malloc_lock)
/opt/st/stm32cubeide_1.16.1_2/plugins/com.st.stm32cube.ide.mcu.externaltools.gnu-tools-for-stm32.12.3.rel1.linux64_1.0.200.202406132123/tools/bin/../lib/gcc/arm-none-eabi/12.3.1/../../../../arm-none-eabi/lib/thumb/v7e-m+fp/hard/libc_nano.a(libc_a-findfp.o)
                              /opt/st/stm32cubeide_1.16.1_2/plugins/com.st.stm32cube.ide.mcu.externaltools.gnu-tools-for-stm32.12.3.rel1.linux64_1.0.200.202406132123/tools/bin/../lib/gcc/arm-none-eabi/12.3.1/../../../../arm-none-eabi/lib/thumb/v7e-m+fp/hard/libc_nano.a(libc_a-exit.o) (__stdio_exit_handler)
/opt/st/stm32cubeide_1.16.1_2/plugins/com.st.stm32cube.ide.mcu.externaltools.gnu-tools-for-stm32.12.3.rel1.linux64_1.0.200.202406132123/tools/bin/../lib/gcc/arm-none-eabi/12.3.1/../../../../arm-none-eabi/lib/thumb/v7e-m+fp/hard/libc_nano.a(libc_a-fwalk.o)
                              /opt/st/stm32cubeide_1.16.1_2/plugins/com.st.stm32cube.ide.mcu.externaltools.gnu-tools-for-stm32.12.3.rel1.linux64_1.0.200.202406132123/tools/bin/../lib/gcc/arm-none-eabi/12.3.1/../../../../arm-none-eabi/lib/thumb/v7e-m+fp/hard/libc_nano.a(libc_a-findfp.o) (_fwalk_sglue)
/opt/st/stm32cubeide_1.16.1_2/plugins/com.st.stm32cube.ide.mcu.externaltools.gnu-tools-for-stm32.12.3.rel1.linux64_1.0.200.202406132123/tools/bin/../lib/gcc/arm-none-eabi/12.3.1/../../../../arm-none-eabi/lib/thumb/v7e-m+fp/hard/libc_nano.a(libc_a-sprintf.o)
                              ./Core/Src/File_Handling.o (sprintf)
/opt/st/stm32cubeide_1.16.1_2/plugins/com.st.stm32cube.ide.mcu.externaltools.gnu-tools-for-stm32.12.3.rel1.linux64_1.0.200.202406132123/tools/bin/../lib/gcc/arm-none-eabi/12.3.1/../../../../arm-none-eabi/lib/thumb/v7e-m+fp/hard/libc_nano.a(libc_a-stdio.o)
                              /opt/st/stm32cubeide_1.16.1_2/plugins/com.st.stm32cube.ide.mcu.externaltools.gnu-tools-for-stm32.12.3.rel1.linux64_1.0.200.202406132123/tools/bin/../lib/gcc/arm-none-eabi/12.3.1/../../../../arm-none-eabi/lib/thumb/v7e-m+fp/hard/libc_nano.a(libc_a-findfp.o) (__sread)
/opt/st/stm32cubeide_1.16.1_2/plugins/com.st.stm32cube.ide.mcu.externaltools.gnu-tools-for-stm32.12.3.rel1.linux64_1.0.200.202406132123/tools/bin/../lib/gcc/arm-none-eabi/12.3.1/../../../../arm-none-eabi/lib/thumb/v7e-m+fp/hard/libc_nano.a(libc_a-memset.o)
                              /opt/st/stm32cubeide_1.16.1_2/plugins/com.st.stm32cube.ide.mcu.externaltools.gnu-tools-for-stm32.12.3.rel1.linux64_1.0.200.202406132123/tools/bin/../lib/gcc/arm-none-eabi/12.3.1/../../../../arm-none-eabi/lib/thumb/v7e-m+fp/hard/crt0.o (memset)
/opt/st/stm32cubeide_1.16.1_2/plugins/com.st.stm32cube.ide.mcu.externaltools.gnu-tools-for-stm32.12.3.rel1.linux64_1.0.200.202406132123/tools/bin/../lib/gcc/arm-none-eabi/12.3.1/../../../../arm-none-eabi/lib/thumb/v7e-m+fp/hard/libc_nano.a(libc_a-closer.o)
[...]
Memory Configuration

Name             Origin             Length             Attributes
CCMRAM           0x10000000         0x00010000         xrw
RAM              0x20000000         0x00030000         xrw
FLASH            0x08000000         0x00200000         xr
*default*        0x00000000         0xffffffff

Linker script and memory map

LOAD /opt/st/stm32cubeide_1.16.1_2/plugins/com.st.stm32cube.ide.mcu.externaltools.gnu-tools-for-stm32.12.3.rel1.linux64_1.0.200.202406132123/tools/bin/../lib/gcc/arm-none-eabi/12.3.1/thumb/v7e-m+fp/hard/crti.o
LOAD /opt/st/stm32cubeide_1.16.1_2/plugins/com.st.stm32cube.ide.mcu.externaltools.gnu-tools-for-stm32.12.3.rel1.linux64_1.0.200.202406132123/tools/bin/../lib/gcc/arm-none-eabi/12.3.1/thumb/v7e-m+fp/hard/crtbegin.o
LOAD /opt/st/stm32cubeide_1.16.1_2/plugins/com.st.stm32cube.ide.mcu.externaltools.gnu-tools-for-stm32.12.3.rel1.linux64_1.0.200.202406132123/tools/bin/../lib/gcc/arm-none-eabi/12.3.1/../../../../arm-none-eabi/lib/thumb/v7e-m+fp/hard/crt0.o
LOAD ./Core/Src/File_Handling.o
LOAD ./Core/Src/gpio.o
LOAD ./Core/Src/ltdc.o
LOAD ./Core/Src/main.o
LOAD ./Core/Src/sdio.o
LOAD ./Core/Src/stm32f4xx_hal_msp.o
LOAD ./Core/Src/stm32f4xx_it.o
LOAD ./Core/Src/syscalls.o
LOAD ./Core/Src/sysmem.o
LOAD ./Core/Src/system_stm32f4xx.o
LOAD ./Core/Src/usart.o
LOAD ./Core/Startup/startup_stm32f429zitx.o
LOAD ./Drivers/STM32F4xx_HAL_Driver/Src/stm32f4xx_hal.o
LOAD ./Drivers/STM32F4xx_HAL_Driver/Src/stm32f4xx_hal_cortex.o
LOAD ./Drivers/STM32F4xx_HAL_Driver/Src/stm32f4xx_hal_dma.o
LOAD ./Drivers/STM32F4xx_HAL_Driver/Src/stm32f4xx_hal_dma_ex.o
LOAD ./Drivers/STM32F4xx_HAL_Driver/Src/stm32f4xx_hal_dsi.o
LOAD ./Drivers/STM32F4xx_HAL_Driver/Src/stm32f4xx_hal_exti.o
LOAD ./Drivers/STM32F4xx_HAL_Driver/Src/stm32f4xx_hal_flash.o
LOAD ./Drivers/STM32F4xx_HAL_Driver/Src/stm32f4xx_hal_flash_ex.o
LOAD ./Drivers/STM32F4xx_HAL_Driver/Src/stm32f4xx_hal_flash_ramfunc.o
LOAD ./Drivers/STM32F4xx_HAL_Driver/Src/stm32f4xx_hal_gpio.o
LOAD ./Drivers/STM32F4xx_HAL_Driver/Src/stm32f4xx_hal_ltdc.o
LOAD ./Drivers/STM32F4xx_HAL_Driver/Src/stm32f4xx_hal_ltdc_ex.o
LOAD ./Drivers/STM32F4xx_HAL_Driver/Src/stm32f4xx_hal_pcd.o
LOAD ./Drivers/STM32F4xx_HAL_Driver/Src/stm32f4xx_hal_pcd_ex.o
LOAD ./Drivers/STM32F4xx_HAL_Driver/Src/stm32f4xx_hal_pwr.o
LOAD ./Drivers/STM32F4xx_HAL_Driver/Src/stm32f4xx_hal_pwr_ex.o
LOAD ./Drivers/STM32F4xx_HAL_Driver/Src/stm32f4xx_hal_rcc.o
LOAD ./Drivers/STM32F4xx_HAL_Driver/Src/stm32f4xx_hal_rcc_ex.o
LOAD ./Drivers/STM32F4xx_HAL_Driver/Src/stm32f4xx_hal_sd.o
LOAD ./Drivers/STM32F4xx_HAL_Driver/Src/stm32f4xx_hal_tim.o
LOAD ./Drivers/STM32F4xx_HAL_Driver/Src/stm32f4xx_hal_tim_ex.o
LOAD ./Drivers/STM32F4xx_HAL_Driver/Src/stm32f4xx_hal_uart.o
LOAD ./Drivers/STM32F4xx_HAL_Driver/Src/stm32f4xx_ll_sdmmc.o
LOAD ./Drivers/STM32F4xx_HAL_Driver/Src/stm32f4xx_ll_usb.o
LOAD ./FATFS/App/fatfs.o
LOAD ./FATFS/Target/bsp_driver_sd.o
LOAD ./FATFS/Target/fatfs_platform.o
LOAD ./FATFS/Target/sd_diskio.o
LOAD ./Middlewares/ST/STM32_USB_Device_Library/Class/MSC/Src/usbd_msc.o
LOAD ./Middlewares/ST/STM32_USB_Device_Library/Class/MSC/Src/usbd_msc_bot.o
LOAD ./Middlewares/ST/STM32_USB_Device_Library/Class/MSC/Src/usbd_msc_data.o
LOAD ./Middlewares/ST/STM32_USB_Device_Library/Class/MSC/Src/usbd_msc_scsi.o
LOAD ./Middlewares/ST/STM32_USB_Device_Library/Core/Src/usbd_core.o
LOAD ./Middlewares/ST/STM32_USB_Device_Library/Core/Src/usbd_ctlreq.o
LOAD ./Middlewares/ST/STM32_USB_Device_Library/Core/Src/usbd_ioreq.o
LOAD ./Middlewares/Third_Party/FatFs/src/diskio.o
LOAD ./Middlewares/Third_Party/FatFs/src/ff.o
LOAD ./Middlewares/Third_Party/FatFs/src/ff_gen_drv.o
LOAD ./Middlewares/Third_Party/FatFs/src/option/syscall.o
LOAD ./USB_DEVICE/App/usb_device.o
LOAD ./USB_DEVICE/App/usbd_desc.o
LOAD ./USB_DEVICE/App/usbd_storage_if.o
LOAD ./USB_DEVICE/Target/usbd_conf.o
START GROUP
LOAD /opt/st/stm32cubeide_1.16.1_2/plugins/com.st.stm32cube.ide.mcu.externaltools.gnu-tools-for-stm32.12.3.rel1.linux64_1.0.200.202406132123/tools/bin/../lib/gcc/arm-none-eabi/12.3.1/../../../../arm-none-eabi/lib/thumb/v7e-m+fp/hard/libc_nano.a
LOAD /opt/st/stm32cubeide_1.16.1_2/plugins/com.st.stm32cube.ide.mcu.externaltools.gnu-tools-for-stm32.12.3.rel1.linux64_1.0.200.202406132123/tools/bin/../lib/gcc/arm-none-eabi/12.3.1/../../../../arm-none-eabi/lib/thumb/v7e-m+fp/hard/libm.a
END GROUP
START GROUP
LOAD /opt/st/stm32cubeide_1.16.1_2/plugins/com.st.stm32cube.ide.mcu.externaltools.gnu-tools-for-stm32.12.3.rel1.linux64_1.0.200.202406132123/tools/bin/../lib/gcc/arm-none-eabi/12.3.1/thumb/v7e-m+fp/hard/libgcc.a
LOAD /opt/st/stm32cubeide_1.16.1_2/plugins/com.st.stm32cube.ide.mcu.externaltools.gnu-tools-for-stm32.12.3.rel1.linux64_1.0.200.202406132123/tools/bin/../lib/gcc/arm-none-eabi/12.3.1/../../../../arm-none-eabi/lib/thumb/v7e-m+fp/hard/libc_nano.a
END GROUP
START GROUP
LOAD /opt/st/stm32cubeide_1.16.1_2/plugins/com.st.stm32cube.ide.mcu.externaltools.gnu-tools-for-stm32.12.3.rel1.linux64_1.0.200.202406132123/tools/bin/../lib/gcc/arm-none-eabi/12.3.1/thumb/v7e-m+fp/hard/libgcc.a
LOAD /opt/st/stm32cubeide_1.16.1_2/plugins/com.st.stm32cube.ide.mcu.externaltools.gnu-tools-for-stm32.12.3.rel1.linux64_1.0.200.202406132123/tools/bin/../lib/gcc/arm-none-eabi/12.3.1/../../../../arm-none-eabi/lib/thumb/v7e-m+fp/hard/libc_nano.a
LOAD /opt/st/stm32cubeide_1.16.1_2/plugins/com.st.stm32cube.ide.mcu.externaltools.gnu-tools-for-stm32.12.3.rel1.linux64_1.0.200.202406132123/tools/bin/../lib/gcc/arm-none-eabi/12.3.1/../../../../arm-none-eabi/lib/thumb/v7e-m+fp/hard/libnosys.a
END GROUP
START GROUP
LOAD /opt/st/stm32cubeide_1.16.1_2/plugins/com.st.stm32cube.ide.mcu.externaltools.gnu-tools-for-stm32.12.3.rel1.linux64_1.0.200.202406132123/tools/bin/../lib/gcc/arm-none-eabi/12.3.1/thumb/v7e-m+fp/hard/libgcc.a
LOAD /opt/st/stm32cubeide_1.16.1_2/plugins/com.st.stm32cube.ide.mcu.externaltools.gnu-tools-for-stm32.12.3.rel1.linux64_1.0.200.202406132123/tools/bin/../lib/gcc/arm-none-eabi/12.3.1/../../../../arm-none-eabi/lib/thumb/v7e-m+fp/hard/libc_nano.a
LOAD /opt/st/stm32cubeide_1.16.1_2/plugins/com.st.stm32cube.ide.mcu.externaltools.gnu-tools-for-stm32.12.3.rel1.linux64_1.0.200.202406132123/tools/bin/../lib/gcc/arm-none-eabi/12.3.1/../../../../arm-none-eabi/lib/thumb/v7e-m+fp/hard/libnosys.a
END GROUP
LOAD /opt/st/stm32cubeide_1.16.1_2/plugins/com.st.stm32cube.ide.mcu.externaltools.gnu-tools-for-stm32.12.3.rel1.linux64_1.0.200.202406132123/tools/bin/../lib/gcc/arm-none-eabi/12.3.1/thumb/v7e-m+fp/hard/crtend.o
LOAD /opt/st/stm32cubeide_1.16.1_2/plugins/com.st.stm32cube.ide.mcu.externaltools.gnu-tools-for-stm32.12.3.rel1.linux64_1.0.200.202406132123/tools/bin/../lib/gcc/arm-none-eabi/12.3.1/thumb/v7e-m+fp/hard/crtn.o
                0x20030000                        _estack = (ORIGIN (RAM) + LENGTH (RAM))
                0x00000200                        _Min_Heap_Size = 0x200
                0x00000400                        _Min_Stack_Size = 0x400

.isr_vector     0x08000000      0x1ac
                0x08000000                        . = ALIGN (0x4)
 *(.isr_vector)
 .isr_vector    0x08000000      0x1ac ./Core/Startup/startup_stm32f429zitx.o
                0x08000000                g_pfnVectors
                0x080001ac                        . = ALIGN (0x4)

.text           0x080001b0     0xe3d4
                0x080001b0                        . = ALIGN (0x4)
 *(.text)
 .text          0x080001b0       0x40 /opt/st/stm32cubeide_1.16.1_2/plugins/com.st.stm32cube.ide.mcu.externaltools.gnu-tools-for-stm32.12.3.rel1.linux64_1.0.200.202406132123/tools/bin/../lib/gcc/arm-none-eabi/12.3.1/thumb/v7e-m+fp/hard/crtbegin.o
 .text          0x080001f0       0x14 /opt/st/stm32cubeide_1.16.1_2/plugins/com.st.stm32cube.ide.mcu.externaltools.gnu-tools-for-stm32.12.3.rel1.linux64_1.0.200.202406132123/tools/bin/../lib/gcc/arm-none-eabi/12.3.1/../../../../arm-none-eabi/lib/thumb/v7e-m+fp/hard/libc_nano.a(libc_a-strcmp.o)
                0x080001f0                strcmp
 .text          0x08000204       0x10 /opt/st/stm32cubeide_1.16.1_2/plugins/com.st.stm32cube.ide.mcu.externaltools.gnu-tools-for-stm32.12.3.rel1.linux64_1.0.200.202406132123/tools/bin/../lib/gcc/arm-none-eabi/12.3.1/../../../../arm-none-eabi/lib/thumb/v7e-m+fp/hard/libc_nano.a(libc_a-strlen.o)
                0x08000204                strlen
 *fill*         0x08000214        0xc 
 .text          0x08000220       0xa0 /opt/st/stm32cubeide_1.16.1_2/plugins/com.st.stm32cube.ide.mcu.externaltools.gnu-tools-for-stm32.12.3.rel1.linux64_1.0.200.202406132123/tools/bin/../lib/gcc/arm-none-eabi/12.3.1/../../../../arm-none-eabi/lib/thumb/v7e-m+fp/hard/libc_nano.a(libc_a-memchr.o)
                0x08000220                memchr
 .text          0x080002c0      0x254 /opt/st/stm32cubeide_1.16.1_2/plugins/com.st.stm32cube.ide.mcu.externaltools.gnu-tools-for-stm32.12.3.rel1.linux64_1.0.200.202406132123/tools/bin/../lib/gcc/arm-none-eabi/12.3.1/thumb/v7e-m+fp/hard/libgcc.a(_arm_muldf3.o)
                0x080002c0                __aeabi_dmul
                0x080002c0                __muldf3
 .text          0x08000514      0x378 /opt/st/stm32cubeide_1.16.1_2/plugins/com.st.stm32cube.ide.mcu.externaltools.gnu-tools-for-stm32.12.3.rel1.linux64_1.0.200.202406132123/tools/bin/../lib/gcc/arm-none-eabi/12.3.1/thumb/v7e-m+fp/hard/libgcc.a(_arm_addsubdf3.o)
                0x08000514                __aeabi_drsub
                0x0800051c                __aeabi_dsub
                0x0800051c                __subdf3
                0x08000520                __adddf3
                0x08000520                __aeabi_dadd
                0x08000798                __aeabi_ui2d
                0x08000798                __floatunsidf
                0x080007b8                __floatsidf
                0x080007b8                __aeabi_i2d
                0x080007dc                __extendsfdf2
                0x080007dc                __aeabi_f2d
                0x08000820                __aeabi_ul2d
                0x08000820                __floatundidf
                0x08000830                __floatdidf
                0x08000830                __aeabi_l2d
 .text          0x0800088c       0x40 /opt/st/stm32cubeide_1.16.1_2/plugins/com.st.stm32cube.ide.mcu.externaltools.gnu-tools-for-stm32.12.3.rel1.linux64_1.0.200.202406132123/tools/bin/../lib/gcc/arm-none-eabi/12.3.1/thumb/v7e-m+fp/hard/libgcc.a(_arm_fixunsdfsi.o)
                0x0800088c                __fixunsdfsi
                0x0800088c                __aeabi_d2uiz
 .text          0x080008cc       0x30 /opt/st/stm32cubeide_1.16.1_2/plugins/com.st.stm32cube.ide.mcu.externaltools.gnu-tools-for-stm32.12.3.rel1.linux64_1.0.200.202406132123/tools/bin/../lib/gcc/arm-none-eabi/12.3.1/thumb/v7e-m+fp/hard/libgcc.a(_aeabi_uldivmod.o)
                0x080008cc                __aeabi_uldivmod
 .text          0x080008fc      0x2bc /opt/st/stm32cubeide_1.16.1_2/plugins/com.st.stm32cube.ide.mcu.externaltools.gnu-tools-for-stm32.12.3.rel1.linux64_1.0.200.202406132123/tools/bin/../lib/gcc/arm-none-eabi/12.3.1/thumb/v7e-m+fp/hard/libgcc.a(_udivmoddi4.o)
                0x080008fc                __udivmoddi4
 .text          0x08000bb8        0x4 /opt/st/stm32cubeide_1.16.1_2/plugins/com.st.stm32cube.ide.mcu.externaltools.gnu-tools-for-stm32.12.3.rel1.linux64_1.0.200.202406132123/tools/bin/../lib/gcc/arm-none-eabi/12.3.1/thumb/v7e-m+fp/hard/libgcc.a(_dvmd_tls.o)
                0x08000bb8                __aeabi_ldiv0
                0x08000bb8                __aeabi_idiv0
 *(.text*)
 .text.Send_Uart
                0x08000bbc       0x2c ./Core/Src/File_Handling.o
                0x08000bbc                Send_Uart
 .text.Mount_SD
                0x08000be8       0x48 ./Core/Src/File_Handling.o
                0x08000be8                Mount_SD
 .text.Scan_SD  0x08000c30      0x138 ./Core/Src/File_Handling.o
                0x08000c30                Scan_SD
 .text.Check_SD_Space
                0x08000d68       0xe8 ./Core/Src/File_Handling.o
                0x08000d68                Check_SD_Space
 .text.MX_GPIO_Init
                0x08000e50      0x104 ./Core/Src/gpio.o
                0x08000e50                MX_GPIO_Init
 .text.MX_LTDC_Init
                0x08000f54      0x164 ./Core/Src/ltdc.o
                0x08000f54                MX_LTDC_Init
 .text.HAL_LTDC_MspInit
                0x080010b8      0x22c ./Core/Src/ltdc.o
                0x080010b8                HAL_LTDC_MspInit
 .text.main     0x080012e4       0x3c ./Core/Src/main.o
                0x080012e4                main
 .text.SystemClock_Config
                0x08001320       0xd4 ./Core/Src/main.o
                0x08001320                SystemClock_Config
 .text.Error_Handler
                0x080013f4        0xc ./Core/Src/main.o
                0x080013f4                Error_Handler
 .text.MX_SDIO_SD_Init
                0x08001400       0x40 ./Core/Src/sdio.o
                0x08001400                MX_SDIO_SD_Init
 .text.HAL_SD_MspInit
                0x08001440       0xd0 ./Core/Src/sdio.o
                0x08001440                HAL_SD_MspInit
 .text.HAL_MspInit
                0x08001510       0x50 ./Core/Src/stm32f4xx_hal_msp.o
                0x08001510                HAL_MspInit
 .text.NMI_Handler
                0x08001560        0x8 ./Core/Src/stm32f4xx_it.o
                0x08001560                NMI_Handler
 .text.HardFault_Handler
                0x08001568        0x8 ./Core/Src/stm32f4xx_it.o
                0x08001568                HardFault_Handler
 .text.MemManage_Handler
                0x08001570        0x8 ./Core/Src/stm32f4xx_it.o
                0x08001570                MemManage_Handler
 .text.BusFault_Handler
                0x08001578        0x8 ./Core/Src/stm32f4xx_it.o
                0x08001578                BusFault_Handler
 .text.UsageFault_Handler
                0x08001580        0x8 ./Core/Src/stm32f4xx_it.o
                0x08001580                UsageFault_Handler
 .text.SVC_Handler
                0x08001588        0xe ./Core/Src/stm32f4xx_it.o
                0x08001588                SVC_Handler
 .text.DebugMon_Handler
                0x08001596        0xe ./Core/Src/stm32f4xx_it.o
                0x08001596                DebugMon_Handler
 .text.PendSV_Handler
                0x080015a4        0xe ./Core/Src/stm32f4xx_it.o
                0x080015a4                PendSV_Handler
 .text.SysTick_Handler
                0x080015b2        0xc ./Core/Src/stm32f4xx_it.o
                0x080015b2                SysTick_Handler
 *fill*         0x080015be        0x2 
 .text.OTG_HS_IRQHandler
                0x080015c0       0x14 ./Core/Src/stm32f4xx_it.o
                0x080015c0                OTG_HS_IRQHandler
 .text._sbrk    0x080015d4       0x6c ./Core/Src/sysmem.o
                0x080015d4                _sbrk
 .text.SystemInit
                0x08001640       0x24 ./Core/Src/system_stm32f4xx.o
                0x08001640                SystemInit
 .text.MX_USART1_UART_Init
                0x08001664       0x54 ./Core/Src/usart.o
                0x08001664                MX_USART1_UART_Init
 .text.HAL_UART_MspInit
                0x080016b8       0x90 ./Core/Src/usart.o
                0x080016b8                HAL_UART_MspInit
 .text.Reset_Handler
                0x08001748       0x50 ./Core/Startup/startup_stm32f429zitx.o
                0x08001748                Reset_Handler
 .text.Default_Handler
                0x08001798        0x2 ./Core/Startup/startup_stm32f429zitx.o
                0x08001798                RTC_Alarm_IRQHandler
                0x08001798                HASH_RNG_IRQHandler
                0x08001798                EXTI2_IRQHandler
                0x08001798                TIM8_CC_IRQHandler
                0x08001798                UART8_IRQHandler
                0x08001798                SPI4_IRQHandler
                0x08001798                TIM1_CC_IRQHandler
                0x08001798                DMA2_Stream5_IRQHandler
                0x08001798                DMA1_Stream5_IRQHandler
                0x08001798                PVD_IRQHandler
                0x08001798                SDIO_IRQHandler
                0x08001798                TAMP_STAMP_IRQHandler
                0x08001798                CAN2_RX1_IRQHandler
                0x08001798                EXTI3_IRQHandler
                0x08001798                TIM8_TRG_COM_TIM14_IRQHandler
                0x08001798                TIM1_UP_TIM10_IRQHandler
                0x08001798                TIM8_UP_TIM13_IRQHandler
                0x08001798                I2C3_ER_IRQHandler
                0x08001798                EXTI0_IRQHandler
                0x08001798                I2C2_EV_IRQHandler
                0x08001798                DMA1_Stream2_IRQHandler
                0x08001798                CAN1_RX0_IRQHandler
                0x08001798                FPU_IRQHandler
                0x08001798                OTG_HS_WKUP_IRQHandler
                0x08001798                LTDC_ER_IRQHandler
                0x08001798                CAN2_SCE_IRQHandler
                0x08001798                DMA2_Stream2_IRQHandler
                0x08001798                SPI1_IRQHandler
                0x08001798                TIM6_DAC_IRQHandler
                0x08001798                TIM1_BRK_TIM9_IRQHandler
                0x08001798                DCMI_IRQHandler
                0x08001798                CAN2_RX0_IRQHandler
                0x08001798                DMA2_Stream3_IRQHandler
                0x08001798                USART6_IRQHandler
                0x08001798                USART3_IRQHandler
                0x08001798                CAN1_RX1_IRQHandler
                0x08001798                UART5_IRQHandler
                0x08001798                DMA2_Stream0_IRQHandler
                0x08001798                TIM4_IRQHandler
                0x08001798                I2C1_EV_IRQHandler
                0x08001798                DMA1_Stream6_IRQHandler
                0x08001798                DMA1_Stream1_IRQHandler
                0x08001798                UART4_IRQHandler
                0x08001798                TIM3_IRQHandler
                0x08001798                RCC_IRQHandler
                0x08001798                TIM8_BRK_TIM12_IRQHandler
                0x08001798                Default_Handler
                0x08001798                EXTI15_10_IRQHandler
                0x08001798                ADC_IRQHandler
                0x08001798                DMA1_Stream7_IRQHandler
                0x08001798                SPI5_IRQHandler
                0x08001798                TIM7_IRQHandler
                0x08001798                CAN2_TX_IRQHandler
                0x08001798                TIM5_IRQHandler
                0x08001798                DMA2_Stream7_IRQHandler
                0x08001798                I2C3_EV_IRQHandler
                0x08001798                EXTI9_5_IRQHandler
                0x08001798                RTC_WKUP_IRQHandler
                0x08001798                LTDC_IRQHandler
                0x08001798                ETH_WKUP_IRQHandler
                0x08001798                SPI2_IRQHandler
                0x08001798                OTG_HS_EP1_IN_IRQHandler
                0x08001798                DMA1_Stream0_IRQHandler
                0x08001798                CAN1_TX_IRQHandler
                0x08001798                EXTI4_IRQHandler
                0x08001798                ETH_IRQHandler
                0x08001798                OTG_HS_EP1_OUT_IRQHandler
                0x08001798                WWDG_IRQHandler
                0x08001798                SPI6_IRQHandler
                0x08001798                TIM2_IRQHandler
                0x08001798                OTG_FS_WKUP_IRQHandler
                0x08001798                TIM1_TRG_COM_TIM11_IRQHandler
                0x08001798                DMA2D_IRQHandler
                0x08001798                EXTI1_IRQHandler
                0x08001798                UART7_IRQHandler
                0x08001798                USART2_IRQHandler
                0x08001798                I2C2_ER_IRQHandler
                0x08001798                DMA2_Stream1_IRQHandler
                0x08001798                CAN1_SCE_IRQHandler
                0x08001798                FLASH_IRQHandler
                0x08001798                DMA2_Stream4_IRQHandler
                0x08001798                USART1_IRQHandler
                0x08001798                OTG_FS_IRQHandler
                0x08001798                SPI3_IRQHandler
                0x08001798                DMA1_Stream4_IRQHandler
                0x08001798                I2C1_ER_IRQHandler
                0x08001798                FMC_IRQHandler
                0x08001798                DMA2_Stream6_IRQHandler
                0x08001798                SAI1_IRQHandler
                0x08001798                DMA1_Stream3_IRQHandler
 *fill*         0x0800179a        0x2 
 .text.HAL_Init
                0x0800179c       0x44 ./Drivers/STM32F4xx_HAL_Driver/Src/stm32f4xx_hal.o
                0x0800179c                HAL_Init
 .text.HAL_InitTick
                0x080017e0       0x60 ./Drivers/STM32F4xx_HAL_Driver/Src/stm32f4xx_hal.o
                0x080017e0                HAL_InitTick
 .text.HAL_IncTick
                0x08001840       0x28 ./Drivers/STM32F4xx_HAL_Driver/Src/stm32f4xx_hal.o
                0x08001840                HAL_IncTick
 .text.HAL_GetTick
                0x08001868       0x18 ./Drivers/STM32F4xx_HAL_Driver/Src/stm32f4xx_hal.o
                0x08001868                HAL_GetTick
 .text.HAL_Delay
                0x08001880       0x48 ./Drivers/STM32F4xx_HAL_Driver/Src/stm32f4xx_hal.o
                0x08001880                HAL_Delay
 .text.__NVIC_SetPriorityGrouping
                0x080018c8       0x48 ./Drivers/STM32F4xx_HAL_Driver/Src/stm32f4xx_hal_cortex.o
 .text.__NVIC_GetPriorityGrouping
                0x08001910       0x1c ./Drivers/STM32F4xx_HAL_Driver/Src/stm32f4xx_hal_cortex.o
 .text.__NVIC_EnableIRQ
                0x0800192c       0x3c ./Drivers/STM32F4xx_HAL_Driver/Src/stm32f4xx_hal_cortex.o
 .text.__NVIC_SetPriority
                0x08001968       0x54 ./Drivers/STM32F4xx_HAL_Driver/Src/stm32f4xx_hal_cortex.o
 .text.NVIC_EncodePriority
                0x080019bc       0x66 ./Drivers/STM32F4xx_HAL_Driver/Src/stm32f4xx_hal_cortex.o
 *fill*         0x08001a22        0x2 
 .text.SysTick_Config
                0x08001a24       0x44 ./Drivers/STM32F4xx_HAL_Driver/Src/stm32f4xx_hal_cortex.o
 .text.HAL_NVIC_SetPriorityGrouping
                0x08001a68       0x16 ./Drivers/STM32F4xx_HAL_Driver/Src/stm32f4xx_hal_cortex.o
                0x08001a68                HAL_NVIC_SetPriorityGrouping
 .text.HAL_NVIC_SetPriority
                0x08001a7e       0x38 ./Drivers/STM32F4xx_HAL_Driver/Src/stm32f4xx_hal_cortex.o
                0x08001a7e                HAL_NVIC_SetPriority
 .text.HAL_NVIC_EnableIRQ
                0x08001ab6       0x1c ./Drivers/STM32F4xx_HAL_Driver/Src/stm32f4xx_hal_cortex.o
                0x08001ab6                HAL_NVIC_EnableIRQ
 .text.HAL_SYSTICK_Config
                0x08001ad2       0x18 ./Drivers/STM32F4xx_HAL_Driver/Src/stm32f4xx_hal_cortex.o
                0x08001ad2                HAL_SYSTICK_Config
 *fill*         0x08001aea        0x2 
 .text.HAL_GPIO_Init
                0x08001aec      0x358 ./Drivers/STM32F4xx_HAL_Driver/Src/stm32f4xx_hal_gpio.o
                0x08001aec                HAL_GPIO_Init
 .text.HAL_GPIO_ReadPin
                0x08001e44       0x30 ./Drivers/STM32F4xx_HAL_Driver/Src/stm32f4xx_hal_gpio.o
                0x08001e44                HAL_GPIO_ReadPin
 .text.HAL_LTDC_Init
                0x08001e74      0x1a0 ./Drivers/STM32F4xx_HAL_Driver/Src/stm32f4xx_hal_ltdc.o
                0x08001e74                HAL_LTDC_Init
 .text.HAL_LTDC_ConfigLayer
                0x08002014       0x7c ./Drivers/STM32F4xx_HAL_Driver/Src/stm32f4xx_hal_ltdc.o
                0x08002014                HAL_LTDC_ConfigLayer
 .text.LTDC_SetConfig
                0x08002090      0x32e ./Drivers/STM32F4xx_HAL_Driver/Src/stm32f4xx_hal_ltdc.o
 .text.HAL_PCD_Init
                0x080023be      0x21e ./Drivers/STM32F4xx_HAL_Driver/Src/stm32f4xx_hal_pcd.o
                0x080023be                HAL_PCD_Init
 .text.HAL_PCD_Start
                0x080025dc       0x6a ./Drivers/STM32F4xx_HAL_Driver/Src/stm32f4xx_hal_pcd.o
                0x080025dc                HAL_PCD_Start
 .text.HAL_PCD_IRQHandler
                0x08002646      0x942 ./Drivers/STM32F4xx_HAL_Driver/Src/stm32f4xx_hal_pcd.o
                0x08002646                HAL_PCD_IRQHandler
 .text.HAL_PCD_SetAddress
                0x08002f88       0x48 ./Drivers/STM32F4xx_HAL_Driver/Src/stm32f4xx_hal_pcd.o
                0x08002f88                HAL_PCD_SetAddress
 .text.HAL_PCD_EP_Open
                0x08002fd0       0xd4 ./Drivers/STM32F4xx_HAL_Driver/Src/stm32f4xx_hal_pcd.o
                0x08002fd0                HAL_PCD_EP_Open
 .text.HAL_PCD_EP_Close
                0x080030a4       0x94 ./Drivers/STM32F4xx_HAL_Driver/Src/stm32f4xx_hal_pcd.o
                0x080030a4                HAL_PCD_EP_Close
 .text.HAL_PCD_EP_Receive
                0x08003138       0x76 ./Drivers/STM32F4xx_HAL_Driver/Src/stm32f4xx_hal_pcd.o
                0x08003138                HAL_PCD_EP_Receive
 .text.HAL_PCD_EP_GetRxCount
                0x080031ae       0x30 ./Drivers/STM32F4xx_HAL_Driver/Src/stm32f4xx_hal_pcd.o
                0x080031ae                HAL_PCD_EP_GetRxCount
 .text.HAL_PCD_EP_Transmit
                0x080031de       0x74 ./Drivers/STM32F4xx_HAL_Driver/Src/stm32f4xx_hal_pcd.o
                0x080031de                HAL_PCD_EP_Transmit
 .text.HAL_PCD_EP_SetStall
                0x08003252       0xc6 ./Drivers/STM32F4xx_HAL_Driver/Src/stm32f4xx_hal_pcd.o
                0x08003252                HAL_PCD_EP_SetStall
 .text.HAL_PCD_EP_ClrStall
                0x08003318       0xac ./Drivers/STM32F4xx_HAL_Driver/Src/stm32f4xx_hal_pcd.o
                0x08003318                HAL_PCD_EP_ClrStall
 .text.HAL_PCD_EP_Abort
                0x080033c4       0x62 ./Drivers/STM32F4xx_HAL_Driver/Src/stm32f4xx_hal_pcd.o
                0x080033c4                HAL_PCD_EP_Abort
 .text.HAL_PCD_EP_Flush
                0x08003426       0x5a ./Drivers/STM32F4xx_HAL_Driver/Src/stm32f4xx_hal_pcd.o
                0x08003426                HAL_PCD_EP_Flush
 .text.PCD_WriteEmptyTxFifo
                0x08003480      0x118 ./Drivers/STM32F4xx_HAL_Driver/Src/stm32f4xx_hal_pcd.o
 .text.PCD_EP_OutXfrComplete_int
                0x08003598      0x1d0 ./Drivers/STM32F4xx_HAL_Driver/Src/stm32f4xx_hal_pcd.o
 .text.PCD_EP_OutSetupPacket_int
                0x08003768       0x8c ./Drivers/STM32F4xx_HAL_Driver/Src/stm32f4xx_hal_pcd.o
 .text.HAL_PCDEx_SetTxFiFo
                0x080037f4       0x8e ./Drivers/STM32F4xx_HAL_Driver/Src/stm32f4xx_hal_pcd_ex.o
                0x080037f4                HAL_PCDEx_SetTxFiFo
 .text.HAL_PCDEx_SetRxFiFo
                0x08003882       0x22 ./Drivers/STM32F4xx_HAL_Driver/Src/stm32f4xx_hal_pcd_ex.o
                0x08003882                HAL_PCDEx_SetRxFiFo
 .text.HAL_PCDEx_LPM_Callback
                0x080038a4       0x18 ./Drivers/STM32F4xx_HAL_Driver/Src/stm32f4xx_hal_pcd_ex.o
                0x080038a4                HAL_PCDEx_LPM_Callback
 .text.HAL_RCC_OscConfig
                0x080038bc      0x4f0 ./Drivers/STM32F4xx_HAL_Driver/Src/stm32f4xx_hal_rcc.o
                0x080038bc                HAL_RCC_OscConfig
 .text.HAL_RCC_ClockConfig
                0x08003dac      0x1cc ./Drivers/STM32F4xx_HAL_Driver/Src/stm32f4xx_hal_rcc.o
                0x08003dac                HAL_RCC_ClockConfig
 .text.HAL_RCC_GetSysClockFreq
                0x08003f78      0x20c ./Drivers/STM32F4xx_HAL_Driver/Src/stm32f4xx_hal_rcc.o
                0x08003f78                HAL_RCC_GetSysClockFreq
 .text.HAL_RCC_GetHCLKFreq
                0x08004184       0x18 ./Drivers/STM32F4xx_HAL_Driver/Src/stm32f4xx_hal_rcc.o
                0x08004184                HAL_RCC_GetHCLKFreq
 .text.HAL_RCC_GetPCLK1Freq
                0x0800419c       0x28 ./Drivers/STM32F4xx_HAL_Driver/Src/stm32f4xx_hal_rcc.o
                0x0800419c                HAL_RCC_GetPCLK1Freq
 .text.HAL_RCC_GetPCLK2Freq
                0x080041c4       0x28 ./Drivers/STM32F4xx_HAL_Driver/Src/stm32f4xx_hal_rcc.o
                0x080041c4                HAL_RCC_GetPCLK2Freq
 .text.HAL_RCCEx_PeriphCLKConfig
                0x080041ec      0x380 ./Drivers/STM32F4xx_HAL_Driver/Src/stm32f4xx_hal_rcc_ex.o
                0x080041ec                HAL_RCCEx_PeriphCLKConfig
 .text.HAL_SD_Init
                0x0800456c       0x60 ./Drivers/STM32F4xx_HAL_Driver/Src/stm32f4xx_hal_sd.o
                0x0800456c                HAL_SD_Init
 .text.HAL_SD_InitCard
                0x080045cc      0x100 ./Drivers/STM32F4xx_HAL_Driver/Src/stm32f4xx_hal_sd.o
                0x080045cc                HAL_SD_InitCard
 .text.HAL_SD_ReadBlocks
                0x080046cc      0x3cc ./Drivers/STM32F4xx_HAL_Driver/Src/stm32f4xx_hal_sd.o
                0x080046cc                HAL_SD_ReadBlocks
 .text.HAL_SD_WriteBlocks
                0x08004a98      0x31c ./Drivers/STM32F4xx_HAL_Driver/Src/stm32f4xx_hal_sd.o
                0x08004a98                HAL_SD_WriteBlocks
 .text.HAL_SD_GetCardCSD
                0x08004db4      0x348 ./Drivers/STM32F4xx_HAL_Driver/Src/stm32f4xx_hal_sd.o
                0x08004db4                HAL_SD_GetCardCSD
 .text.HAL_SD_GetCardInfo
                0x080050fc       0x58 ./Drivers/STM32F4xx_HAL_Driver/Src/stm32f4xx_hal_sd.o
                0x080050fc                HAL_SD_GetCardInfo
 .text.HAL_SD_GetCardState
                0x08005154       0x40 ./Drivers/STM32F4xx_HAL_Driver/Src/stm32f4xx_hal_sd.o
                0x08005154                HAL_SD_GetCardState
 .text.SD_InitCard
                0x08005194      0x19c ./Drivers/STM32F4xx_HAL_Driver/Src/stm32f4xx_hal_sd.o
 .text.SD_PowerON
                0x08005330      0x11c ./Drivers/STM32F4xx_HAL_Driver/Src/stm32f4xx_hal_sd.o
 .text.SD_SendStatus
                0x0800544c       0x50 ./Drivers/STM32F4xx_HAL_Driver/Src/stm32f4xx_hal_sd.o
 .text.HAL_UART_Init
                0x0800549c       0xa0 ./Drivers/STM32F4xx_HAL_Driver/Src/stm32f4xx_hal_uart.o
                0x0800549c                HAL_UART_Init
 .text.HAL_UART_Transmit
                0x0800553c      0x116 ./Drivers/STM32F4xx_HAL_Driver/Src/stm32f4xx_hal_uart.o
                0x0800553c                HAL_UART_Transmit
 .text.UART_WaitOnFlagUntilTimeout
                0x08005652       0xb2 ./Drivers/STM32F4xx_HAL_Driver/Src/stm32f4xx_hal_uart.o
 .text.UART_EndRxTransfer
                0x08005704       0xc6 ./Drivers/STM32F4xx_HAL_Driver/Src/stm32f4xx_hal_uart.o
 *fill*         0x080057ca        0x2 
 .text.UART_SetConfig
                0x080057cc      0x4e8 ./Drivers/STM32F4xx_HAL_Driver/Src/stm32f4xx_hal_uart.o
 .text.SDIO_Init
                0x08005cb4       0x56 ./Drivers/STM32F4xx_HAL_Driver/Src/stm32f4xx_ll_sdmmc.o
                0x08005cb4                SDIO_Init
 .text.SDIO_ReadFIFO
                0x08005d0a       0x1a ./Drivers/STM32F4xx_HAL_Driver/Src/stm32f4xx_ll_sdmmc.o
                0x08005d0a                SDIO_ReadFIFO
 .text.SDIO_WriteFIFO
                0x08005d24       0x22 ./Drivers/STM32F4xx_HAL_Driver/Src/stm32f4xx_ll_sdmmc.o
                0x08005d24                SDIO_WriteFIFO
 .text.SDIO_PowerState_ON
                0x08005d46       0x1c ./Drivers/STM32F4xx_HAL_Driver/Src/stm32f4xx_ll_sdmmc.o
                0x08005d46                SDIO_PowerState_ON
 .text.SDIO_GetPowerState
                0x08005d62       0x1c ./Drivers/STM32F4xx_HAL_Driver/Src/stm32f4xx_ll_sdmmc.o
                0x08005d62                SDIO_GetPowerState
 .text.SDIO_SendCommand
                0x08005d7e       0x54 ./Drivers/STM32F4xx_HAL_Driver/Src/stm32f4xx_ll_sdmmc.o
                0x08005d7e                SDIO_SendCommand
 .text.SDIO_GetCommandResponse
                0x08005dd2       0x1a ./Drivers/STM32F4xx_HAL_Driver/Src/stm32f4xx_ll_sdmmc.o
                0x08005dd2                SDIO_GetCommandResponse
 .text.SDIO_GetResponse
                0x08005dec       0x26 ./Drivers/STM32F4xx_HAL_Driver/Src/stm32f4xx_ll_sdmmc.o
                0x08005dec                SDIO_GetResponse
 .text.SDIO_ConfigData
                0x08005e12       0x58 ./Drivers/STM32F4xx_HAL_Driver/Src/stm32f4xx_ll_sdmmc.o
                0x08005e12                SDIO_ConfigData
 .text.SDMMC_CmdBlockLength
                0x08005e6a       0x44 ./Drivers/STM32F4xx_HAL_Driver/Src/stm32f4xx_ll_sdmmc.o
                0x08005e6a                SDMMC_CmdBlockLength
 .text.SDMMC_CmdReadSingleBlock
                0x08005eae       0x44 ./Drivers/STM32F4xx_HAL_Driver/Src/stm32f4xx_ll_sdmmc.o
                0x08005eae                SDMMC_CmdReadSingleBlock
 .text.SDMMC_CmdReadMultiBlock
                0x08005ef2       0x44 ./Drivers/STM32F4xx_HAL_Driver/Src/stm32f4xx_ll_sdmmc.o
                0x08005ef2                SDMMC_CmdReadMultiBlock
 .text.SDMMC_CmdWriteSingleBlock
                0x08005f36       0x44 ./Drivers/STM32F4xx_HAL_Driver/Src/stm32f4xx_ll_sdmmc.o
                0x08005f36                SDMMC_CmdWriteSingleBlock
 .text.SDMMC_CmdWriteMultiBlock
                0x08005f7a       0x44 ./Drivers/STM32F4xx_HAL_Driver/Src/stm32f4xx_ll_sdmmc.o
                0x08005f7a                SDMMC_CmdWriteMultiBlock
 *fill*         0x08005fbe        0x2 
 .text.SDMMC_CmdStopTransfer
                0x08005fc0       0x44 ./Drivers/STM32F4xx_HAL_Driver/Src/stm32f4xx_ll_sdmmc.o
                0x08005fc0                SDMMC_CmdStopTransfer
 .text.SDMMC_CmdSelDesel
                0x08006004       0x46 ./Drivers/STM32F4xx_HAL_Driver/Src/stm32f4xx_ll_sdmmc.o
                0x08006004                SDMMC_CmdSelDesel
 .text.SDMMC_CmdGoIdleState
                0x0800604a       0x3c ./Drivers/STM32F4xx_HAL_Driver/Src/stm32f4xx_ll_sdmmc.o
                0x0800604a                SDMMC_CmdGoIdleState
 .text.SDMMC_CmdOperCond
                0x08006086       0x3e ./Drivers/STM32F4xx_HAL_Driver/Src/stm32f4xx_ll_sdmmc.o
                0x08006086                SDMMC_CmdOperCond
 .text.SDMMC_CmdAppCommand
                0x080060c4       0x44 ./Drivers/STM32F4xx_HAL_Driver/Src/stm32f4xx_ll_sdmmc.o
                0x080060c4                SDMMC_CmdAppCommand
 .text.SDMMC_CmdAppOperCommand
                0x08006108       0x46 ./Drivers/STM32F4xx_HAL_Driver/Src/stm32f4xx_ll_sdmmc.o
                0x08006108                SDMMC_CmdAppOperCommand
 .text.SDMMC_CmdSendCID
                0x0800614e       0x3c ./Drivers/STM32F4xx_HAL_Driver/Src/stm32f4xx_ll_sdmmc.o
                0x0800614e                SDMMC_CmdSendCID
 .text.SDMMC_CmdSendCSD
                0x0800618a       0x3e ./Drivers/STM32F4xx_HAL_Driver/Src/stm32f4xx_ll_sdmmc.o
                0x0800618a                SDMMC_CmdSendCSD
 .text.SDMMC_CmdSetRelAdd
                0x080061c8       0x42 ./Drivers/STM32F4xx_HAL_Driver/Src/stm32f4xx_ll_sdmmc.o
                0x080061c8                SDMMC_CmdSetRelAdd
 .text.SDMMC_CmdSendStatus
                0x0800620a       0x44 ./Drivers/STM32F4xx_HAL_Driver/Src/stm32f4xx_ll_sdmmc.o
                0x0800620a                SDMMC_CmdSendStatus
 *fill*         0x0800624e        0x2 
 .text.SDMMC_GetCmdResp1
                0x08006250      0x1dc ./Drivers/STM32F4xx_HAL_Driver/Src/stm32f4xx_ll_sdmmc.o
                0x08006250                SDMMC_GetCmdResp1
 .text.SDMMC_GetCmdResp2
                0x0800642c       0x90 ./Drivers/STM32F4xx_HAL_Driver/Src/stm32f4xx_ll_sdmmc.o
                0x0800642c                SDMMC_GetCmdResp2
 .text.SDMMC_GetCmdResp3
                0x080064bc       0x7c ./Drivers/STM32F4xx_HAL_Driver/Src/stm32f4xx_ll_sdmmc.o
                0x080064bc                SDMMC_GetCmdResp3
 .text.SDMMC_GetCmdResp6
                0x08006538       0xec ./Drivers/STM32F4xx_HAL_Driver/Src/stm32f4xx_ll_sdmmc.o
                0x08006538                SDMMC_GetCmdResp6
 .text.SDMMC_GetCmdResp7
                0x08006624       0x9c ./Drivers/STM32F4xx_HAL_Driver/Src/stm32f4xx_ll_sdmmc.o
                0x08006624                SDMMC_GetCmdResp7
 .text.SDMMC_GetCmdError
                0x080066c0       0x58 ./Drivers/STM32F4xx_HAL_Driver/Src/stm32f4xx_ll_sdmmc.o
 .text.USB_CoreInit
                0x08006718       0xc8 ./Drivers/STM32F4xx_HAL_Driver/Src/stm32f4xx_ll_usb.o
                0x08006718                USB_CoreInit
 .text.USB_SetTurnaroundTime
                0x080067e0      0x144 ./Drivers/STM32F4xx_HAL_Driver/Src/stm32f4xx_ll_usb.o
                0x080067e0                USB_SetTurnaroundTime
 .text.USB_EnableGlobalInt
                0x08006924       0x22 ./Drivers/STM32F4xx_HAL_Driver/Src/stm32f4xx_ll_usb.o
                0x08006924                USB_EnableGlobalInt
 .text.USB_DisableGlobalInt
                0x08006946       0x22 ./Drivers/STM32F4xx_HAL_Driver/Src/stm32f4xx_ll_usb.o
                0x08006946                USB_DisableGlobalInt
 .text.USB_SetCurrentMode
                0x08006968       0x98 ./Drivers/STM32F4xx_HAL_Driver/Src/stm32f4xx_ll_usb.o
                0x08006968                USB_SetCurrentMode
 .text.USB_DevInit
                0x08006a00      0x2c8 ./Drivers/STM32F4xx_HAL_Driver/Src/stm32f4xx_ll_usb.o
                0x08006a00                USB_DevInit
 .text.USB_FlushTxFifo
                0x08006cc8       0x64 ./Drivers/STM32F4xx_HAL_Driver/Src/stm32f4xx_ll_usb.o
                0x08006cc8                USB_FlushTxFifo
 .text.USB_FlushRxFifo
                0x08006d2c       0x5c ./Drivers/STM32F4xx_HAL_Driver/Src/stm32f4xx_ll_usb.o
                0x08006d2c                USB_FlushRxFifo
 .text.USB_SetDevSpeed
                0x08006d88       0x32 ./Drivers/STM32F4xx_HAL_Driver/Src/stm32f4xx_ll_usb.o
                0x08006d88                USB_SetDevSpeed
 .text.USB_GetDevSpeed
                0x08006dba       0x4a ./Drivers/STM32F4xx_HAL_Driver/Src/stm32f4xx_ll_usb.o
                0x08006dba                USB_GetDevSpeed
 .text.USB_ActivateEndpoint
                0x08006e04      0x10e ./Drivers/STM32F4xx_HAL_Driver/Src/stm32f4xx_ll_usb.o
                0x08006e04                USB_ActivateEndpoint
 *fill*         0x08006f12        0x2 
 .text.USB_DeactivateEndpoint
                0x08006f14      0x1b8 ./Drivers/STM32F4xx_HAL_Driver/Src/stm32f4xx_ll_usb.o
                0x08006f14                USB_DeactivateEndpoint
 .text.USB_EPStartXfer
                0x080070cc      0x53c ./Drivers/STM32F4xx_HAL_Driver/Src/stm32f4xx_ll_usb.o
                0x080070cc                USB_EPStartXfer
 .text.USB_EPStopXfer
                0x08007608      0x154 ./Drivers/STM32F4xx_HAL_Driver/Src/stm32f4xx_ll_usb.o
                0x08007608                USB_EPStopXfer
 .text.USB_WritePacket
                0x0800775c       0x7c ./Drivers/STM32F4xx_HAL_Driver/Src/stm32f4xx_ll_usb.o
                0x0800775c                USB_WritePacket
 .text.USB_ReadPacket
                0x080077d8       0xb0 ./Drivers/STM32F4xx_HAL_Driver/Src/stm32f4xx_ll_usb.o
                0x080077d8                USB_ReadPacket
 .text.USB_EPSetStall
                0x08007888       0xdc ./Drivers/STM32F4xx_HAL_Driver/Src/stm32f4xx_ll_usb.o
                0x08007888                USB_EPSetStall
 .text.USB_EPClearStall
                0x08007964       0xcc ./Drivers/STM32F4xx_HAL_Driver/Src/stm32f4xx_ll_usb.o
                0x08007964                USB_EPClearStall
 .text.USB_SetDevAddress
                0x08007a30       0x4c ./Drivers/STM32F4xx_HAL_Driver/Src/stm32f4xx_ll_usb.o
                0x08007a30                USB_SetDevAddress
 .text.USB_DevConnect
                0x08007a7c       0x42 ./Drivers/STM32F4xx_HAL_Driver/Src/stm32f4xx_ll_usb.o
                0x08007a7c                USB_DevConnect
 .text.USB_DevDisconnect
                0x08007abe       0x42 ./Drivers/STM32F4xx_HAL_Driver/Src/stm32f4xx_ll_usb.o
                0x08007abe                USB_DevDisconnect
 .text.USB_ReadInterrupts
                0x08007b00       0x26 ./Drivers/STM32F4xx_HAL_Driver/Src/stm32f4xx_ll_usb.o
                0x08007b00                USB_ReadInterrupts
 .text.USB_ReadDevAllOutEpInterrupt
                0x08007b26       0x34 ./Drivers/STM32F4xx_HAL_Driver/Src/stm32f4xx_ll_usb.o
                0x08007b26                USB_ReadDevAllOutEpInterrupt
 .text.USB_ReadDevAllInEpInterrupt
                0x08007b5a       0x34 ./Drivers/STM32F4xx_HAL_Driver/Src/stm32f4xx_ll_usb.o
                0x08007b5a                USB_ReadDevAllInEpInterrupt
 .text.USB_ReadDevOutEPInterrupt
                0x08007b8e       0x3c ./Drivers/STM32F4xx_HAL_Driver/Src/stm32f4xx_ll_usb.o
                0x08007b8e                USB_ReadDevOutEPInterrupt
 .text.USB_ReadDevInEPInterrupt
                0x08007bca       0x5c ./Drivers/STM32F4xx_HAL_Driver/Src/stm32f4xx_ll_usb.o
                0x08007bca                USB_ReadDevInEPInterrupt
 .text.USB_GetMode
                0x08007c26       0x1c ./Drivers/STM32F4xx_HAL_Driver/Src/stm32f4xx_ll_usb.o
                0x08007c26                USB_GetMode
 .text.USB_ActivateSetup
                0x08007c42       0x46 ./Drivers/STM32F4xx_HAL_Driver/Src/stm32f4xx_ll_usb.o
                0x08007c42                USB_ActivateSetup
 .text.USB_EP0_OutStart
                0x08007c88       0xbc ./Drivers/STM32F4xx_HAL_Driver/Src/stm32f4xx_ll_usb.o
                0x08007c88                USB_EP0_OutStart
 .text.USB_CoreReset
                0x08007d44       0x62 ./Drivers/STM32F4xx_HAL_Driver/Src/stm32f4xx_ll_usb.o
 *fill*         0x08007da6        0x2 
 .text.MX_FATFS_Init
                0x08007da8       0x24 ./FATFS/App/fatfs.o
                0x08007da8                MX_FATFS_Init
 .text.BSP_SD_Init
                0x08007dcc       0x30 ./FATFS/Target/bsp_driver_sd.o
                0x08007dcc                BSP_SD_Init
 .text.BSP_SD_ReadBlocks
                0x08007dfc       0x3c ./FATFS/Target/bsp_driver_sd.o
                0x08007dfc                BSP_SD_ReadBlocks
 .text.BSP_SD_WriteBlocks
                0x08007e38       0x3c ./FATFS/Target/bsp_driver_sd.o
                0x08007e38                BSP_SD_WriteBlocks
 .text.BSP_SD_GetCardState
                0x08007e74       0x20 ./FATFS/Target/bsp_driver_sd.o
                0x08007e74                BSP_SD_GetCardState
 .text.BSP_SD_GetCardInfo
                0x08007e94       0x1c ./FATFS/Target/bsp_driver_sd.o
                0x08007e94                BSP_SD_GetCardInfo
 .text.BSP_SD_IsDetected
                0x08007eb0       0x24 ./FATFS/Target/bsp_driver_sd.o
                0x08007eb0                BSP_SD_IsDetected
 .text.BSP_PlatformIsDetected
                0x08007ed4       0x2c ./FATFS/Target/fatfs_platform.o
                0x08007ed4                BSP_PlatformIsDetected
 .text.SD_CheckStatus
                0x08007f00       0x3c ./FATFS/Target/sd_diskio.o
 .text.SD_initialize
                0x08007f3c       0x3c ./FATFS/Target/sd_diskio.o
                0x08007f3c                SD_initialize
 .text.SD_status
                0x08007f78       0x1c ./FATFS/Target/sd_diskio.o
                0x08007f78                SD_status
 .text.SD_read  0x08007f94       0x42 ./FATFS/Target/sd_diskio.o
                0x08007f94                SD_read
 .text.SD_write
                0x08007fd6       0x42 ./FATFS/Target/sd_diskio.o
                0x08007fd6                SD_write
 .text.SD_ioctl
                0x08008018       0xb0 ./FATFS/Target/sd_diskio.o
                0x08008018                SD_ioctl
 .text.USBD_MSC_Init
                0x080080c8      0x120 ./Middlewares/ST/STM32_USB_Device_Library/Class/MSC/Src/usbd_msc.o
                0x080080c8                USBD_MSC_Init
 .text.USBD_MSC_DeInit
                0x080081e8       0xb0 ./Middlewares/ST/STM32_USB_Device_Library/Class/MSC/Src/usbd_msc.o
                0x080081e8                USBD_MSC_DeInit
 .text.USBD_MSC_Setup
                0x08008298      0x1f8 ./Middlewares/ST/STM32_USB_Device_Library/Class/MSC/Src/usbd_msc.o
                0x08008298                USBD_MSC_Setup
 .text.USBD_MSC_DataIn
                0x08008490       0x20 ./Middlewares/ST/STM32_USB_Device_Library/Class/MSC/Src/usbd_msc.o
                0x08008490                USBD_MSC_DataIn
 .text.USBD_MSC_DataOut
                0x080084b0       0x20 ./Middlewares/ST/STM32_USB_Device_Library/Class/MSC/Src/usbd_msc.o
                0x080084b0                USBD_MSC_DataOut
 .text.USBD_MSC_GetHSCfgDesc
                0x080084d0       0x58 ./Middlewares/ST/STM32_USB_Device_Library/Class/MSC/Src/usbd_msc.o
                0x080084d0                USBD_MSC_GetHSCfgDesc
 .text.USBD_MSC_GetFSCfgDesc
                0x08008528       0x58 ./Middlewares/ST/STM32_USB_Device_Library/Class/MSC/Src/usbd_msc.o
                0x08008528                USBD_MSC_GetFSCfgDesc
 .text.USBD_MSC_GetOtherSpeedCfgDesc
                0x08008580       0x58 ./Middlewares/ST/STM32_USB_Device_Library/Class/MSC/Src/usbd_msc.o
                0x08008580                USBD_MSC_GetOtherSpeedCfgDesc
 .text.USBD_MSC_GetDeviceQualifierDescriptor
                0x080085d8       0x20 ./Middlewares/ST/STM32_USB_Device_Library/Class/MSC/Src/usbd_msc.o
                0x080085d8                USBD_MSC_GetDeviceQualifierDescriptor
 .text.USBD_MSC_RegisterStorage
                0x080085f8       0x34 ./Middlewares/ST/STM32_USB_Device_Library/Class/MSC/Src/usbd_msc.o
                0x080085f8                USBD_MSC_RegisterStorage
 .text.MSC_BOT_Init
                0x0800862c       0x94 ./Middlewares/ST/STM32_USB_Device_Library/Class/MSC/Src/usbd_msc_bot.o
                0x0800862c                MSC_BOT_Init
 .text.MSC_BOT_Reset
                0x080086c0       0x68 ./Middlewares/ST/STM32_USB_Device_Library/Class/MSC/Src/usbd_msc_bot.o
                0x080086c0                MSC_BOT_Reset
 .text.MSC_BOT_DeInit
                0x08008728       0x30 ./Middlewares/ST/STM32_USB_Device_Library/Class/MSC/Src/usbd_msc_bot.o
                0x08008728                MSC_BOT_DeInit
 .text.MSC_BOT_DataIn
                0x08008758       0x74 ./Middlewares/ST/STM32_USB_Device_Library/Class/MSC/Src/usbd_msc_bot.o
                0x08008758                MSC_BOT_DataIn
 .text.MSC_BOT_DataOut
                0x080087cc       0x68 ./Middlewares/ST/STM32_USB_Device_Library/Class/MSC/Src/usbd_msc_bot.o
                0x080087cc                MSC_BOT_DataOut
 .text.MSC_BOT_CBW_Decode
                0x08008834      0x128 ./Middlewares/ST/STM32_USB_Device_Library/Class/MSC/Src/usbd_msc_bot.o
 .text.MSC_BOT_SendData
                0x0800895c       0x6c ./Middlewares/ST/STM32_USB_Device_Library/Class/MSC/Src/usbd_msc_bot.o
 .text.MSC_BOT_SendCSW
                0x080089c8       0x74 ./Middlewares/ST/STM32_USB_Device_Library/Class/MSC/Src/usbd_msc_bot.o
                0x080089c8                MSC_BOT_SendCSW
 .text.MSC_BOT_Abort
                0x08008a3c       0x84 ./Middlewares/ST/STM32_USB_Device_Library/Class/MSC/Src/usbd_msc_bot.o
 .text.MSC_BOT_CplClrFeature
                0x08008ac0       0x74 ./Middlewares/ST/STM32_USB_Device_Library/Class/MSC/Src/usbd_msc_bot.o
                0x08008ac0                MSC_BOT_CplClrFeature
 .text.SCSI_ProcessCmd
                0x08008b34      0x304 ./Middlewares/ST/STM32_USB_Device_Library/Class/MSC/Src/usbd_msc_scsi.o
                0x08008b34                SCSI_ProcessCmd
 .text.SCSI_TestUnitReady
                0x08008e38       0xb2 ./Middlewares/ST/STM32_USB_Device_Library/Class/MSC/Src/usbd_msc_scsi.o
 *fill*         0x08008eea        0x2 
 .text.SCSI_Inquiry
                0x08008eec       0xf8 ./Middlewares/ST/STM32_USB_Device_Library/Class/MSC/Src/usbd_msc_scsi.o
 .text.SCSI_ReadCapacity10
                0x08008fe4       0xfc ./Middlewares/ST/STM32_USB_Device_Library/Class/MSC/Src/usbd_msc_scsi.o
 .text.SCSI_ReadCapacity16
                0x080090e0      0x168 ./Middlewares/ST/STM32_USB_Device_Library/Class/MSC/Src/usbd_msc_scsi.o
 .text.SCSI_ReadFormatCapacity
                0x08009248       0xf6 ./Middlewares/ST/STM32_USB_Device_Library/Class/MSC/Src/usbd_msc_scsi.o
 *fill*         0x0800933e        0x2 
 .text.SCSI_ModeSense6
                0x08009340       0x8c ./Middlewares/ST/STM32_USB_Device_Library/Class/MSC/Src/usbd_msc_scsi.o
 .text.SCSI_ModeSense10
                0x080093cc       0x8c ./Middlewares/ST/STM32_USB_Device_Library/Class/MSC/Src/usbd_msc_scsi.o
 .text.SCSI_RequestSense
                0x08009458      0x106 ./Middlewares/ST/STM32_USB_Device_Library/Class/MSC/Src/usbd_msc_scsi.o
 .text.SCSI_SenseCode
                0x0800955e       0x96 ./Middlewares/ST/STM32_USB_Device_Library/Class/MSC/Src/usbd_msc_scsi.o
                0x0800955e                SCSI_SenseCode
 .text.SCSI_StartStopUnit
                0x080095f4       0xaa ./Middlewares/ST/STM32_USB_Device_Library/Class/MSC/Src/usbd_msc_scsi.o
 .text.SCSI_AllowPreventRemovable
                0x0800969e       0x5a ./Middlewares/ST/STM32_USB_Device_Library/Class/MSC/Src/usbd_msc_scsi.o
 .text.SCSI_Read10
                0x080096f8      0x154 ./Middlewares/ST/STM32_USB_Device_Library/Class/MSC/Src/usbd_msc_scsi.o
 .text.SCSI_Read12
                0x0800984c      0x168 ./Middlewares/ST/STM32_USB_Device_Library/Class/MSC/Src/usbd_msc_scsi.o
 .text.SCSI_Write10
                0x080099b4      0x1ac ./Middlewares/ST/STM32_USB_Device_Library/Class/MSC/Src/usbd_msc_scsi.o
 .text.SCSI_Write12
                0x08009b60      0x1cc ./Middlewares/ST/STM32_USB_Device_Library/Class/MSC/Src/usbd_msc_scsi.o
 .text.SCSI_Verify10
                0x08009d2c       0x7a ./Middlewares/ST/STM32_USB_Device_Library/Class/MSC/Src/usbd_msc_scsi.o
 .text.SCSI_CheckAddressRange
                0x08009da6       0x58 ./Middlewares/ST/STM32_USB_Device_Library/Class/MSC/Src/usbd_msc_scsi.o
 *fill*         0x08009dfe        0x2 
 .text.SCSI_ProcessRead
                0x08009e00      0x10c ./Middlewares/ST/STM32_USB_Device_Library/Class/MSC/Src/usbd_msc_scsi.o
 .text.SCSI_ProcessWrite
                0x08009f0c      0x12c ./Middlewares/ST/STM32_USB_Device_Library/Class/MSC/Src/usbd_msc_scsi.o
 .text.SCSI_UpdateBotData
                0x0800a038       0x52 ./Middlewares/ST/STM32_USB_Device_Library/Class/MSC/Src/usbd_msc_scsi.o
 .text.USBD_Init
                0x0800a08a       0x60 ./Middlewares/ST/STM32_USB_Device_Library/Core/Src/usbd_core.o
                0x0800a08a                USBD_Init
 .text.USBD_RegisterClass
                0x0800a0ea       0x6c ./Middlewares/ST/STM32_USB_Device_Library/Core/Src/usbd_core.o
                0x0800a0ea                USBD_RegisterClass
 .text.USBD_Start
                0x0800a156       0x18 ./Middlewares/ST/STM32_USB_Device_Library/Core/Src/usbd_core.o
                0x0800a156                USBD_Start
 .text.USBD_RunTestMode
                0x0800a16e       0x16 ./Middlewares/ST/STM32_USB_Device_Library/Core/Src/usbd_core.o
                0x0800a16e                USBD_RunTestMode
 .text.USBD_SetClassConfig
                0x0800a184       0x38 ./Middlewares/ST/STM32_USB_Device_Library/Core/Src/usbd_core.o
                0x0800a184                USBD_SetClassConfig
 .text.USBD_ClrClassConfig
                0x0800a1bc       0x34 ./Middlewares/ST/STM32_USB_Device_Library/Core/Src/usbd_core.o
                0x0800a1bc                USBD_ClrClassConfig
 .text.USBD_LL_SetupStage
                0x0800a1f0       0xaa ./Middlewares/ST/STM32_USB_Device_Library/Core/Src/usbd_core.o
                0x0800a1f0                USBD_LL_SetupStage
 .text.USBD_LL_DataOutStage
                0x0800a29a      0x166 ./Middlewares/ST/STM32_USB_Device_Library/Core/Src/usbd_core.o
                0x0800a29a                USBD_LL_DataOutStage
 .text.USBD_LL_DataInStage
                0x0800a400      0x164 ./Middlewares/ST/STM32_USB_Device_Library/Core/Src/usbd_core.o
                0x0800a400                USBD_LL_DataInStage
 .text.USBD_LL_Reset
                0x0800a564       0xa4 ./Middlewares/ST/STM32_USB_Device_Library/Core/Src/usbd_core.o
                0x0800a564                USBD_LL_Reset
 .text.USBD_LL_SetSpeed
                0x0800a608       0x20 ./Middlewares/ST/STM32_USB_Device_Library/Core/Src/usbd_core.o
                0x0800a608                USBD_LL_SetSpeed
 .text.USBD_LL_Suspend
                0x0800a628       0x38 ./Middlewares/ST/STM32_USB_Device_Library/Core/Src/usbd_core.o
                0x0800a628                USBD_LL_Suspend
 .text.USBD_LL_Resume
                0x0800a660       0x30 ./Middlewares/ST/STM32_USB_Device_Library/Core/Src/usbd_core.o
                0x0800a660                USBD_LL_Resume
 .text.USBD_LL_SOF
                0x0800a690       0x40 ./Middlewares/ST/STM32_USB_Device_Library/Core/Src/usbd_core.o
                0x0800a690                USBD_LL_SOF
 .text.USBD_LL_IsoINIncomplete
                0x0800a6d0       0x64 ./Middlewares/ST/STM32_USB_Device_Library/Core/Src/usbd_core.o
                0x0800a6d0                USBD_LL_IsoINIncomplete
 .text.USBD_LL_IsoOUTIncomplete
                0x0800a734       0x64 ./Middlewares/ST/STM32_USB_Device_Library/Core/Src/usbd_core.o
                0x0800a734                USBD_LL_IsoOUTIncomplete
 .text.USBD_LL_DevConnected
                0x0800a798       0x16 ./Middlewares/ST/STM32_USB_Device_Library/Core/Src/usbd_core.o
                0x0800a798                USBD_LL_DevConnected
 .text.USBD_LL_DevDisconnected
                0x0800a7ae       0x46 ./Middlewares/ST/STM32_USB_Device_Library/Core/Src/usbd_core.o
                0x0800a7ae                USBD_LL_DevDisconnected
 .text.USBD_CoreFindIF
                0x0800a7f4       0x1a ./Middlewares/ST/STM32_USB_Device_Library/Core/Src/usbd_core.o
                0x0800a7f4                USBD_CoreFindIF
 .text.USBD_CoreFindEP
                0x0800a80e       0x1a ./Middlewares/ST/STM32_USB_Device_Library/Core/Src/usbd_core.o
                0x0800a80e                USBD_CoreFindEP
 .text.USBD_GetEpDesc
                0x0800a828       0x70 ./Middlewares/ST/STM32_USB_Device_Library/Core/Src/usbd_core.o
                0x0800a828                USBD_GetEpDesc
 .text.USBD_GetNextDesc
                0x0800a898       0x38 ./Middlewares/ST/STM32_USB_Device_Library/Core/Src/usbd_core.o
                0x0800a898                USBD_GetNextDesc
 .text.SWAPBYTE
                0x0800a8d0       0x3c ./Middlewares/ST/STM32_USB_Device_Library/Core/Src/usbd_ctlreq.o
 .text.USBD_StdDevReq
                0x0800a90c       0xe4 ./Middlewares/ST/STM32_USB_Device_Library/Core/Src/usbd_ctlreq.o
                0x0800a90c                USBD_StdDevReq
 .text.USBD_StdItfReq
                0x0800a9f0       0xd8 ./Middlewares/ST/STM32_USB_Device_Library/Core/Src/usbd_ctlreq.o
                0x0800a9f0                USBD_StdItfReq
 .text.USBD_StdEPReq
                0x0800aac8      0x33a ./Middlewares/ST/STM32_USB_Device_Library/Core/Src/usbd_ctlreq.o
                0x0800aac8                USBD_StdEPReq
 *fill*         0x0800ae02        0x2 
 .text.USBD_GetDescriptor
                0x0800ae04      0x2d4 ./Middlewares/ST/STM32_USB_Device_Library/Core/Src/usbd_ctlreq.o
 .text.USBD_SetAddress
                0x0800b0d8       0x88 ./Middlewares/ST/STM32_USB_Device_Library/Core/Src/usbd_ctlreq.o
 .text.USBD_SetConfig
                0x0800b160      0x154 ./Middlewares/ST/STM32_USB_Device_Library/Core/Src/usbd_ctlreq.o
 .text.USBD_GetConfig
                0x0800b2b4       0x6c ./Middlewares/ST/STM32_USB_Device_Library/Core/Src/usbd_ctlreq.o
 .text.USBD_GetStatus
                0x0800b320       0x68 ./Middlewares/ST/STM32_USB_Device_Library/Core/Src/usbd_ctlreq.o
 .text.USBD_SetFeature
                0x0800b388       0x52 ./Middlewares/ST/STM32_USB_Device_Library/Core/Src/usbd_ctlreq.o
 .text.USBD_ClrFeature
                0x0800b3da       0x44 ./Middlewares/ST/STM32_USB_Device_Library/Core/Src/usbd_ctlreq.o
 .text.USBD_ParseSetupRequest
                0x0800b41e       0x74 ./Middlewares/ST/STM32_USB_Device_Library/Core/Src/usbd_ctlreq.o
                0x0800b41e                USBD_ParseSetupRequest
 .text.USBD_CtlError
                0x0800b492       0x22 ./Middlewares/ST/STM32_USB_Device_Library/Core/Src/usbd_ctlreq.o
                0x0800b492                USBD_CtlError
 .text.USBD_GetString
                0x0800b4b4       0xa4 ./Middlewares/ST/STM32_USB_Device_Library/Core/Src/usbd_ctlreq.o
                0x0800b4b4                USBD_GetString
 .text.USBD_GetLen
                0x0800b558       0x34 ./Middlewares/ST/STM32_USB_Device_Library/Core/Src/usbd_ctlreq.o
 .text.USBD_CtlSendData
                0x0800b58c       0x36 ./Middlewares/ST/STM32_USB_Device_Library/Core/Src/usbd_ioreq.o
                0x0800b58c                USBD_CtlSendData
 .text.USBD_CtlContinueSendData
                0x0800b5c2       0x22 ./Middlewares/ST/STM32_USB_Device_Library/Core/Src/usbd_ioreq.o
                0x0800b5c2                USBD_CtlContinueSendData
 .text.USBD_CtlContinueRx
                0x0800b5e4       0x22 ./Middlewares/ST/STM32_USB_Device_Library/Core/Src/usbd_ioreq.o
                0x0800b5e4                USBD_CtlContinueRx
 .text.USBD_CtlSendStatus
                0x0800b606       0x26 ./Middlewares/ST/STM32_USB_Device_Library/Core/Src/usbd_ioreq.o
                0x0800b606                USBD_CtlSendStatus
 .text.USBD_CtlReceiveStatus
                0x0800b62c       0x26 ./Middlewares/ST/STM32_USB_Device_Library/Core/Src/usbd_ioreq.o
                0x0800b62c                USBD_CtlReceiveStatus
 *fill*         0x0800b652        0x2 
 .text.disk_status
                0x0800b654       0x34 ./Middlewares/Third_Party/FatFs/src/diskio.o
                0x0800b654                disk_status
 .text.disk_initialize
                0x0800b688       0x50 ./Middlewares/Third_Party/FatFs/src/diskio.o
                0x0800b688                disk_initialize
 .text.disk_read
                0x0800b6d8       0x40 ./Middlewares/Third_Party/FatFs/src/diskio.o
                0x0800b6d8                disk_read
 .text.disk_write
                0x0800b718       0x40 ./Middlewares/Third_Party/FatFs/src/diskio.o
                0x0800b718                disk_write
 .text.ld_word  0x0800b758       0x30 ./Middlewares/Third_Party/FatFs/src/ff.o
 .text.ld_dword
                0x0800b788       0x46 ./Middlewares/Third_Party/FatFs/src/ff.o
 .text.st_word  0x0800b7ce       0x36 ./Middlewares/Third_Party/FatFs/src/ff.o
 .text.st_dword
                0x0800b804       0x58 ./Middlewares/Third_Party/FatFs/src/ff.o
 .text.mem_set  0x0800b85c       0x36 ./Middlewares/Third_Party/FatFs/src/ff.o
 .text.mem_cmp  0x0800b892       0x4e ./Middlewares/Third_Party/FatFs/src/ff.o
 .text.chk_chr  0x0800b8e0       0x36 ./Middlewares/Third_Party/FatFs/src/ff.o
 *fill*         0x0800b916        0x2 
 .text.inc_lock
                0x0800b918      0x11c ./Middlewares/Third_Party/FatFs/src/ff.o
 .text.dec_lock
                0x0800ba34       0x78 ./Middlewares/Third_Party/FatFs/src/ff.o
 .text.clear_lock
                0x0800baac       0x48 ./Middlewares/Third_Party/FatFs/src/ff.o
 .text.sync_window
                0x0800baf4       0x88 ./Middlewares/Third_Party/FatFs/src/ff.o
 .text.move_window
                0x0800bb7c       0x5a ./Middlewares/Third_Party/FatFs/src/ff.o
 .text.clust2sect
                0x0800bbd6       0x3e ./Middlewares/Third_Party/FatFs/src/ff.o
 .text.get_fat  0x0800bc14      0x14e ./Middlewares/Third_Party/FatFs/src/ff.o
 .text.put_fat  0x0800bd62      0x1d4 ./Middlewares/Third_Party/FatFs/src/ff.o
 .text.create_chain
                0x0800bf36      0x130 ./Middlewares/Third_Party/FatFs/src/ff.o
 .text.dir_sdi  0x0800c066       0xf6 ./Middlewares/Third_Party/FatFs/src/ff.o
 .text.dir_next
                0x0800c15c      0x18a ./Middlewares/Third_Party/FatFs/src/ff.o
 .text.ld_clust
                0x0800c2e6       0x3e ./Middlewares/Third_Party/FatFs/src/ff.o
 .text.dir_read
                0x0800c324       0xba ./Middlewares/Third_Party/FatFs/src/ff.o
 .text.dir_find
                0x0800c3de       0xaa ./Middlewares/Third_Party/FatFs/src/ff.o
 .text.get_fileinfo
                0x0800c488       0xc0 ./Middlewares/Third_Party/FatFs/src/ff.o
 .text.create_name
                0x0800c548      0x128 ./Middlewares/Third_Party/FatFs/src/ff.o
 .text.follow_path
                0x0800c670       0xe2 ./Middlewares/Third_Party/FatFs/src/ff.o
 .text.get_ldnumber
                0x0800c752       0x88 ./Middlewares/Third_Party/FatFs/src/ff.o
 *fill*         0x0800c7da        0x2 
 .text.check_fs
                0x0800c7dc       0xac ./Middlewares/Third_Party/FatFs/src/ff.o
 .text.find_volume
                0x0800c888      0x498 ./Middlewares/Third_Party/FatFs/src/ff.o
 .text.validate
                0x0800cd20       0x6a ./Middlewares/Third_Party/FatFs/src/ff.o
 *fill*         0x0800cd8a        0x2 
 .text.f_mount  0x0800cd8c       0x8c ./Middlewares/Third_Party/FatFs/src/ff.o
                0x0800cd8c                f_mount
 .text.f_opendir
                0x0800ce18       0xe6 ./Middlewares/Third_Party/FatFs/src/ff.o
                0x0800ce18                f_opendir
 .text.f_closedir
                0x0800cefe       0x4c ./Middlewares/Third_Party/FatFs/src/ff.o
                0x0800cefe                f_closedir
 .text.f_readdir
                0x0800cf4a       0x7a ./Middlewares/Third_Party/FatFs/src/ff.o
                0x0800cf4a                f_readdir
 .text.f_getfree
                0x0800cfc4      0x16a ./Middlewares/Third_Party/FatFs/src/ff.o
                0x0800cfc4                f_getfree
 *fill*         0x0800d12e        0x2 
 .text.FATFS_LinkDriverEx
                0x0800d130       0x98 ./Middlewares/Third_Party/FatFs/src/ff_gen_drv.o
                0x0800d130                FATFS_LinkDriverEx
 .text.FATFS_LinkDriver
                0x0800d1c8       0x1e ./Middlewares/Third_Party/FatFs/src/ff_gen_drv.o
                0x0800d1c8                FATFS_LinkDriver
 *fill*         0x0800d1e6        0x2 
 .text.MX_USB_DEVICE_Init
                0x0800d1e8       0x60 ./USB_DEVICE/App/usb_device.o
                0x0800d1e8                MX_USB_DEVICE_Init
 .text.USBD_HS_DeviceDescriptor
                0x0800d248       0x24 ./USB_DEVICE/App/usbd_desc.o
                0x0800d248                USBD_HS_DeviceDescriptor
 .text.USBD_HS_LangIDStrDescriptor
                0x0800d26c       0x24 ./USB_DEVICE/App/usbd_desc.o
                0x0800d26c                USBD_HS_LangIDStrDescriptor
 .text.USBD_HS_ProductStrDescriptor
                0x0800d290       0x3c ./USB_DEVICE/App/usbd_desc.o
                0x0800d290                USBD_HS_ProductStrDescriptor
 .text.USBD_HS_ManufacturerStrDescriptor
                0x0800d2cc       0x28 ./USB_DEVICE/App/usbd_desc.o
                0x0800d2cc                USBD_HS_ManufacturerStrDescriptor
 .text.USBD_HS_SerialStrDescriptor
                0x0800d2f4       0x24 ./USB_DEVICE/App/usbd_desc.o
                0x0800d2f4                USBD_HS_SerialStrDescriptor
 .text.USBD_HS_ConfigStrDescriptor
                0x0800d318       0x3c ./USB_DEVICE/App/usbd_desc.o
                0x0800d318                USBD_HS_ConfigStrDescriptor
 .text.USBD_HS_InterfaceStrDescriptor
                0x0800d354       0x3c ./USB_DEVICE/App/usbd_desc.o
                0x0800d354                USBD_HS_InterfaceStrDescriptor
 .text.Get_SerialNum
                0x0800d390       0x58 ./USB_DEVICE/App/usbd_desc.o
 .text.IntToUnicode
                0x0800d3e8       0x7e ./USB_DEVICE/App/usbd_desc.o
 .text.STORAGE_Init_HS
                0x0800d466       0x18 ./USB_DEVICE/App/usbd_storage_if.o
 *fill*         0x0800d47e        0x2 
 .text.STORAGE_GetCapacity_HS
                0x0800d480       0x48 ./USB_DEVICE/App/usbd_storage_if.o
 .text.STORAGE_IsReady_HS
                0x0800d4c8       0x18 ./USB_DEVICE/App/usbd_storage_if.o
 .text.STORAGE_IsWriteProtected_HS
                0x0800d4e0       0x18 ./USB_DEVICE/App/usbd_storage_if.o
 .text.STORAGE_Read_HS
                0x0800d4f8       0x4c ./USB_DEVICE/App/usbd_storage_if.o
 .text.STORAGE_Write_HS
                0x0800d544       0x4c ./USB_DEVICE/App/usbd_storage_if.o
 .text.STORAGE_GetMaxLun_HS
                0x0800d590       0x10 ./USB_DEVICE/App/usbd_storage_if.o
 .text.HAL_PCD_MspInit
                0x0800d5a0       0xa0 ./USB_DEVICE/Target/usbd_conf.o
                0x0800d5a0                HAL_PCD_MspInit
 .text.HAL_PCD_SetupStageCallback
                0x0800d640       0x24 ./USB_DEVICE/Target/usbd_conf.o
                0x0800d640                HAL_PCD_SetupStageCallback
 .text.HAL_PCD_DataOutStageCallback
                0x0800d664       0x36 ./USB_DEVICE/Target/usbd_conf.o
                0x0800d664                HAL_PCD_DataOutStageCallback
 .text.HAL_PCD_DataInStageCallback
                0x0800d69a       0x34 ./USB_DEVICE/Target/usbd_conf.o
                0x0800d69a                HAL_PCD_DataInStageCallback
 .text.HAL_PCD_SOFCallback
                0x0800d6ce       0x1c ./USB_DEVICE/Target/usbd_conf.o
                0x0800d6ce                HAL_PCD_SOFCallback
 .text.HAL_PCD_ResetCallback
                0x0800d6ea       0x50 ./USB_DEVICE/Target/usbd_conf.o
                0x0800d6ea                HAL_PCD_ResetCallback
 *fill*         0x0800d73a        0x2 
 .text.HAL_PCD_SuspendCallback
                0x0800d73c       0x4c ./USB_DEVICE/Target/usbd_conf.o
                0x0800d73c                HAL_PCD_SuspendCallback
 .text.HAL_PCD_ResumeCallback
                0x0800d788       0x1c ./USB_DEVICE/Target/usbd_conf.o
                0x0800d788                HAL_PCD_ResumeCallback
 .text.HAL_PCD_ISOOUTIncompleteCallback
                0x0800d7a4       0x24 ./USB_DEVICE/Target/usbd_conf.o
                0x0800d7a4                HAL_PCD_ISOOUTIncompleteCallback
 .text.HAL_PCD_ISOINIncompleteCallback
                0x0800d7c8       0x24 ./USB_DEVICE/Target/usbd_conf.o
                0x0800d7c8                HAL_PCD_ISOINIncompleteCallback
 .text.HAL_PCD_ConnectCallback
                0x0800d7ec       0x1c ./USB_DEVICE/Target/usbd_conf.o
                0x0800d7ec                HAL_PCD_ConnectCallback
 .text.HAL_PCD_DisconnectCallback
                0x0800d808       0x1c ./USB_DEVICE/Target/usbd_conf.o
                0x0800d808                HAL_PCD_DisconnectCallback
 .text.USBD_LL_Init
                0x0800d824       0xa4 ./USB_DEVICE/Target/usbd_conf.o
                0x0800d824                USBD_LL_Init
 .text.USBD_LL_Start
                0x0800d8c8       0x36 ./USB_DEVICE/Target/usbd_conf.o
                0x0800d8c8                USBD_LL_Start
 .text.USBD_LL_OpenEP
                0x0800d8fe       0x4c ./USB_DEVICE/Target/usbd_conf.o
                0x0800d8fe                USBD_LL_OpenEP
 .text.USBD_LL_CloseEP
                0x0800d94a       0x3e ./USB_DEVICE/Target/usbd_conf.o
                0x0800d94a                USBD_LL_CloseEP
 .text.USBD_LL_FlushEP
                0x0800d988       0x3e ./USB_DEVICE/Target/usbd_conf.o
                0x0800d988                USBD_LL_FlushEP
 .text.USBD_LL_StallEP
                0x0800d9c6       0x3e ./USB_DEVICE/Target/usbd_conf.o
                0x0800d9c6                USBD_LL_StallEP
 .text.USBD_LL_ClearStallEP
                0x0800da04       0x3e ./USB_DEVICE/Target/usbd_conf.o
                0x0800da04                USBD_LL_ClearStallEP
 .text.USBD_LL_IsStallEP
                0x0800da42       0x58 ./USB_DEVICE/Target/usbd_conf.o
                0x0800da42                USBD_LL_IsStallEP
 .text.USBD_LL_SetUSBAddress
                0x0800da9a       0x3e ./USB_DEVICE/Target/usbd_conf.o
                0x0800da9a                USBD_LL_SetUSBAddress
 .text.USBD_LL_Transmit
                0x0800dad8       0x42 ./USB_DEVICE/Target/usbd_conf.o
                0x0800dad8                USBD_LL_Transmit
 .text.USBD_LL_PrepareReceive
                0x0800db1a       0x42 ./USB_DEVICE/Target/usbd_conf.o
                0x0800db1a                USBD_LL_PrepareReceive
 .text.USBD_LL_GetRxDataSize
                0x0800db5c       0x26 ./USB_DEVICE/Target/usbd_conf.o
                0x0800db5c                USBD_LL_GetRxDataSize
 *fill*         0x0800db82        0x2 
 .text.USBD_static_malloc
                0x0800db84       0x1c ./USB_DEVICE/Target/usbd_conf.o
                0x0800db84                USBD_static_malloc
 .text.USBD_static_free
                0x0800dba0       0x14 ./USB_DEVICE/Target/usbd_conf.o
                0x0800dba0                USBD_static_free
 .text.USBD_Get_USB_Status
                0x0800dbb4       0x58 ./USB_DEVICE/Target/usbd_conf.o
                0x0800dbb4                USBD_Get_USB_Status
 .text.malloc   0x0800dc0c       0x10 /opt/st/stm32cubeide_1.16.1_2/plugins/com.st.stm32cube.ide.mcu.externaltools.gnu-tools-for-stm32.12.3.rel1.linux64_1.0.200.202406132123/tools/bin/../lib/gcc/arm-none-eabi/12.3.1/../../../../arm-none-eabi/lib/thumb/v7e-m+fp/hard/libc_nano.a(libc_a-malloc.o)
                0x0800dc0c                malloc
 .text.free     0x0800dc1c       0x10 /opt/st/stm32cubeide_1.16.1_2/plugins/com.st.stm32cube.ide.mcu.externaltools.gnu-tools-for-stm32.12.3.rel1.linux64_1.0.200.202406132123/tools/bin/../lib/gcc/arm-none-eabi/12.3.1/../../../../arm-none-eabi/lib/thumb/v7e-m+fp/hard/libc_nano.a(libc_a-malloc.o)
                0x0800dc1c                free
 .text.sbrk_aligned
                0x0800dc2c       0x44 /opt/st/stm32cubeide_1.16.1_2/plugins/com.st.stm32cube.ide.mcu.externaltools.gnu-tools-for-stm32.12.3.rel1.linux64_1.0.200.202406132123/tools/bin/../lib/gcc/arm-none-eabi/12.3.1/../../../../arm-none-eabi/lib/thumb/v7e-m+fp/hard/libc_nano.a(libc_a-mallocr.o)
 .text._malloc_r
                0x0800dc70      0x100 /opt/st/stm32cubeide_1.16.1_2/plugins/com.st.stm32cube.ide.mcu.externaltools.gnu-tools-for-stm32.12.3.rel1.linux64_1.0.200.202406132123/tools/bin/../lib/gcc/arm-none-eabi/12.3.1/../../../../arm-none-eabi/lib/thumb/v7e-m+fp/hard/libc_nano.a(libc_a-mallocr.o)
                0x0800dc70                _malloc_r
 .text.__malloc_lock
                0x0800dd70        0xc /opt/st/stm32cubeide_1.16.1_2/plugins/com.st.stm32cube.ide.mcu.externaltools.gnu-tools-for-stm32.12.3.rel1.linux64_1.0.200.202406132123/tools/bin/../lib/gcc/arm-none-eabi/12.3.1/../../../../arm-none-eabi/lib/thumb/v7e-m+fp/hard/libc_nano.a(libc_a-mlock.o)
                0x0800dd70                __malloc_lock
 .text.__malloc_unlock
                0x0800dd7c        0xc /opt/st/stm32cubeide_1.16.1_2/plugins/com.st.stm32cube.ide.mcu.externaltools.gnu-tools-for-stm32.12.3.rel1.linux64_1.0.200.202406132123/tools/bin/../lib/gcc/arm-none-eabi/12.3.1/../../../../arm-none-eabi/lib/thumb/v7e-m+fp/hard/libc_nano.a(libc_a-mlock.o)
                0x0800dd7c                __malloc_unlock
 .text.sprintf  0x0800dd88       0x40 /opt/st/stm32cubeide_1.16.1_2/plugins/com.st.stm32cube.ide.mcu.externaltools.gnu-tools-for-stm32.12.3.rel1.linux64_1.0.200.202406132123/tools/bin/../lib/gcc/arm-none-eabi/12.3.1/../../../../arm-none-eabi/lib/thumb/v7e-m+fp/hard/libc_nano.a(libc_a-sprintf.o)
                0x0800dd88                sprintf
                0x0800dd88                siprintf
 .text.memset   0x0800ddc8       0x10 /opt/st/stm32cubeide_1.16.1_2/plugins/com.st.stm32cube.ide.mcu.externaltools.gnu-tools-for-stm32.12.3.rel1.linux64_1.0.200.202406132123/tools/bin/../lib/gcc/arm-none-eabi/12.3.1/../../../../arm-none-eabi/lib/thumb/v7e-m+fp/hard/libc_nano.a(libc_a-memset.o)
                0x0800ddc8                memset
 .text._sbrk_r  0x0800ddd8       0x20 /opt/st/stm32cubeide_1.16.1_2/plugins/com.st.stm32cube.ide.mcu.externaltools.gnu-tools-for-stm32.12.3.rel1.linux64_1.0.200.202406132123/tools/bin/../lib/gcc/arm-none-eabi/12.3.1/../../../../arm-none-eabi/lib/thumb/v7e-m+fp/hard/libc_nano.a(libc_a-sbrkr.o)
                0x0800ddd8                _sbrk_r
 .text.__errno  0x0800ddf8        0xc /opt/st/stm32cubeide_1.16.1_2/plugins/com.st.stm32cube.ide.mcu.externaltools.gnu-tools-for-stm32.12.3.rel1.linux64_1.0.200.202406132123/tools/bin/../lib/gcc/arm-none-eabi/12.3.1/../../../../arm-none-eabi/lib/thumb/v7e-m+fp/hard/libc_nano.a(libc_a-errno.o)
                0x0800ddf8                __errno
 .text.__libc_init_array
                0x0800de04       0x48 /opt/st/stm32cubeide_1.16.1_2/plugins/com.st.stm32cube.ide.mcu.externaltools.gnu-tools-for-stm32.12.3.rel1.linux64_1.0.200.202406132123/tools/bin/../lib/gcc/arm-none-eabi/12.3.1/../../../../arm-none-eabi/lib/thumb/v7e-m+fp/hard/libc_nano.a(libc_a-init.o)
                0x0800de04                __libc_init_array
 .text.__retarget_lock_acquire_recursive
                0x0800de4c        0x2 /opt/st/stm32cubeide_1.16.1_2/plugins/com.st.stm32cube.ide.mcu.externaltools.gnu-tools-for-stm32.12.3.rel1.linux64_1.0.200.202406132123/tools/bin/../lib/gcc/arm-none-eabi/12.3.1/../../../../arm-none-eabi/lib/thumb/v7e-m+fp/hard/libc_nano.a(libc_a-lock.o)
                0x0800de4c                __retarget_lock_acquire_recursive
 .text.__retarget_lock_release_recursive
                0x0800de4e        0x2 /opt/st/stm32cubeide_1.16.1_2/plugins/com.st.stm32cube.ide.mcu.externaltools.gnu-tools-for-stm32.12.3.rel1.linux64_1.0.200.202406132123/tools/bin/../lib/gcc/arm-none-eabi/12.3.1/../../../../arm-none-eabi/lib/thumb/v7e-m+fp/hard/libc_nano.a(libc_a-lock.o)
                0x0800de4e                __retarget_lock_release_recursive
 .text._free_r  0x0800de50       0x94 /opt/st/stm32cubeide_1.16.1_2/plugins/com.st.stm32cube.ide.mcu.externaltools.gnu-tools-for-stm32.12.3.rel1.linux64_1.0.200.202406132123/tools/bin/../lib/gcc/arm-none-eabi/12.3.1/../../../../arm-none-eabi/lib/thumb/v7e-m+fp/hard/libc_nano.a(libc_a-freer.o)
                0x0800de50                _free_r
 .text.__ssputs_r
                0x0800dee4       0xb6 /opt/st/stm32cubeide_1.16.1_2/plugins/com.st.stm32cube.ide.mcu.externaltools.gnu-tools-for-stm32.12.3.rel1.linux64_1.0.200.202406132123/tools/bin/../lib/gcc/arm-none-eabi/12.3.1/../../../../arm-none-eabi/lib/thumb/v7e-m+fp/hard/libc_nano.a(libc_a-nano-svfprintf.o)
                0x0800dee4                __ssputs_r
 *fill*         0x0800df9a        0x2 
 .text._svfprintf_r
                0x0800df9c      0x1f8 /opt/st/stm32cubeide_1.16.1_2/plugins/com.st.stm32cube.ide.mcu.externaltools.gnu-tools-for-stm32.12.3.rel1.linux64_1.0.200.202406132123/tools/bin/../lib/gcc/arm-none-eabi/12.3.1/../../../../arm-none-eabi/lib/thumb/v7e-m+fp/hard/libc_nano.a(libc_a-nano-svfprintf.o)
                0x0800df9c                _svfprintf_r
                0x0800df9c                _svfiprintf_r
 .text._printf_common
                0x0800e194       0xda /opt/st/stm32cubeide_1.16.1_2/plugins/com.st.stm32cube.ide.mcu.externaltools.gnu-tools-for-stm32.12.3.rel1.linux64_1.0.200.202406132123/tools/bin/../lib/gcc/arm-none-eabi/12.3.1/../../../../arm-none-eabi/lib/thumb/v7e-m+fp/hard/libc_nano.a(libc_a-nano-vfprintf_i.o)
                0x0800e194                _printf_common
 *fill*         0x0800e26e        0x2 
 .text._printf_i
                0x0800e270      0x240 /opt/st/stm32cubeide_1.16.1_2/plugins/com.st.stm32cube.ide.mcu.externaltools.gnu-tools-for-stm32.12.3.rel1.linux64_1.0.200.202406132123/tools/bin/../lib/gcc/arm-none-eabi/12.3.1/../../../../arm-none-eabi/lib/thumb/v7e-m+fp/hard/libc_nano.a(libc_a-nano-vfprintf_i.o)
                0x0800e270                _printf_i
 .text.memmove  0x0800e4b0       0x34 /opt/st/stm32cubeide_1.16.1_2/plugins/com.st.stm32cube.ide.mcu.externaltools.gnu-tools-for-stm32.12.3.rel1.linux64_1.0.200.202406132123/tools/bin/../lib/gcc/arm-none-eabi/12.3.1/../../../../arm-none-eabi/lib/thumb/v7e-m+fp/hard/libc_nano.a(libc_a-memmove.o)
                0x0800e4b0                memmove
 .text.memcpy   0x0800e4e4       0x1c /opt/st/stm32cubeide_1.16.1_2/plugins/com.st.stm32cube.ide.mcu.externaltools.gnu-tools-for-stm32.12.3.rel1.linux64_1.0.200.202406132123/tools/bin/../lib/gcc/arm-none-eabi/12.3.1/../../../../arm-none-eabi/lib/thumb/v7e-m+fp/hard/libc_nano.a(libc_a-memcpy-stub.o)
                0x0800e4e4                memcpy
 .text._realloc_r
                0x0800e500       0x5c /opt/st/stm32cubeide_1.16.1_2/plugins/com.st.stm32cube.ide.mcu.externaltools.gnu-tools-for-stm32.12.3.rel1.linux64_1.0.200.202406132123/tools/bin/../lib/gcc/arm-none-eabi/12.3.1/../../../../arm-none-eabi/lib/thumb/v7e-m+fp/hard/libc_nano.a(libc_a-reallocr.o)
                0x0800e500                _realloc_r
 .text._malloc_usable_size_r
                0x0800e55c       0x10 /opt/st/stm32cubeide_1.16.1_2/plugins/com.st.stm32cube.ide.mcu.externaltools.gnu-tools-for-stm32.12.3.rel1.linux64_1.0.200.202406132123/tools/bin/../lib/gcc/arm-none-eabi/12.3.1/../../../../arm-none-eabi/lib/thumb/v7e-m+fp/hard/libc_nano.a(libc_a-msizer.o)
                0x0800e55c                _malloc_usable_size_r
 *(.glue_7)
 .glue_7        0x0800e56c        0x0 linker stubs
 *(.glue_7t)
 .glue_7t       0x0800e56c        0x0 linker stubs
 *(.eh_frame)
 .eh_frame      0x0800e56c        0x0 /opt/st/stm32cubeide_1.16.1_2/plugins/com.st.stm32cube.ide.mcu.externaltools.gnu-tools-for-stm32.12.3.rel1.linux64_1.0.200.202406132123/tools/bin/../lib/gcc/arm-none-eabi/12.3.1/thumb/v7e-m+fp/hard/crtbegin.o
 *(.init)
 .init          0x0800e56c        0x4 /opt/st/stm32cubeide_1.16.1_2/plugins/com.st.stm32cube.ide.mcu.externaltools.gnu-tools-for-stm32.12.3.rel1.linux64_1.0.200.202406132123/tools/bin/../lib/gcc/arm-none-eabi/12.3.1/thumb/v7e-m+fp/hard/crti.o
                0x0800e56c                _init
 .init          0x0800e570        0x8 /opt/st/stm32cubeide_1.16.1_2/plugins/com.st.stm32cube.ide.mcu.externaltools.gnu-tools-for-stm32.12.3.rel1.linux64_1.0.200.202406132123/tools/bin/../lib/gcc/arm-none-eabi/12.3.1/thumb/v7e-m+fp/hard/crtn.o
 *(.fini)
 .fini          0x0800e578        0x4 /opt/st/stm32cubeide_1.16.1_2/plugins/com.st.stm32cube.ide.mcu.externaltools.gnu-tools-for-stm32.12.3.rel1.linux64_1.0.200.202406132123/tools/bin/../lib/gcc/arm-none-eabi/12.3.1/thumb/v7e-m+fp/hard/crti.o
                0x0800e578                _fini
 .fini          0x0800e57c        0x8 /opt/st/stm32cubeide_1.16.1_2/plugins/com.st.stm32cube.ide.mcu.externaltools.gnu-tools-for-stm32.12.3.rel1.linux64_1.0.200.202406132123/tools/bin/../lib/gcc/arm-none-eabi/12.3.1/thumb/v7e-m+fp/hard/crtn.o
                0x0800e584                        . = ALIGN (0x4)
                0x0800e584                        _etext = .

.vfp11_veneer   0x0800e584        0x0
 .vfp11_veneer  0x0800e584        0x0 linker stubs

.v4_bx          0x0800e584        0x0
 .v4_bx         0x0800e584        0x0 linker stubs

.iplt           0x0800e584        0x0
 .iplt          0x0800e584        0x0 /opt/st/stm32cubeide_1.16.1_2/plugins/com.st.stm32cube.ide.mcu.externaltools.gnu-tools-for-stm32.12.3.rel1.linux64_1.0.200.202406132123/tools/bin/../lib/gcc/arm-none-eabi/12.3.1/thumb/v7e-m+fp/hard/crtbegin.o

.rodata         0x0800e584      0x5a8
                0x0800e584                        . = ALIGN (0x4)
 *(.rodata)
 .rodata        0x0800e584      0x416 ./Core/Src/File_Handling.o
 *fill*         0x0800e99a        0x2 
 .rodata        0x0800e99c        0x2 ./Core/Src/main.o
 *fill*         0x0800e99e        0x2 
 .rodata        0x0800e9a0       0x44 ./Middlewares/Third_Party/FatFs/src/ff.o
 .rodata        0x0800e9e4       0x42 ./USB_DEVICE/App/usbd_desc.o
 *(.rodata*)
 *fill*         0x0800ea26        0x2 
 .rodata.AHBPrescTable
                0x0800ea28       0x10 ./Core/Src/system_stm32f4xx.o
                0x0800ea28                AHBPrescTable
 .rodata.APBPrescTable
                0x0800ea38        0x8 ./Core/Src/system_stm32f4xx.o
                0x0800ea38                APBPrescTable
 .rodata.SD_Driver
                0x0800ea40       0x14 ./FATFS/Target/sd_diskio.o
                0x0800ea40                SD_Driver
 .rodata.ExCvt  0x0800ea54       0x80 ./Middlewares/Third_Party/FatFs/src/ff.o
 .rodata.STORAGE_Inquirydata_HS
                0x0800ead4       0x24 ./USB_DEVICE/App/usbd_storage_if.o
                0x0800ead4                STORAGE_Inquirydata_HS
 .rodata._svfprintf_r.str1.1
                0x0800eaf8       0x11 /opt/st/stm32cubeide_1.16.1_2/plugins/com.st.stm32cube.ide.mcu.externaltools.gnu-tools-for-stm32.12.3.rel1.linux64_1.0.200.202406132123/tools/bin/../lib/gcc/arm-none-eabi/12.3.1/../../../../arm-none-eabi/lib/thumb/v7e-m+fp/hard/libc_nano.a(libc_a-nano-svfprintf.o)
 .rodata._printf_i.str1.1
                0x0800eb09       0x22 /opt/st/stm32cubeide_1.16.1_2/plugins/com.st.stm32cube.ide.mcu.externaltools.gnu-tools-for-stm32.12.3.rel1.linux64_1.0.200.202406132123/tools/bin/../lib/gcc/arm-none-eabi/12.3.1/../../../../arm-none-eabi/lib/thumb/v7e-m+fp/hard/libc_nano.a(libc_a-nano-vfprintf_i.o)
                0x0800eb2c                        . = ALIGN (0x4)
 *fill*         0x0800eb2b        0x1 

.ARM.extab      0x0800eb2c        0x0
                0x0800eb2c                        . = ALIGN (0x4)
 *(.ARM.extab* .gnu.linkonce.armextab.*)
                0x0800eb2c                        . = ALIGN (0x4)

.ARM            0x0800eb2c        0x8
                0x0800eb2c                        . = ALIGN (0x4)
                0x0800eb2c                        __exidx_start = .
 *(.ARM.exidx*)
 .ARM.exidx     0x0800eb2c        0x8 /opt/st/stm32cubeide_1.16.1_2/plugins/com.st.stm32cube.ide.mcu.externaltools.gnu-tools-for-stm32.12.3.rel1.linux64_1.0.200.202406132123/tools/bin/../lib/gcc/arm-none-eabi/12.3.1/../../../../arm-none-eabi/lib/thumb/v7e-m+fp/hard/libc_nano.a(libc_a-strcmp.o)
 .ARM.exidx     0x0800eb34        0x0 /opt/st/stm32cubeide_1.16.1_2/plugins/com.st.stm32cube.ide.mcu.externaltools.gnu-tools-for-stm32.12.3.rel1.linux64_1.0.200.202406132123/tools/bin/../lib/gcc/arm-none-eabi/12.3.1/../../../../arm-none-eabi/lib/thumb/v7e-m+fp/hard/libc_nano.a(libc_a-strlen.o)
                                  0x8 (size before relaxing)
 .ARM.exidx     0x0800eb34        0x0 /opt/st/stm32cubeide_1.16.1_2/plugins/com.st.stm32cube.ide.mcu.externaltools.gnu-tools-for-stm32.12.3.rel1.linux64_1.0.200.202406132123/tools/bin/../lib/gcc/arm-none-eabi/12.3.1/../../../../arm-none-eabi/lib/thumb/v7e-m+fp/hard/libc_nano.a(libc_a-memchr.o)
                                  0x8 (size before relaxing)
 .ARM.exidx     0x0800eb34        0x0 /opt/st/stm32cubeide_1.16.1_2/plugins/com.st.stm32cube.ide.mcu.externaltools.gnu-tools-for-stm32.12.3.rel1.linux64_1.0.200.202406132123/tools/bin/../lib/gcc/arm-none-eabi/12.3.1/thumb/v7e-m+fp/hard/libgcc.a(_udivmoddi4.o)
                                  0x8 (size before relaxing)
                0x0800eb34                        __exidx_end = .
                0x0800eb34                        . = ALIGN (0x4)

.preinit_array  0x0800eb34        0x0
                0x0800eb34                        . = ALIGN (0x4)
                0x0800eb34                        PROVIDE (__preinit_array_start = .)
 *(.preinit_array*)
                0x0800eb34                        PROVIDE (__preinit_array_end = .)
                0x0800eb34                        . = ALIGN (0x4)

.init_array     0x0800eb34        0x4
                0x0800eb34                        . = ALIGN (0x4)
                0x0800eb34                        PROVIDE (__init_array_start = .)
 *(SORT_BY_NAME(.init_array.*))
 *(.init_array*)
 .init_array    0x0800eb34        0x4 /opt/st/stm32cubeide_1.16.1_2/plugins/com.st.stm32cube.ide.mcu.externaltools.gnu-tools-for-stm32.12.3.rel1.linux64_1.0.200.202406132123/tools/bin/../lib/gcc/arm-none-eabi/12.3.1/thumb/v7e-m+fp/hard/crtbegin.o
                0x0800eb38                        PROVIDE (__init_array_end = .)
                0x0800eb38                        . = ALIGN (0x4)

.fini_array     0x0800eb38        0x4
                0x0800eb38                        . = ALIGN (0x4)
                [!provide]                        PROVIDE (__fini_array_start = .)
 *(SORT_BY_NAME(.fini_array.*))
 *(.fini_array*)
 .fini_array    0x0800eb38        0x4 /opt/st/stm32cubeide_1.16.1_2/plugins/com.st.stm32cube.ide.mcu.externaltools.gnu-tools-for-stm32.12.3.rel1.linux64_1.0.200.202406132123/tools/bin/../lib/gcc/arm-none-eabi/12.3.1/thumb/v7e-m+fp/hard/crtbegin.o
                [!provide]                        PROVIDE (__fini_array_end = .)
                0x0800eb3c                        . = ALIGN (0x4)
                0x0800eb3c                        _sidata = LOADADDR (.data)

.rel.dyn        0x0800eb3c        0x0
 .rel.iplt      0x0800eb3c        0x0 /opt/st/stm32cubeide_1.16.1_2/plugins/com.st.stm32cube.ide.mcu.externaltools.gnu-tools-for-stm32.12.3.rel1.linux64_1.0.200.202406132123/tools/bin/../lib/gcc/arm-none-eabi/12.3.1/thumb/v7e-m+fp/hard/crtbegin.o

.data           0x20000000      0x14c load address 0x0800eb3c
                0x20000000                        . = ALIGN (0x4)
                0x20000000                        _sdata = .
 *(.data)
 *(.data*)
 .data.SystemCoreClock
                0x20000000        0x4 ./Core/Src/system_stm32f4xx.o
                0x20000000                SystemCoreClock
 .data.uwTickPrio
                0x20000004        0x4 ./Drivers/STM32F4xx_HAL_Driver/Src/stm32f4xx_hal.o
                0x20000004                uwTickPrio
 .data.uwTickFreq
                0x20000008        0x1 ./Drivers/STM32F4xx_HAL_Driver/Src/stm32f4xx_hal.o
                0x20000008                uwTickFreq
 .data.Stat     0x20000009        0x1 ./FATFS/Target/sd_diskio.o
 *fill*         0x2000000a        0x2 
 .data.USBD_MSC
                0x2000000c       0x38 ./Middlewares/ST/STM32_USB_Device_Library/Class/MSC/Src/usbd_msc.o
                0x2000000c                USBD_MSC
 .data.USBD_MSC_CfgDesc
                0x20000044       0x20 ./Middlewares/ST/STM32_USB_Device_Library/Class/MSC/Src/usbd_msc.o
 .data.USBD_MSC_DeviceQualifierDesc
                0x20000064        0xa ./Middlewares/ST/STM32_USB_Device_Library/Class/MSC/Src/usbd_msc.o
 .data.MSCInEpAdd
                0x2000006e        0x1 ./Middlewares/ST/STM32_USB_Device_Library/Class/MSC/Src/usbd_msc.o
                0x2000006e                MSCInEpAdd
 .data.MSCOutEpAdd
                0x2000006f        0x1 ./Middlewares/ST/STM32_USB_Device_Library/Class/MSC/Src/usbd_msc.o
                0x2000006f                MSCOutEpAdd
 .data.MSC_Page00_Inquiry_Data
                0x20000070        0x6 ./Middlewares/ST/STM32_USB_Device_Library/Class/MSC/Src/usbd_msc_data.o
                0x20000070                MSC_Page00_Inquiry_Data
 *fill*         0x20000076        0x2 
 .data.MSC_Page80_Inquiry_Data
                0x20000078        0x8 ./Middlewares/ST/STM32_USB_Device_Library/Class/MSC/Src/usbd_msc_data.o
                0x20000078                MSC_Page80_Inquiry_Data
 .data.MSC_Mode_Sense6_data
                0x20000080        0x4 ./Middlewares/ST/STM32_USB_Device_Library/Class/MSC/Src/usbd_msc_data.o
                0x20000080                MSC_Mode_Sense6_data
 .data.MSC_Mode_Sense10_data
                0x20000084        0x8 ./Middlewares/ST/STM32_USB_Device_Library/Class/MSC/Src/usbd_msc_data.o
                0x20000084                MSC_Mode_Sense10_data
 .data.HS_Desc  0x2000008c       0x1c ./USB_DEVICE/App/usbd_desc.o
                0x2000008c                HS_Desc
 .data.USBD_HS_DeviceDesc
                0x200000a8       0x12 ./USB_DEVICE/App/usbd_desc.o
                0x200000a8                USBD_HS_DeviceDesc
 *fill*         0x200000ba        0x2 
 .data.USBD_LangIDDesc
                0x200000bc        0x4 ./USB_DEVICE/App/usbd_desc.o
                0x200000bc                USBD_LangIDDesc
 .data.USBD_StringSerial
                0x200000c0       0x1a ./USB_DEVICE/App/usbd_desc.o
                0x200000c0                USBD_StringSerial
 *fill*         0x200000da        0x2 
 .data.USBD_Storage_Interface_fops_HS
                0x200000dc       0x20 ./USB_DEVICE/App/usbd_storage_if.o
                0x200000dc                USBD_Storage_Interface_fops_HS
 .data._impure_ptr
                0x200000fc        0x4 /opt/st/stm32cubeide_1.16.1_2/plugins/com.st.stm32cube.ide.mcu.externaltools.gnu-tools-for-stm32.12.3.rel1.linux64_1.0.200.202406132123/tools/bin/../lib/gcc/arm-none-eabi/12.3.1/../../../../arm-none-eabi/lib/thumb/v7e-m+fp/hard/libc_nano.a(libc_a-impure.o)
                0x200000fc                _impure_ptr
 .data._impure_data
                0x20000100       0x4c /opt/st/stm32cubeide_1.16.1_2/plugins/com.st.stm32cube.ide.mcu.externaltools.gnu-tools-for-stm32.12.3.rel1.linux64_1.0.200.202406132123/tools/bin/../lib/gcc/arm-none-eabi/12.3.1/../../../../arm-none-eabi/lib/thumb/v7e-m+fp/hard/libc_nano.a(libc_a-impure.o)
                0x20000100                _impure_data
 *(.RamFunc)
 *(.RamFunc*)
                0x2000014c                        . = ALIGN (0x4)
                0x2000014c                        _edata = .
                0x0800ec88                        _siccmram = LOADADDR (.ccmram)

.igot.plt       0x2000014c        0x0 load address 0x0800ec88
 .igot.plt      0x2000014c        0x0 /opt/st/stm32cubeide_1.16.1_2/plugins/com.st.stm32cube.ide.mcu.externaltools.gnu-tools-for-stm32.12.3.rel1.linux64_1.0.200.202406132123/tools/bin/../lib/gcc/arm-none-eabi/12.3.1/thumb/v7e-m+fp/hard/crtbegin.o

.ccmram         0x10000000        0x0 load address 0x0800ec88
                0x10000000                        . = ALIGN (0x4)
                0x10000000                        _sccmram = .
 *(.ccmram)
 *(.ccmram*)
                0x10000000                        . = ALIGN (0x4)
                0x10000000                        _eccmram = .
                0x10000000                        . = ALIGN (0x4)

.bss            0x2000014c     0x11b4
                0x2000014c                        _sbss = .
                0x2000014c                        __bss_start__ = _sbss
 *(.bss)
 .bss           0x2000014c       0x1c /opt/st/stm32cubeide_1.16.1_2/plugins/com.st.stm32cube.ide.mcu.externaltools.gnu-tools-for-stm32.12.3.rel1.linux64_1.0.200.202406132123/tools/bin/../lib/gcc/arm-none-eabi/12.3.1/thumb/v7e-m+fp/hard/crtbegin.o
 *(.bss*)
 .bss.fs        0x20000168      0x230 ./Core/Src/File_Handling.o
                0x20000168                fs
 .bss.fno       0x20000398       0x18 ./Core/Src/File_Handling.o
                0x20000398                fno
 .bss.fresult   0x200003b0        0x1 ./Core/Src/File_Handling.o
                0x200003b0                fresult
 *fill*         0x200003b1        0x3 
 .bss.pfs       0x200003b4        0x4 ./Core/Src/File_Handling.o
                0x200003b4                pfs
 .bss.fre_clust
                0x200003b8        0x4 ./Core/Src/File_Handling.o
                0x200003b8                fre_clust
 .bss.total     0x200003bc        0x4 ./Core/Src/File_Handling.o
                0x200003bc                total
 .bss.free_space
                0x200003c0        0x4 ./Core/Src/File_Handling.o
                0x200003c0                free_space
 .bss.hltdc     0x200003c4       0xa8 ./Core/Src/ltdc.o
                0x200003c4                hltdc
 .bss.hsd       0x2000046c       0x84 ./Core/Src/sdio.o
                0x2000046c                hsd
 .bss.__sbrk_heap_end
                0x200004f0        0x4 ./Core/Src/sysmem.o
 .bss.huart1    0x200004f4       0x48 ./Core/Src/usart.o
                0x200004f4                huart1
 .bss.uwTick    0x2000053c        0x4 ./Drivers/STM32F4xx_HAL_Driver/Src/stm32f4xx_hal.o
                0x2000053c                uwTick
 .bss.retSD     0x20000540        0x1 ./FATFS/App/fatfs.o
                0x20000540                retSD
 *fill*         0x20000541        0x3 
 .bss.SDPath    0x20000544        0x4 ./FATFS/App/fatfs.o
                0x20000544                SDPath
 .bss.cfgidx.0  0x20000548        0x1 ./Middlewares/ST/STM32_USB_Device_Library/Core/Src/usbd_ctlreq.o
 *fill*         0x20000549        0x3 
 .bss.FatFs     0x2000054c        0x4 ./Middlewares/Third_Party/FatFs/src/ff.o
 .bss.Fsid      0x20000550        0x2 ./Middlewares/Third_Party/FatFs/src/ff.o
 *fill*         0x20000552        0x2 
 .bss.Files     0x20000554       0x20 ./Middlewares/Third_Party/FatFs/src/ff.o
 .bss.disk      0x20000574        0xc ./Middlewares/Third_Party/FatFs/src/ff_gen_drv.o
                0x20000574                disk
 .bss.hUsbDeviceHS
                0x20000580      0x2dc ./USB_DEVICE/App/usb_device.o
                0x20000580                hUsbDeviceHS
 .bss.USBD_StrDesc
                0x2000085c      0x200 ./USB_DEVICE/App/usbd_desc.o
                0x2000085c                USBD_StrDesc
 .bss.hpcd_USB_OTG_HS
                0x20000a5c      0x4e4 ./USB_DEVICE/Target/usbd_conf.o
                0x20000a5c                hpcd_USB_OTG_HS
 .bss.mem.0     0x20000f40      0x278 ./USB_DEVICE/Target/usbd_conf.o
 .bss.__malloc_sbrk_start
                0x200011b8        0x4 /opt/st/stm32cubeide_1.16.1_2/plugins/com.st.stm32cube.ide.mcu.externaltools.gnu-tools-for-stm32.12.3.rel1.linux64_1.0.200.202406132123/tools/bin/../lib/gcc/arm-none-eabi/12.3.1/../../../../arm-none-eabi/lib/thumb/v7e-m+fp/hard/libc_nano.a(libc_a-mallocr.o)
                0x200011b8                __malloc_sbrk_start
 .bss.__malloc_free_list
                0x200011bc        0x4 /opt/st/stm32cubeide_1.16.1_2/plugins/com.st.stm32cube.ide.mcu.externaltools.gnu-tools-for-stm32.12.3.rel1.linux64_1.0.200.202406132123/tools/bin/../lib/gcc/arm-none-eabi/12.3.1/../../../../arm-none-eabi/lib/thumb/v7e-m+fp/hard/libc_nano.a(libc_a-mallocr.o)
                0x200011bc                __malloc_free_list
 .bss.__sf      0x200011c0      0x138 /opt/st/stm32cubeide_1.16.1_2/plugins/com.st.stm32cube.ide.mcu.externaltools.gnu-tools-for-stm32.12.3.rel1.linux64_1.0.200.202406132123/tools/bin/../lib/gcc/arm-none-eabi/12.3.1/../../../../arm-none-eabi/lib/thumb/v7e-m+fp/hard/libc_nano.a(libc_a-findfp.o)
                0x200011c0                __sf
 .bss.errno     0x200012f8        0x4 /opt/st/stm32cubeide_1.16.1_2/plugins/com.st.stm32cube.ide.mcu.externaltools.gnu-tools-for-stm32.12.3.rel1.linux64_1.0.200.202406132123/tools/bin/../lib/gcc/arm-none-eabi/12.3.1/../../../../arm-none-eabi/lib/thumb/v7e-m+fp/hard/libc_nano.a(libc_a-reent.o)
                0x200012f8                errno
 .bss.__lock___malloc_recursive_mutex