Archive member included to satisfy reference by file (symbol)

/opt/st/stm32cubeide_1.16.1_2/plugins/com.st.stm32cube.ide.mcu.externaltools.gnu-tools-for-stm32.12.3.rel1.linux64_1.0.200.202406132123/tools/bin/../lib/gcc/arm-none-eabi/12.3.1/../../../../arm-none-eabi/lib/thumb/v7e-m+fp/hard/libc_nano.a(libc_a-exit.o)
                              /opt/st/stm32cubeide_1.16.1_2/plugins/com.st.stm32cube.ide.mcu.externaltools.gnu-tools-for-stm32.12.3.rel1.linux64_1.0.200.202406132123/tools/bin/../lib/gcc/arm-none-eabi/12.3.1/../../../../arm-none-eabi/lib/thumb/v7e-m+fp/hard/crt0.o (exit)
/opt/st/stm32cubeide_1.16.1_2/plugins/com.st.stm32cube.ide.mcu.externaltools.gnu-tools-for-stm32.12.3.rel1.linux64_1.0.200.202406132123/tools/bin/../lib/gcc/arm-none-eabi/12.3.1/../../../../arm-none-eabi/lib/thumb/v7e-m+fp/hard/libc_nano.a(libc_a-malloc.o)
                              ./Core/Src/File_Handling.o (malloc)
/opt/st/stm32cubeide_1.16.1_2/plugins/com.st.stm32cube.ide.mcu.externaltools.gnu-tools-for-stm32.12.3.rel1.linux64_1.0.200.202406132123/tools/bin/../lib/gcc/arm-none-eabi/12.3.1/../../../../arm-none-eabi/lib/thumb/v7e-m+fp/hard/libc_nano.a(libc_a-mallocr.o)
                              /opt/st/stm32cubeide_1.16.1_2/plugins/com.st.stm32cube.ide.mcu.externaltools.gnu-tools-for-stm32.12.3.rel1.linux64_1.0.200.202406132123/tools/bin/../lib/gcc/arm-none-eabi/12.3.1/../../../../arm-none-eabi/lib/thumb/v7e-m+fp/hard/libc_nano.a(libc_a-malloc.o) (_malloc_r)
/opt/st/stm32cubeide_1.16.1_2/plugins/com.st.stm32cube.ide.mcu.externaltools.gnu-tools-for-stm32.12.3.rel1.linux64_1.0.200.202406132123/tools/bin/../lib/gcc/arm-none-eabi/12.3.1/../../../../arm-none-eabi/lib/thumb/v7e-m+fp/hard/libc_nano.a(libc_a-mlock.o)
                              /opt/st/stm32cubeide_1.16.1_2/plugins/com.st.stm32cube.ide.mcu.externaltools.gnu-tools-for-stm32.12.3.rel1.linux64_1.0.200.202406132123/tools/bin/../lib/gcc/arm-none-eabi/12.3.1/../../../../arm-none-eabi/lib/thumb/v7e-m+fp/hard/libc_nano.a(libc_a-mallocr.o) (__malloc_lock)
/opt/st/stm32cubeide_1.16.1_2/plugins/com.st.stm32cube.ide.mcu.externaltools.gnu-tools-for-stm32.12.3.rel1.linux64_1.0.200.202406132123/tools/bin/../lib/gcc/arm-none-eabi/12.3.1/../../../../arm-none-eabi/lib/thumb/v7e-m+fp/hard/libc_nano.a(libc_a-findfp.o)
                              /opt/st/stm32cubeide_1.16.1_2/plugins/com.st.stm32cube.ide.mcu.externaltools.gnu-tools-for-stm32.12.3.rel1.linux64_1.0.200.202406132123/tools/bin/../lib/gcc/arm-none-eabi/12.3.1/../../../../arm-none-eabi/lib/thumb/v7e-m+fp/hard/libc_nano.a(libc_a-exit.o) (__stdio_exit_handler)
/opt/st/stm32cubeide_1.16.1_2/plugins/com.st.stm32cube.ide.mcu.externaltools.gnu-tools-for-stm32.12.3.rel1.linux64_1.0.200.202406132123/tools/bin/../lib/gcc/arm-none-eabi/12.3.1/../../../../arm-none-eabi/lib/thumb/v7e-m+fp/hard/libc_nano.a(libc_a-fwalk.o)
                              /opt/st/stm32cubeide_1.16.1_2/plugins/com.st.stm32cube.ide.mcu.externaltools.gnu-tools-for-stm32.12.3.rel1.linux64_1.0.200.202406132123/tools/bin/../lib/gcc/arm-none-eabi/12.3.1/../../../../arm-none-eabi/lib/thumb/v7e-m+fp/hard/libc_nano.a(libc_a-findfp.o) (_fwalk_sglue)
/opt/st/stm32cubeide_1.16.1_2/plugins/com.st.stm32cube.ide.mcu.externaltools.gnu-tools-for-stm32.12.3.rel1.linux64_1.0.200.202406132123/tools/bin/../lib/gcc/arm-none-eabi/12.3.1/../../../../arm-none-eabi/lib/thumb/v7e-m+fp/hard/libc_nano.a(libc_a-sprintf.o)
                              ./Core/Src/File_Handling.o (sprintf)
/opt/st/stm32cubeide_1.16.1_2/plugins/com.st.stm32cube.ide.mcu.externaltools.gnu-tools-for-stm32.12.3.rel1.linux64_1.0.200.202406132123/tools/bin/../lib/gcc/arm-none-eabi/12.3.1/../../../../arm-none-eabi/lib/thumb/v7e-m+fp/hard/libc_nano.a(libc_a-stdio.o)
                              /opt/st/stm32cubeide_1.16.1_2/plugins/com.st.stm32cube.ide.mcu.externaltools.gnu-tools-for-stm32.12.3.rel1.linux64_1.0.200.202406132123/tools/bin/../lib/gcc/arm-none-eabi/12.3.1/../../../../arm-none-eabi/lib/thumb/v7e-m+fp/hard/libc_nano.a(libc_a-findfp.o) (__sread)
/opt/st/stm32cubeide_1.16.1_2/plugins/com.st.stm32cube.ide.mcu.externaltools.gnu-tools-for-stm32.12.3.rel1.linux64_1.0.200.202406132123/tools/bin/../lib/gcc/arm-none-eabi/12.3.1/../../../../arm-none-eabi/lib/thumb/v7e-m+fp/hard/libc_nano.a(libc_a-memset.o)
                              /opt/st/stm32cubeide_1.16.1_2/plugins/com.st.stm32cube.ide.mcu.externaltools.gnu-tools-for-stm32.12.3.rel1.linux64_1.0.200.202406132123/tools/bin/../lib/gcc/arm-none-eabi/12.3.1/../../../../arm-none-eabi/lib/thumb/v7e-m+fp/hard/crt0.o (memset)
/opt/st/stm32cubeide_1.16.1_2/plugins/com.st.stm32cube.ide.mcu.externaltools.gnu-tools-for-stm32.12.3.rel1.linux64_1.0.200.202406132123/tools/bin/../lib/gcc/arm-none-eabi/12.3.1/../../../../arm-none-eabi/lib/thumb/v7e-m+fp/hard/libc_nano.a(libc_a-closer.o)
[...]
Memory Configuration

Name             Origin             Length             Attributes
CCMRAM           0x10000000         0x00010000         xrw
RAM              0x20000000         0x00030000         xrw
FLASH            0x08000000         0x00200000         xr
*default*        0x00000000         0xffffffff

Linker script and memory map

LOAD /opt/st/stm32cubeide_1.16.1_2/plugins/com.st.stm32cube.ide.mcu.externaltools.gnu-tools-for-stm32.12.3.rel1.linux64_1.0.200.202406132123/tools/bin/../lib/gcc/arm-none-eabi/12.3.1/thumb/v7e-m+fp/hard/crti.o
LOAD /opt/st/stm32cubeide_1.16.1_2/plugins/com.st.stm32cube.ide.mcu.externaltools.gnu-tools-for-stm32.12.3.rel1.linux64_1.0.200.202406132123/tools/bin/../lib/gcc/arm-none-eabi/12.3.1/thumb/v7e-m+fp/hard/crtbegin.o
LOAD /opt/st/stm32cubeide_1.16.1_2/plugins/com.st.stm32cube.ide.mcu.externaltools.gnu-tools-for-stm32.12.3.rel1.linux64_1.0.200.202406132123/tools/bin/../lib/gcc/arm-none-eabi/12.3.1/../../../../arm-none-eabi/lib/thumb/v7e-m+fp/hard/crt0.o
LOAD ./Core/Src/File_Handling.o
LOAD ./Core/Src/gpio.o
LOAD ./Core/Src/main.o
LOAD ./Core/Src/sdio.o
LOAD ./Core/Src/stm32f4xx_hal_msp.o
LOAD ./Core/Src/stm32f4xx_it.o
LOAD ./Core/Src/syscalls.o
LOAD ./Core/Src/sysmem.o
LOAD ./Core/Src/system_stm32f4xx.o
LOAD ./Core/Src/usart.o
LOAD ./Core/Startup/startup_stm32f429zitx.o
LOAD ./Drivers/STM32F4xx_HAL_Driver/Src/stm32f4xx_hal.o
LOAD ./Drivers/STM32F4xx_HAL_Driver/Src/stm32f4xx_hal_cortex.o
LOAD ./Drivers/STM32F4xx_HAL_Driver/Src/stm32f4xx_hal_dma.o
LOAD ./Drivers/STM32F4xx_HAL_Driver/Src/stm32f4xx_hal_dma_ex.o
LOAD ./Drivers/STM32F4xx_HAL_Driver/Src/stm32f4xx_hal_exti.o
LOAD ./Drivers/STM32F4xx_HAL_Driver/Src/stm32f4xx_hal_flash.o
LOAD ./Drivers/STM32F4xx_HAL_Driver/Src/stm32f4xx_hal_flash_ex.o
LOAD ./Drivers/STM32F4xx_HAL_Driver/Src/stm32f4xx_hal_flash_ramfunc.o
LOAD ./Drivers/STM32F4xx_HAL_Driver/Src/stm32f4xx_hal_gpio.o
LOAD ./Drivers/STM32F4xx_HAL_Driver/Src/stm32f4xx_hal_pwr.o
LOAD ./Drivers/STM32F4xx_HAL_Driver/Src/stm32f4xx_hal_pwr_ex.o
LOAD ./Drivers/STM32F4xx_HAL_Driver/Src/stm32f4xx_hal_rcc.o
LOAD ./Drivers/STM32F4xx_HAL_Driver/Src/stm32f4xx_hal_rcc_ex.o
LOAD ./Drivers/STM32F4xx_HAL_Driver/Src/stm32f4xx_hal_sd.o
LOAD ./Drivers/STM32F4xx_HAL_Driver/Src/stm32f4xx_hal_tim.o
LOAD ./Drivers/STM32F4xx_HAL_Driver/Src/stm32f4xx_hal_tim_ex.o
LOAD ./Drivers/STM32F4xx_HAL_Driver/Src/stm32f4xx_hal_uart.o
LOAD ./Drivers/STM32F4xx_HAL_Driver/Src/stm32f4xx_ll_sdmmc.o
LOAD ./FATFS/App/fatfs.o
LOAD ./FATFS/Target/bsp_driver_sd.o
LOAD ./FATFS/Target/fatfs_platform.o
LOAD ./FATFS/Target/sd_diskio.o
LOAD ./Middlewares/Third_Party/FatFs/src/diskio.o
LOAD ./Middlewares/Third_Party/FatFs/src/ff.o
LOAD ./Middlewares/Third_Party/FatFs/src/ff_gen_drv.o
LOAD ./Middlewares/Third_Party/FatFs/src/option/syscall.o
START GROUP
LOAD /opt/st/stm32cubeide_1.16.1_2/plugins/com.st.stm32cube.ide.mcu.externaltools.gnu-tools-for-stm32.12.3.rel1.linux64_1.0.200.202406132123/tools/bin/../lib/gcc/arm-none-eabi/12.3.1/../../../../arm-none-eabi/lib/thumb/v7e-m+fp/hard/libc_nano.a
LOAD /opt/st/stm32cubeide_1.16.1_2/plugins/com.st.stm32cube.ide.mcu.externaltools.gnu-tools-for-stm32.12.3.rel1.linux64_1.0.200.202406132123/tools/bin/../lib/gcc/arm-none-eabi/12.3.1/../../../../arm-none-eabi/lib/thumb/v7e-m+fp/hard/libm.a
END GROUP
START GROUP
LOAD /opt/st/stm32cubeide_1.16.1_2/plugins/com.st.stm32cube.ide.mcu.externaltools.gnu-tools-for-stm32.12.3.rel1.linux64_1.0.200.202406132123/tools/bin/../lib/gcc/arm-none-eabi/12.3.1/thumb/v7e-m+fp/hard/libgcc.a
LOAD /opt/st/stm32cubeide_1.16.1_2/plugins/com.st.stm32cube.ide.mcu.externaltools.gnu-tools-for-stm32.12.3.rel1.linux64_1.0.200.202406132123/tools/bin/../lib/gcc/arm-none-eabi/12.3.1/../../../../arm-none-eabi/lib/thumb/v7e-m+fp/hard/libc_nano.a
END GROUP
START GROUP
LOAD /opt/st/stm32cubeide_1.16.1_2/plugins/com.st.stm32cube.ide.mcu.externaltools.gnu-tools-for-stm32.12.3.rel1.linux64_1.0.200.202406132123/tools/bin/../lib/gcc/arm-none-eabi/12.3.1/thumb/v7e-m+fp/hard/libgcc.a
LOAD /opt/st/stm32cubeide_1.16.1_2/plugins/com.st.stm32cube.ide.mcu.externaltools.gnu-tools-for-stm32.12.3.rel1.linux64_1.0.200.202406132123/tools/bin/../lib/gcc/arm-none-eabi/12.3.1/../../../../arm-none-eabi/lib/thumb/v7e-m+fp/hard/libc_nano.a
LOAD /opt/st/stm32cubeide_1.16.1_2/plugins/com.st.stm32cube.ide.mcu.externaltools.gnu-tools-for-stm32.12.3.rel1.linux64_1.0.200.202406132123/tools/bin/../lib/gcc/arm-none-eabi/12.3.1/../../../../arm-none-eabi/lib/thumb/v7e-m+fp/hard/libnosys.a
END GROUP
START GROUP
LOAD /opt/st/stm32cubeide_1.16.1_2/plugins/com.st.stm32cube.ide.mcu.externaltools.gnu-tools-for-stm32.12.3.rel1.linux64_1.0.200.202406132123/tools/bin/../lib/gcc/arm-none-eabi/12.3.1/thumb/v7e-m+fp/hard/libgcc.a
LOAD /opt/st/stm32cubeide_1.16.1_2/plugins/com.st.stm32cube.ide.mcu.externaltools.gnu-tools-for-stm32.12.3.rel1.linux64_1.0.200.202406132123/tools/bin/../lib/gcc/arm-none-eabi/12.3.1/../../../../arm-none-eabi/lib/thumb/v7e-m+fp/hard/libc_nano.a
LOAD /opt/st/stm32cubeide_1.16.1_2/plugins/com.st.stm32cube.ide.mcu.externaltools.gnu-tools-for-stm32.12.3.rel1.linux64_1.0.200.202406132123/tools/bin/../lib/gcc/arm-none-eabi/12.3.1/../../../../arm-none-eabi/lib/thumb/v7e-m+fp/hard/libnosys.a
END GROUP
LOAD /opt/st/stm32cubeide_1.16.1_2/plugins/com.st.stm32cube.ide.mcu.externaltools.gnu-tools-for-stm32.12.3.rel1.linux64_1.0.200.202406132123/tools/bin/../lib/gcc/arm-none-eabi/12.3.1/thumb/v7e-m+fp/hard/crtend.o
LOAD /opt/st/stm32cubeide_1.16.1_2/plugins/com.st.stm32cube.ide.mcu.externaltools.gnu-tools-for-stm32.12.3.rel1.linux64_1.0.200.202406132123/tools/bin/../lib/gcc/arm-none-eabi/12.3.1/thumb/v7e-m+fp/hard/crtn.o
                0x20030000                        _estack = (ORIGIN (RAM) + LENGTH (RAM))
                0x00000200                        _Min_Heap_Size = 0x200
                0x00000400                        _Min_Stack_Size = 0x400

.isr_vector     0x08000000      0x1ac
                0x08000000                        . = ALIGN (0x4)
 *(.isr_vector)
 .isr_vector    0x08000000      0x1ac ./Core/Startup/startup_stm32f429zitx.o
                0x08000000                g_pfnVectors
                0x080001ac                        . = ALIGN (0x4)

.text           0x080001b0     0x6fc4
                0x080001b0                        . = ALIGN (0x4)
 *(.text)
 .text          0x080001b0       0x40 /opt/st/stm32cubeide_1.16.1_2/plugins/com.st.stm32cube.ide.mcu.externaltools.gnu-tools-for-stm32.12.3.rel1.linux64_1.0.200.202406132123/tools/bin/../lib/gcc/arm-none-eabi/12.3.1/thumb/v7e-m+fp/hard/crtbegin.o
 .text          0x080001f0       0x14 /opt/st/stm32cubeide_1.16.1_2/plugins/com.st.stm32cube.ide.mcu.externaltools.gnu-tools-for-stm32.12.3.rel1.linux64_1.0.200.202406132123/tools/bin/../lib/gcc/arm-none-eabi/12.3.1/../../../../arm-none-eabi/lib/thumb/v7e-m+fp/hard/libc_nano.a(libc_a-strcmp.o)
                0x080001f0                strcmp
 .text          0x08000204       0x10 /opt/st/stm32cubeide_1.16.1_2/plugins/com.st.stm32cube.ide.mcu.externaltools.gnu-tools-for-stm32.12.3.rel1.linux64_1.0.200.202406132123/tools/bin/../lib/gcc/arm-none-eabi/12.3.1/../../../../arm-none-eabi/lib/thumb/v7e-m+fp/hard/libc_nano.a(libc_a-strlen.o)
                0x08000204                strlen
 *fill*         0x08000214        0xc 
 .text          0x08000220       0xa0 /opt/st/stm32cubeide_1.16.1_2/plugins/com.st.stm32cube.ide.mcu.externaltools.gnu-tools-for-stm32.12.3.rel1.linux64_1.0.200.202406132123/tools/bin/../lib/gcc/arm-none-eabi/12.3.1/../../../../arm-none-eabi/lib/thumb/v7e-m+fp/hard/libc_nano.a(libc_a-memchr.o)
                0x08000220                memchr
 .text          0x080002c0      0x254 /opt/st/stm32cubeide_1.16.1_2/plugins/com.st.stm32cube.ide.mcu.externaltools.gnu-tools-for-stm32.12.3.rel1.linux64_1.0.200.202406132123/tools/bin/../lib/gcc/arm-none-eabi/12.3.1/thumb/v7e-m+fp/hard/libgcc.a(_arm_muldf3.o)
                0x080002c0                __aeabi_dmul
                0x080002c0                __muldf3
 .text          0x08000514      0x378 /opt/st/stm32cubeide_1.16.1_2/plugins/com.st.stm32cube.ide.mcu.externaltools.gnu-tools-for-stm32.12.3.rel1.linux64_1.0.200.202406132123/tools/bin/../lib/gcc/arm-none-eabi/12.3.1/thumb/v7e-m+fp/hard/libgcc.a(_arm_addsubdf3.o)
                0x08000514                __aeabi_drsub
                0x0800051c                __aeabi_dsub
                0x0800051c                __subdf3
                0x08000520                __adddf3
                0x08000520                __aeabi_dadd
                0x08000798                __aeabi_ui2d
                0x08000798                __floatunsidf
                0x080007b8                __floatsidf
                0x080007b8                __aeabi_i2d
                0x080007dc                __extendsfdf2
                0x080007dc                __aeabi_f2d
                0x08000820                __aeabi_ul2d
                0x08000820                __floatundidf
                0x08000830                __floatdidf
                0x08000830                __aeabi_l2d
 .text          0x0800088c       0x40 /opt/st/stm32cubeide_1.16.1_2/plugins/com.st.stm32cube.ide.mcu.externaltools.gnu-tools-for-stm32.12.3.rel1.linux64_1.0.200.202406132123/tools/bin/../lib/gcc/arm-none-eabi/12.3.1/thumb/v7e-m+fp/hard/libgcc.a(_arm_fixunsdfsi.o)
                0x0800088c                __fixunsdfsi
                0x0800088c                __aeabi_d2uiz
 .text          0x080008cc       0x30 /opt/st/stm32cubeide_1.16.1_2/plugins/com.st.stm32cube.ide.mcu.externaltools.gnu-tools-for-stm32.12.3.rel1.linux64_1.0.200.202406132123/tools/bin/../lib/gcc/arm-none-eabi/12.3.1/thumb/v7e-m+fp/hard/libgcc.a(_aeabi_uldivmod.o)
                0x080008cc                __aeabi_uldivmod
 .text          0x080008fc      0x2bc /opt/st/stm32cubeide_1.16.1_2/plugins/com.st.stm32cube.ide.mcu.externaltools.gnu-tools-for-stm32.12.3.rel1.linux64_1.0.200.202406132123/tools/bin/../lib/gcc/arm-none-eabi/12.3.1/thumb/v7e-m+fp/hard/libgcc.a(_udivmoddi4.o)
                0x080008fc                __udivmoddi4
 .text          0x08000bb8        0x4 /opt/st/stm32cubeide_1.16.1_2/plugins/com.st.stm32cube.ide.mcu.externaltools.gnu-tools-for-stm32.12.3.rel1.linux64_1.0.200.202406132123/tools/bin/../lib/gcc/arm-none-eabi/12.3.1/thumb/v7e-m+fp/hard/libgcc.a(_dvmd_tls.o)
                0x08000bb8                __aeabi_ldiv0
                0x08000bb8                __aeabi_idiv0
 *(.text*)
 .text.Send_Uart
                0x08000bbc       0x2c ./Core/Src/File_Handling.o
                0x08000bbc                Send_Uart
 .text.Mount_SD
                0x08000be8       0x48 ./Core/Src/File_Handling.o
                0x08000be8                Mount_SD
 .text.Scan_SD  0x08000c30      0x138 ./Core/Src/File_Handling.o
                0x08000c30                Scan_SD
 .text.Check_SD_Space
                0x08000d68       0xe8 ./Core/Src/File_Handling.o
                0x08000d68                Check_SD_Space
 .text.MX_GPIO_Init
                0x08000e50      0x4cc ./Core/Src/gpio.o
                0x08000e50                MX_GPIO_Init
 .text.main     0x0800131c       0x34 ./Core/Src/main.o
                0x0800131c                main
 .text.SystemClock_Config
                0x08001350       0xd4 ./Core/Src/main.o
                0x08001350                SystemClock_Config
 .text.Error_Handler
                0x08001424        0xc ./Core/Src/main.o
                0x08001424                Error_Handler
 .text.MX_SDIO_SD_Init
                0x08001430       0x40 ./Core/Src/sdio.o
                0x08001430                MX_SDIO_SD_Init
 .text.HAL_SD_MspInit
                0x08001470       0xd0 ./Core/Src/sdio.o
                0x08001470                HAL_SD_MspInit
 .text.HAL_MspInit
                0x08001540       0x50 ./Core/Src/stm32f4xx_hal_msp.o
                0x08001540                HAL_MspInit
 .text.NMI_Handler
                0x08001590        0x8 ./Core/Src/stm32f4xx_it.o
                0x08001590                NMI_Handler
 .text.HardFault_Handler
                0x08001598        0x8 ./Core/Src/stm32f4xx_it.o
                0x08001598                HardFault_Handler
 .text.MemManage_Handler
                0x080015a0        0x8 ./Core/Src/stm32f4xx_it.o
                0x080015a0                MemManage_Handler
 .text.BusFault_Handler
                0x080015a8        0x8 ./Core/Src/stm32f4xx_it.o
                0x080015a8                BusFault_Handler
 .text.UsageFault_Handler
                0x080015b0        0x8 ./Core/Src/stm32f4xx_it.o
                0x080015b0                UsageFault_Handler
 .text.SVC_Handler
                0x080015b8        0xe ./Core/Src/stm32f4xx_it.o
                0x080015b8                SVC_Handler
 .text.DebugMon_Handler
                0x080015c6        0xe ./Core/Src/stm32f4xx_it.o
                0x080015c6                DebugMon_Handler
 .text.PendSV_Handler
                0x080015d4        0xe ./Core/Src/stm32f4xx_it.o
                0x080015d4                PendSV_Handler
 .text.SysTick_Handler
                0x080015e2        0xc ./Core/Src/stm32f4xx_it.o
                0x080015e2                SysTick_Handler
 *fill*         0x080015ee        0x2 
 .text._sbrk    0x080015f0       0x6c ./Core/Src/sysmem.o
                0x080015f0                _sbrk
 .text.SystemInit
                0x0800165c       0x24 ./Core/Src/system_stm32f4xx.o
                0x0800165c                SystemInit
 .text.MX_USART1_UART_Init
                0x08001680       0x54 ./Core/Src/usart.o
                0x08001680                MX_USART1_UART_Init
 .text.HAL_UART_MspInit
                0x080016d4       0x90 ./Core/Src/usart.o
                0x080016d4                HAL_UART_MspInit
 .text.Reset_Handler
                0x08001764       0x50 ./Core/Startup/startup_stm32f429zitx.o
                0x08001764                Reset_Handler
 .text.Default_Handler
                0x080017b4        0x2 ./Core/Startup/startup_stm32f429zitx.o
                0x080017b4                RTC_Alarm_IRQHandler
                0x080017b4                HASH_RNG_IRQHandler
                0x080017b4                EXTI2_IRQHandler
                0x080017b4                TIM8_CC_IRQHandler
                0x080017b4                UART8_IRQHandler
                0x080017b4                SPI4_IRQHandler
                0x080017b4                TIM1_CC_IRQHandler
                0x080017b4                DMA2_Stream5_IRQHandler
                0x080017b4                DMA1_Stream5_IRQHandler
                0x080017b4                PVD_IRQHandler
                0x080017b4                SDIO_IRQHandler
                0x080017b4                TAMP_STAMP_IRQHandler
                0x080017b4                CAN2_RX1_IRQHandler
                0x080017b4                EXTI3_IRQHandler
                0x080017b4                TIM8_TRG_COM_TIM14_IRQHandler
                0x080017b4                TIM1_UP_TIM10_IRQHandler
                0x080017b4                TIM8_UP_TIM13_IRQHandler
                0x080017b4                I2C3_ER_IRQHandler
                0x080017b4                EXTI0_IRQHandler
                0x080017b4                I2C2_EV_IRQHandler
                0x080017b4                DMA1_Stream2_IRQHandler
                0x080017b4                CAN1_RX0_IRQHandler
                0x080017b4                FPU_IRQHandler
                0x080017b4                OTG_HS_WKUP_IRQHandler
                0x080017b4                LTDC_ER_IRQHandler
                0x080017b4                CAN2_SCE_IRQHandler
                0x080017b4                DMA2_Stream2_IRQHandler
                0x080017b4                SPI1_IRQHandler
                0x080017b4                TIM6_DAC_IRQHandler
                0x080017b4                TIM1_BRK_TIM9_IRQHandler
                0x080017b4                DCMI_IRQHandler
                0x080017b4                CAN2_RX0_IRQHandler
                0x080017b4                DMA2_Stream3_IRQHandler
                0x080017b4                USART6_IRQHandler
                0x080017b4                USART3_IRQHandler
                0x080017b4                CAN1_RX1_IRQHandler
                0x080017b4                UART5_IRQHandler
                0x080017b4                DMA2_Stream0_IRQHandler
                0x080017b4                TIM4_IRQHandler
                0x080017b4                I2C1_EV_IRQHandler
                0x080017b4                DMA1_Stream6_IRQHandler
                0x080017b4                DMA1_Stream1_IRQHandler
                0x080017b4                UART4_IRQHandler
                0x080017b4                TIM3_IRQHandler
                0x080017b4                RCC_IRQHandler
                0x080017b4                TIM8_BRK_TIM12_IRQHandler
                0x080017b4                Default_Handler
                0x080017b4                EXTI15_10_IRQHandler
                0x080017b4                ADC_IRQHandler
                0x080017b4                DMA1_Stream7_IRQHandler
                0x080017b4                SPI5_IRQHandler
                0x080017b4                TIM7_IRQHandler
                0x080017b4                CAN2_TX_IRQHandler
                0x080017b4                TIM5_IRQHandler
                0x080017b4                DMA2_Stream7_IRQHandler
                0x080017b4                I2C3_EV_IRQHandler
                0x080017b4                EXTI9_5_IRQHandler
                0x080017b4                RTC_WKUP_IRQHandler
                0x080017b4                LTDC_IRQHandler
                0x080017b4                ETH_WKUP_IRQHandler
                0x080017b4                SPI2_IRQHandler
                0x080017b4                OTG_HS_EP1_IN_IRQHandler
                0x080017b4                DMA1_Stream0_IRQHandler
                0x080017b4                CAN1_TX_IRQHandler
                0x080017b4                EXTI4_IRQHandler
                0x080017b4                ETH_IRQHandler
                0x080017b4                OTG_HS_EP1_OUT_IRQHandler
                0x080017b4                WWDG_IRQHandler
                0x080017b4                SPI6_IRQHandler
                0x080017b4                TIM2_IRQHandler
                0x080017b4                OTG_FS_WKUP_IRQHandler
                0x080017b4                TIM1_TRG_COM_TIM11_IRQHandler
                0x080017b4                OTG_HS_IRQHandler
                0x080017b4                DMA2D_IRQHandler
                0x080017b4                EXTI1_IRQHandler
                0x080017b4                UART7_IRQHandler
                0x080017b4                USART2_IRQHandler
                0x080017b4                I2C2_ER_IRQHandler
                0x080017b4                DMA2_Stream1_IRQHandler
                0x080017b4                CAN1_SCE_IRQHandler
                0x080017b4                FLASH_IRQHandler
                0x080017b4                DMA2_Stream4_IRQHandler
                0x080017b4                USART1_IRQHandler
                0x080017b4                OTG_FS_IRQHandler
                0x080017b4                SPI3_IRQHandler
                0x080017b4                DMA1_Stream4_IRQHandler
                0x080017b4                I2C1_ER_IRQHandler
                0x080017b4                FMC_IRQHandler
                0x080017b4                DMA2_Stream6_IRQHandler
                0x080017b4                SAI1_IRQHandler
                0x080017b4                DMA1_Stream3_IRQHandler
 *fill*         0x080017b6        0x2 
 .text.HAL_Init
                0x080017b8       0x44 ./Drivers/STM32F4xx_HAL_Driver/Src/stm32f4xx_hal.o
                0x080017b8                HAL_Init
 .text.HAL_InitTick
                0x080017fc       0x60 ./Drivers/STM32F4xx_HAL_Driver/Src/stm32f4xx_hal.o
                0x080017fc                HAL_InitTick
 .text.HAL_IncTick
                0x0800185c       0x28 ./Drivers/STM32F4xx_HAL_Driver/Src/stm32f4xx_hal.o
                0x0800185c                HAL_IncTick
 .text.HAL_GetTick
                0x08001884       0x18 ./Drivers/STM32F4xx_HAL_Driver/Src/stm32f4xx_hal.o
                0x08001884                HAL_GetTick
 .text.HAL_Delay
                0x0800189c       0x48 ./Drivers/STM32F4xx_HAL_Driver/Src/stm32f4xx_hal.o
                0x0800189c                HAL_Delay
 .text.__NVIC_SetPriorityGrouping
                0x080018e4       0x48 ./Drivers/STM32F4xx_HAL_Driver/Src/stm32f4xx_hal_cortex.o
 .text.__NVIC_GetPriorityGrouping
                0x0800192c       0x1c ./Drivers/STM32F4xx_HAL_Driver/Src/stm32f4xx_hal_cortex.o
 .text.__NVIC_SetPriority
                0x08001948       0x54 ./Drivers/STM32F4xx_HAL_Driver/Src/stm32f4xx_hal_cortex.o
 .text.NVIC_EncodePriority
                0x0800199c       0x66 ./Drivers/STM32F4xx_HAL_Driver/Src/stm32f4xx_hal_cortex.o
 *fill*         0x08001a02        0x2 
 .text.SysTick_Config
                0x08001a04       0x44 ./Drivers/STM32F4xx_HAL_Driver/Src/stm32f4xx_hal_cortex.o
 .text.HAL_NVIC_SetPriorityGrouping
                0x08001a48       0x16 ./Drivers/STM32F4xx_HAL_Driver/Src/stm32f4xx_hal_cortex.o
                0x08001a48                HAL_NVIC_SetPriorityGrouping
 .text.HAL_NVIC_SetPriority
                0x08001a5e       0x38 ./Drivers/STM32F4xx_HAL_Driver/Src/stm32f4xx_hal_cortex.o
                0x08001a5e                HAL_NVIC_SetPriority
 .text.HAL_SYSTICK_Config
                0x08001a96       0x18 ./Drivers/STM32F4xx_HAL_Driver/Src/stm32f4xx_hal_cortex.o
                0x08001a96                HAL_SYSTICK_Config
 *fill*         0x08001aae        0x2 
 .text.HAL_GPIO_Init
                0x08001ab0      0x358 ./Drivers/STM32F4xx_HAL_Driver/Src/stm32f4xx_hal_gpio.o
                0x08001ab0                HAL_GPIO_Init
 .text.HAL_GPIO_ReadPin
                0x08001e08       0x30 ./Drivers/STM32F4xx_HAL_Driver/Src/stm32f4xx_hal_gpio.o
                0x08001e08                HAL_GPIO_ReadPin
 .text.HAL_GPIO_WritePin
                0x08001e38       0x32 ./Drivers/STM32F4xx_HAL_Driver/Src/stm32f4xx_hal_gpio.o
                0x08001e38                HAL_GPIO_WritePin
 *fill*         0x08001e6a        0x2 
 .text.HAL_RCC_OscConfig
                0x08001e6c      0x4f0 ./Drivers/STM32F4xx_HAL_Driver/Src/stm32f4xx_hal_rcc.o
                0x08001e6c                HAL_RCC_OscConfig
 .text.HAL_RCC_ClockConfig
                0x0800235c      0x1cc ./Drivers/STM32F4xx_HAL_Driver/Src/stm32f4xx_hal_rcc.o
                0x0800235c                HAL_RCC_ClockConfig
 .text.HAL_RCC_GetSysClockFreq
                0x08002528      0x20c ./Drivers/STM32F4xx_HAL_Driver/Src/stm32f4xx_hal_rcc.o
                0x08002528                HAL_RCC_GetSysClockFreq
 .text.HAL_RCC_GetHCLKFreq
                0x08002734       0x18 ./Drivers/STM32F4xx_HAL_Driver/Src/stm32f4xx_hal_rcc.o
                0x08002734                HAL_RCC_GetHCLKFreq
 .text.HAL_RCC_GetPCLK1Freq
                0x0800274c       0x28 ./Drivers/STM32F4xx_HAL_Driver/Src/stm32f4xx_hal_rcc.o
                0x0800274c                HAL_RCC_GetPCLK1Freq
 .text.HAL_RCC_GetPCLK2Freq
                0x08002774       0x28 ./Drivers/STM32F4xx_HAL_Driver/Src/stm32f4xx_hal_rcc.o
                0x08002774                HAL_RCC_GetPCLK2Freq
 .text.HAL_SD_Init
                0x0800279c       0x60 ./Drivers/STM32F4xx_HAL_Driver/Src/stm32f4xx_hal_sd.o
                0x0800279c                HAL_SD_Init
 .text.HAL_SD_InitCard
                0x080027fc      0x100 ./Drivers/STM32F4xx_HAL_Driver/Src/stm32f4xx_hal_sd.o
                0x080027fc                HAL_SD_InitCard
 .text.HAL_SD_ReadBlocks
                0x080028fc      0x3cc ./Drivers/STM32F4xx_HAL_Driver/Src/stm32f4xx_hal_sd.o
                0x080028fc                HAL_SD_ReadBlocks
 .text.HAL_SD_WriteBlocks
                0x08002cc8      0x31c ./Drivers/STM32F4xx_HAL_Driver/Src/stm32f4xx_hal_sd.o
                0x08002cc8                HAL_SD_WriteBlocks
 .text.HAL_SD_GetCardCSD
                0x08002fe4      0x348 ./Drivers/STM32F4xx_HAL_Driver/Src/stm32f4xx_hal_sd.o
                0x08002fe4                HAL_SD_GetCardCSD
 .text.HAL_SD_GetCardInfo
                0x0800332c       0x58 ./Drivers/STM32F4xx_HAL_Driver/Src/stm32f4xx_hal_sd.o
                0x0800332c                HAL_SD_GetCardInfo
 .text.HAL_SD_GetCardState
                0x08003384       0x40 ./Drivers/STM32F4xx_HAL_Driver/Src/stm32f4xx_hal_sd.o
                0x08003384                HAL_SD_GetCardState
 .text.SD_InitCard
                0x080033c4      0x19c ./Drivers/STM32F4xx_HAL_Driver/Src/stm32f4xx_hal_sd.o
 .text.SD_PowerON
                0x08003560      0x11c ./Drivers/STM32F4xx_HAL_Driver/Src/stm32f4xx_hal_sd.o
 .text.SD_SendStatus
                0x0800367c       0x50 ./Drivers/STM32F4xx_HAL_Driver/Src/stm32f4xx_hal_sd.o
 .text.HAL_UART_Init
                0x080036cc       0xa0 ./Drivers/STM32F4xx_HAL_Driver/Src/stm32f4xx_hal_uart.o
                0x080036cc                HAL_UART_Init
 .text.HAL_UART_Transmit
                0x0800376c      0x116 ./Drivers/STM32F4xx_HAL_Driver/Src/stm32f4xx_hal_uart.o
                0x0800376c                HAL_UART_Transmit
 .text.UART_WaitOnFlagUntilTimeout
                0x08003882       0xb2 ./Drivers/STM32F4xx_HAL_Driver/Src/stm32f4xx_hal_uart.o
 .text.UART_EndRxTransfer
                0x08003934       0xc6 ./Drivers/STM32F4xx_HAL_Driver/Src/stm32f4xx_hal_uart.o
 *fill*         0x080039fa        0x2 
 .text.UART_SetConfig
                0x080039fc      0x4e8 ./Drivers/STM32F4xx_HAL_Driver/Src/stm32f4xx_hal_uart.o
 .text.SDIO_Init
                0x08003ee4       0x56 ./Drivers/STM32F4xx_HAL_Driver/Src/stm32f4xx_ll_sdmmc.o
                0x08003ee4                SDIO_Init
 .text.SDIO_ReadFIFO
                0x08003f3a       0x1a ./Drivers/STM32F4xx_HAL_Driver/Src/stm32f4xx_ll_sdmmc.o
                0x08003f3a                SDIO_ReadFIFO
 .text.SDIO_WriteFIFO
                0x08003f54       0x22 ./Drivers/STM32F4xx_HAL_Driver/Src/stm32f4xx_ll_sdmmc.o
                0x08003f54                SDIO_WriteFIFO
 .text.SDIO_PowerState_ON
                0x08003f76       0x1c ./Drivers/STM32F4xx_HAL_Driver/Src/stm32f4xx_ll_sdmmc.o
                0x08003f76                SDIO_PowerState_ON
 .text.SDIO_GetPowerState
                0x08003f92       0x1c ./Drivers/STM32F4xx_HAL_Driver/Src/stm32f4xx_ll_sdmmc.o
                0x08003f92                SDIO_GetPowerState
 .text.SDIO_SendCommand
                0x08003fae       0x54 ./Drivers/STM32F4xx_HAL_Driver/Src/stm32f4xx_ll_sdmmc.o
                0x08003fae                SDIO_SendCommand
 .text.SDIO_GetCommandResponse
                0x08004002       0x1a ./Drivers/STM32F4xx_HAL_Driver/Src/stm32f4xx_ll_sdmmc.o
                0x08004002                SDIO_GetCommandResponse
 .text.SDIO_GetResponse
                0x0800401c       0x26 ./Drivers/STM32F4xx_HAL_Driver/Src/stm32f4xx_ll_sdmmc.o
                0x0800401c                SDIO_GetResponse
 .text.SDIO_ConfigData
                0x08004042       0x58 ./Drivers/STM32F4xx_HAL_Driver/Src/stm32f4xx_ll_sdmmc.o
                0x08004042                SDIO_ConfigData
 .text.SDMMC_CmdBlockLength
                0x0800409a       0x44 ./Drivers/STM32F4xx_HAL_Driver/Src/stm32f4xx_ll_sdmmc.o
                0x0800409a                SDMMC_CmdBlockLength
 .text.SDMMC_CmdReadSingleBlock
                0x080040de       0x44 ./Drivers/STM32F4xx_HAL_Driver/Src/stm32f4xx_ll_sdmmc.o
                0x080040de                SDMMC_CmdReadSingleBlock
 .text.SDMMC_CmdReadMultiBlock
                0x08004122       0x44 ./Drivers/STM32F4xx_HAL_Driver/Src/stm32f4xx_ll_sdmmc.o
                0x08004122                SDMMC_CmdReadMultiBlock
 .text.SDMMC_CmdWriteSingleBlock
                0x08004166       0x44 ./Drivers/STM32F4xx_HAL_Driver/Src/stm32f4xx_ll_sdmmc.o
                0x08004166                SDMMC_CmdWriteSingleBlock
 .text.SDMMC_CmdWriteMultiBlock
                0x080041aa       0x44 ./Drivers/STM32F4xx_HAL_Driver/Src/stm32f4xx_ll_sdmmc.o
                0x080041aa                SDMMC_CmdWriteMultiBlock
 *fill*         0x080041ee        0x2 
 .text.SDMMC_CmdStopTransfer
                0x080041f0       0x44 ./Drivers/STM32F4xx_HAL_Driver/Src/stm32f4xx_ll_sdmmc.o
                0x080041f0                SDMMC_CmdStopTransfer
 .text.SDMMC_CmdSelDesel
                0x08004234       0x46 ./Drivers/STM32F4xx_HAL_Driver/Src/stm32f4xx_ll_sdmmc.o
                0x08004234                SDMMC_CmdSelDesel
 .text.SDMMC_CmdGoIdleState
                0x0800427a       0x3c ./Drivers/STM32F4xx_HAL_Driver/Src/stm32f4xx_ll_sdmmc.o
                0x0800427a                SDMMC_CmdGoIdleState
 .text.SDMMC_CmdOperCond
                0x080042b6       0x3e ./Drivers/STM32F4xx_HAL_Driver/Src/stm32f4xx_ll_sdmmc.o
                0x080042b6                SDMMC_CmdOperCond
 .text.SDMMC_CmdAppCommand
                0x080042f4       0x44 ./Drivers/STM32F4xx_HAL_Driver/Src/stm32f4xx_ll_sdmmc.o
                0x080042f4                SDMMC_CmdAppCommand
 .text.SDMMC_CmdAppOperCommand
                0x08004338       0x46 ./Drivers/STM32F4xx_HAL_Driver/Src/stm32f4xx_ll_sdmmc.o
                0x08004338                SDMMC_CmdAppOperCommand
 .text.SDMMC_CmdSendCID
                0x0800437e       0x3c ./Drivers/STM32F4xx_HAL_Driver/Src/stm32f4xx_ll_sdmmc.o
                0x0800437e                SDMMC_CmdSendCID
 .text.SDMMC_CmdSendCSD
                0x080043ba       0x3e ./Drivers/STM32F4xx_HAL_Driver/Src/stm32f4xx_ll_sdmmc.o
                0x080043ba                SDMMC_CmdSendCSD
 .text.SDMMC_CmdSetRelAdd
                0x080043f8       0x42 ./Drivers/STM32F4xx_HAL_Driver/Src/stm32f4xx_ll_sdmmc.o
                0x080043f8                SDMMC_CmdSetRelAdd
 .text.SDMMC_CmdSendStatus
                0x0800443a       0x44 ./Drivers/STM32F4xx_HAL_Driver/Src/stm32f4xx_ll_sdmmc.o
                0x0800443a                SDMMC_CmdSendStatus
 *fill*         0x0800447e        0x2 
 .text.SDMMC_GetCmdResp1
                0x08004480      0x1dc ./Drivers/STM32F4xx_HAL_Driver/Src/stm32f4xx_ll_sdmmc.o
                0x08004480                SDMMC_GetCmdResp1
 .text.SDMMC_GetCmdResp2
                0x0800465c       0x90 ./Drivers/STM32F4xx_HAL_Driver/Src/stm32f4xx_ll_sdmmc.o
                0x0800465c                SDMMC_GetCmdResp2
 .text.SDMMC_GetCmdResp3
                0x080046ec       0x7c ./Drivers/STM32F4xx_HAL_Driver/Src/stm32f4xx_ll_sdmmc.o
                0x080046ec                SDMMC_GetCmdResp3
 .text.SDMMC_GetCmdResp6
                0x08004768       0xec ./Drivers/STM32F4xx_HAL_Driver/Src/stm32f4xx_ll_sdmmc.o
                0x08004768                SDMMC_GetCmdResp6
 .text.SDMMC_GetCmdResp7
                0x08004854       0x9c ./Drivers/STM32F4xx_HAL_Driver/Src/stm32f4xx_ll_sdmmc.o
                0x08004854                SDMMC_GetCmdResp7
 .text.SDMMC_GetCmdError
                0x080048f0       0x58 ./Drivers/STM32F4xx_HAL_Driver/Src/stm32f4xx_ll_sdmmc.o
 .text.MX_FATFS_Init
                0x08004948       0x24 ./FATFS/App/fatfs.o
                0x08004948                MX_FATFS_Init
 .text.BSP_SD_Init
                0x0800496c       0x30 ./FATFS/Target/bsp_driver_sd.o
                0x0800496c                BSP_SD_Init
 .text.BSP_SD_ReadBlocks
                0x0800499c       0x3c ./FATFS/Target/bsp_driver_sd.o
                0x0800499c                BSP_SD_ReadBlocks
 .text.BSP_SD_WriteBlocks
                0x080049d8       0x3c ./FATFS/Target/bsp_driver_sd.o
                0x080049d8                BSP_SD_WriteBlocks
 .text.BSP_SD_GetCardState
                0x08004a14       0x20 ./FATFS/Target/bsp_driver_sd.o
                0x08004a14                BSP_SD_GetCardState
 .text.BSP_SD_GetCardInfo
                0x08004a34       0x1c ./FATFS/Target/bsp_driver_sd.o
                0x08004a34                BSP_SD_GetCardInfo
 .text.BSP_SD_IsDetected
                0x08004a50       0x24 ./FATFS/Target/bsp_driver_sd.o
                0x08004a50                BSP_SD_IsDetected
 .text.BSP_PlatformIsDetected
                0x08004a74       0x2c ./FATFS/Target/fatfs_platform.o
                0x08004a74                BSP_PlatformIsDetected
 .text.SD_CheckStatus
                0x08004aa0       0x3c ./FATFS/Target/sd_diskio.o
 .text.SD_initialize
                0x08004adc       0x3c ./FATFS/Target/sd_diskio.o
                0x08004adc                SD_initialize
 .text.SD_status
                0x08004b18       0x1c ./FATFS/Target/sd_diskio.o
                0x08004b18                SD_status
 .text.SD_read  0x08004b34       0x42 ./FATFS/Target/sd_diskio.o
                0x08004b34                SD_read
 .text.SD_write
                0x08004b76       0x42 ./FATFS/Target/sd_diskio.o
                0x08004b76                SD_write
 .text.SD_ioctl
                0x08004bb8       0xb0 ./FATFS/Target/sd_diskio.o
                0x08004bb8                SD_ioctl
 .text.disk_status
                0x08004c68       0x34 ./Middlewares/Third_Party/FatFs/src/diskio.o
                0x08004c68                disk_status
 .text.disk_initialize
                0x08004c9c       0x50 ./Middlewares/Third_Party/FatFs/src/diskio.o
                0x08004c9c                disk_initialize
 .text.disk_read
                0x08004cec       0x40 ./Middlewares/Third_Party/FatFs/src/diskio.o
                0x08004cec                disk_read
 .text.disk_write
                0x08004d2c       0x40 ./Middlewares/Third_Party/FatFs/src/diskio.o
                0x08004d2c                disk_write
 .text.ld_word  0x08004d6c       0x30 ./Middlewares/Third_Party/FatFs/src/ff.o
 .text.ld_dword
                0x08004d9c       0x46 ./Middlewares/Third_Party/FatFs/src/ff.o
 .text.st_word  0x08004de2       0x36 ./Middlewares/Third_Party/FatFs/src/ff.o
 .text.st_dword
                0x08004e18       0x58 ./Middlewares/Third_Party/FatFs/src/ff.o
 .text.mem_set  0x08004e70       0x36 ./Middlewares/Third_Party/FatFs/src/ff.o
 .text.mem_cmp  0x08004ea6       0x4e ./Middlewares/Third_Party/FatFs/src/ff.o
 .text.chk_chr  0x08004ef4       0x36 ./Middlewares/Third_Party/FatFs/src/ff.o
 *fill*         0x08004f2a        0x2 
 .text.inc_lock
                0x08004f2c      0x11c ./Middlewares/Third_Party/FatFs/src/ff.o
 .text.dec_lock
                0x08005048       0x78 ./Middlewares/Third_Party/FatFs/src/ff.o
 .text.clear_lock
                0x080050c0       0x48 ./Middlewares/Third_Party/FatFs/src/ff.o
 .text.sync_window
                0x08005108       0x88 ./Middlewares/Third_Party/FatFs/src/ff.o
 .text.move_window
                0x08005190       0x5a ./Middlewares/Third_Party/FatFs/src/ff.o
 .text.clust2sect
                0x080051ea       0x3e ./Middlewares/Third_Party/FatFs/src/ff.o
 .text.get_fat  0x08005228      0x14e ./Middlewares/Third_Party/FatFs/src/ff.o
 .text.put_fat  0x08005376      0x1d4 ./Middlewares/Third_Party/FatFs/src/ff.o
 .text.create_chain
                0x0800554a      0x130 ./Middlewares/Third_Party/FatFs/src/ff.o
 .text.dir_sdi  0x0800567a       0xf6 ./Middlewares/Third_Party/FatFs/src/ff.o
 .text.dir_next
                0x08005770      0x18a ./Middlewares/Third_Party/FatFs/src/ff.o
 .text.ld_clust
                0x080058fa       0x3e ./Middlewares/Third_Party/FatFs/src/ff.o
 .text.dir_read
                0x08005938       0xba ./Middlewares/Third_Party/FatFs/src/ff.o
 .text.dir_find
                0x080059f2       0xaa ./Middlewares/Third_Party/FatFs/src/ff.o
 .text.get_fileinfo
                0x08005a9c       0xc0 ./Middlewares/Third_Party/FatFs/src/ff.o
 .text.create_name
                0x08005b5c      0x128 ./Middlewares/Third_Party/FatFs/src/ff.o
 .text.follow_path
                0x08005c84       0xe2 ./Middlewares/Third_Party/FatFs/src/ff.o
 .text.get_ldnumber
                0x08005d66       0x88 ./Middlewares/Third_Party/FatFs/src/ff.o
 *fill*         0x08005dee        0x2 
 .text.check_fs
                0x08005df0       0xac ./Middlewares/Third_Party/FatFs/src/ff.o
 .text.find_volume
                0x08005e9c      0x498 ./Middlewares/Third_Party/FatFs/src/ff.o
 .text.validate
                0x08006334       0x6a ./Middlewares/Third_Party/FatFs/src/ff.o
 *fill*         0x0800639e        0x2 
 .text.f_mount  0x080063a0       0x8c ./Middlewares/Third_Party/FatFs/src/ff.o
                0x080063a0                f_mount
 .text.f_opendir
                0x0800642c       0xe6 ./Middlewares/Third_Party/FatFs/src/ff.o
                0x0800642c                f_opendir
 .text.f_closedir
                0x08006512       0x4c ./Middlewares/Third_Party/FatFs/src/ff.o
                0x08006512                f_closedir
 .text.f_readdir
                0x0800655e       0x7a ./Middlewares/Third_Party/FatFs/src/ff.o
                0x0800655e                f_readdir
 .text.f_getfree
                0x080065d8      0x16a ./Middlewares/Third_Party/FatFs/src/ff.o
                0x080065d8                f_getfree
 *fill*         0x08006742        0x2 
 .text.FATFS_LinkDriverEx
                0x08006744       0x98 ./Middlewares/Third_Party/FatFs/src/ff_gen_drv.o
                0x08006744                FATFS_LinkDriverEx
 .text.FATFS_LinkDriver
                0x080067dc       0x1e ./Middlewares/Third_Party/FatFs/src/ff_gen_drv.o
                0x080067dc                FATFS_LinkDriver
 *fill*         0x080067fa        0x2 
 .text.malloc   0x080067fc       0x10 /opt/st/stm32cubeide_1.16.1_2/plugins/com.st.stm32cube.ide.mcu.externaltools.gnu-tools-for-stm32.12.3.rel1.linux64_1.0.200.202406132123/tools/bin/../lib/gcc/arm-none-eabi/12.3.1/../../../../arm-none-eabi/lib/thumb/v7e-m+fp/hard/libc_nano.a(libc_a-malloc.o)
                0x080067fc                malloc
 .text.free     0x0800680c       0x10 /opt/st/stm32cubeide_1.16.1_2/plugins/com.st.stm32cube.ide.mcu.externaltools.gnu-tools-for-stm32.12.3.rel1.linux64_1.0.200.202406132123/tools/bin/../lib/gcc/arm-none-eabi/12.3.1/../../../../arm-none-eabi/lib/thumb/v7e-m+fp/hard/libc_nano.a(libc_a-malloc.o)
                0x0800680c                free
 .text.sbrk_aligned
                0x0800681c       0x44 /opt/st/stm32cubeide_1.16.1_2/plugins/com.st.stm32cube.ide.mcu.externaltools.gnu-tools-for-stm32.12.3.rel1.linux64_1.0.200.202406132123/tools/bin/../lib/gcc/arm-none-eabi/12.3.1/../../../../arm-none-eabi/lib/thumb/v7e-m+fp/hard/libc_nano.a(libc_a-mallocr.o)
 .text._malloc_r
                0x08006860      0x100 /opt/st/stm32cubeide_1.16.1_2/plugins/com.st.stm32cube.ide.mcu.externaltools.gnu-tools-for-stm32.12.3.rel1.linux64_1.0.200.202406132123/tools/bin/../lib/gcc/arm-none-eabi/12.3.1/../../../../arm-none-eabi/lib/thumb/v7e-m+fp/hard/libc_nano.a(libc_a-mallocr.o)
                0x08006860                _malloc_r
 .text.__malloc_lock
                0x08006960        0xc /opt/st/stm32cubeide_1.16.1_2/plugins/com.st.stm32cube.ide.mcu.externaltools.gnu-tools-for-stm32.12.3.rel1.linux64_1.0.200.202406132123/tools/bin/../lib/gcc/arm-none-eabi/12.3.1/../../../../arm-none-eabi/lib/thumb/v7e-m+fp/hard/libc_nano.a(libc_a-mlock.o)
                0x08006960                __malloc_lock
 .text.__malloc_unlock
                0x0800696c        0xc /opt/st/stm32cubeide_1.16.1_2/plugins/com.st.stm32cube.ide.mcu.externaltools.gnu-tools-for-stm32.12.3.rel1.linux64_1.0.200.202406132123/tools/bin/../lib/gcc/arm-none-eabi/12.3.1/../../../../arm-none-eabi/lib/thumb/v7e-m+fp/hard/libc_nano.a(libc_a-mlock.o)
                0x0800696c                __malloc_unlock
 .text.sprintf  0x08006978       0x40 /opt/st/stm32cubeide_1.16.1_2/plugins/com.st.stm32cube.ide.mcu.externaltools.gnu-tools-for-stm32.12.3.rel1.linux64_1.0.200.202406132123/tools/bin/../lib/gcc/arm-none-eabi/12.3.1/../../../../arm-none-eabi/lib/thumb/v7e-m+fp/hard/libc_nano.a(libc_a-sprintf.o)
                0x08006978                sprintf
                0x08006978                siprintf
 .text.memset   0x080069b8       0x10 /opt/st/stm32cubeide_1.16.1_2/plugins/com.st.stm32cube.ide.mcu.externaltools.gnu-tools-for-stm32.12.3.rel1.linux64_1.0.200.202406132123/tools/bin/../lib/gcc/arm-none-eabi/12.3.1/../../../../arm-none-eabi/lib/thumb/v7e-m+fp/hard/libc_nano.a(libc_a-memset.o)
                0x080069b8                memset
 .text._sbrk_r  0x080069c8       0x20 /opt/st/stm32cubeide_1.16.1_2/plugins/com.st.stm32cube.ide.mcu.externaltools.gnu-tools-for-stm32.12.3.rel1.linux64_1.0.200.202406132123/tools/bin/../lib/gcc/arm-none-eabi/12.3.1/../../../../arm-none-eabi/lib/thumb/v7e-m+fp/hard/libc_nano.a(libc_a-sbrkr.o)
                0x080069c8                _sbrk_r
 .text.__errno  0x080069e8        0xc /opt/st/stm32cubeide_1.16.1_2/plugins/com.st.stm32cube.ide.mcu.externaltools.gnu-tools-for-stm32.12.3.rel1.linux64_1.0.200.202406132123/tools/bin/../lib/gcc/arm-none-eabi/12.3.1/../../../../arm-none-eabi/lib/thumb/v7e-m+fp/hard/libc_nano.a(libc_a-errno.o)
                0x080069e8                __errno
 .text.__libc_init_array
                0x080069f4       0x48 /opt/st/stm32cubeide_1.16.1_2/plugins/com.st.stm32cube.ide.mcu.externaltools.gnu-tools-for-stm32.12.3.rel1.linux64_1.0.200.202406132123/tools/bin/../lib/gcc/arm-none-eabi/12.3.1/../../../../arm-none-eabi/lib/thumb/v7e-m+fp/hard/libc_nano.a(libc_a-init.o)
                0x080069f4                __libc_init_array
 .text.__retarget_lock_acquire_recursive
                0x08006a3c        0x2 /opt/st/stm32cubeide_1.16.1_2/plugins/com.st.stm32cube.ide.mcu.externaltools.gnu-tools-for-stm32.12.3.rel1.linux64_1.0.200.202406132123/tools/bin/../lib/gcc/arm-none-eabi/12.3.1/../../../../arm-none-eabi/lib/thumb/v7e-m+fp/hard/libc_nano.a(libc_a-lock.o)
                0x08006a3c                __retarget_lock_acquire_recursive
 .text.__retarget_lock_release_recursive
                0x08006a3e        0x2 /opt/st/stm32cubeide_1.16.1_2/plugins/com.st.stm32cube.ide.mcu.externaltools.gnu-tools-for-stm32.12.3.rel1.linux64_1.0.200.202406132123/tools/bin/../lib/gcc/arm-none-eabi/12.3.1/../../../../arm-none-eabi/lib/thumb/v7e-m+fp/hard/libc_nano.a(libc_a-lock.o)
                0x08006a3e                __retarget_lock_release_recursive
 .text._free_r  0x08006a40       0x94 /opt/st/stm32cubeide_1.16.1_2/plugins/com.st.stm32cube.ide.mcu.externaltools.gnu-tools-for-stm32.12.3.rel1.linux64_1.0.200.202406132123/tools/bin/../lib/gcc/arm-none-eabi/12.3.1/../../../../arm-none-eabi/lib/thumb/v7e-m+fp/hard/libc_nano.a(libc_a-freer.o)
                0x08006a40                _free_r
 .text.__ssputs_r
                0x08006ad4       0xb6 /opt/st/stm32cubeide_1.16.1_2/plugins/com.st.stm32cube.ide.mcu.externaltools.gnu-tools-for-stm32.12.3.rel1.linux64_1.0.200.202406132123/tools/bin/../lib/gcc/arm-none-eabi/12.3.1/../../../../arm-none-eabi/lib/thumb/v7e-m+fp/hard/libc_nano.a(libc_a-nano-svfprintf.o)
                0x08006ad4                __ssputs_r
 *fill*         0x08006b8a        0x2 
 .text._svfprintf_r
                0x08006b8c      0x1f8 /opt/st/stm32cubeide_1.16.1_2/plugins/com.st.stm32cube.ide.mcu.externaltools.gnu-tools-for-stm32.12.3.rel1.linux64_1.0.200.202406132123/tools/bin/../lib/gcc/arm-none-eabi/12.3.1/../../../../arm-none-eabi/lib/thumb/v7e-m+fp/hard/libc_nano.a(libc_a-nano-svfprintf.o)
                0x08006b8c                _svfprintf_r
                0x08006b8c                _svfiprintf_r
 .text._printf_common
                0x08006d84       0xda /opt/st/stm32cubeide_1.16.1_2/plugins/com.st.stm32cube.ide.mcu.externaltools.gnu-tools-for-stm32.12.3.rel1.linux64_1.0.200.202406132123/tools/bin/../lib/gcc/arm-none-eabi/12.3.1/../../../../arm-none-eabi/lib/thumb/v7e-m+fp/hard/libc_nano.a(libc_a-nano-vfprintf_i.o)
                0x08006d84                _printf_common
 *fill*         0x08006e5e        0x2 
 .text._printf_i
                0x08006e60      0x240 /opt/st/stm32cubeide_1.16.1_2/plugins/com.st.stm32cube.ide.mcu.externaltools.gnu-tools-for-stm32.12.3.rel1.linux64_1.0.200.202406132123/tools/bin/../lib/gcc/arm-none-eabi/12.3.1/../../../../arm-none-eabi/lib/thumb/v7e-m+fp/hard/libc_nano.a(libc_a-nano-vfprintf_i.o)
                0x08006e60                _printf_i
 .text.memmove  0x080070a0       0x34 /opt/st/stm32cubeide_1.16.1_2/plugins/com.st.stm32cube.ide.mcu.externaltools.gnu-tools-for-stm32.12.3.rel1.linux64_1.0.200.202406132123/tools/bin/../lib/gcc/arm-none-eabi/12.3.1/../../../../arm-none-eabi/lib/thumb/v7e-m+fp/hard/libc_nano.a(libc_a-memmove.o)
                0x080070a0                memmove
 .text.memcpy   0x080070d4       0x1c /opt/st/stm32cubeide_1.16.1_2/plugins/com.st.stm32cube.ide.mcu.externaltools.gnu-tools-for-stm32.12.3.rel1.linux64_1.0.200.202406132123/tools/bin/../lib/gcc/arm-none-eabi/12.3.1/../../../../arm-none-eabi/lib/thumb/v7e-m+fp/hard/libc_nano.a(libc_a-memcpy-stub.o)
                0x080070d4                memcpy
 .text._realloc_r
                0x080070f0       0x5c /opt/st/stm32cubeide_1.16.1_2/plugins/com.st.stm32cube.ide.mcu.externaltools.gnu-tools-for-stm32.12.3.rel1.linux64_1.0.200.202406132123/tools/bin/../lib/gcc/arm-none-eabi/12.3.1/../../../../arm-none-eabi/lib/thumb/v7e-m+fp/hard/libc_nano.a(libc_a-reallocr.o)
                0x080070f0                _realloc_r
 .text._malloc_usable_size_r
                0x0800714c       0x10 /opt/st/stm32cubeide_1.16.1_2/plugins/com.st.stm32cube.ide.mcu.externaltools.gnu-tools-for-stm32.12.3.rel1.linux64_1.0.200.202406132123/tools/bin/../lib/gcc/arm-none-eabi/12.3.1/../../../../arm-none-eabi/lib/thumb/v7e-m+fp/hard/libc_nano.a(libc_a-msizer.o)
                0x0800714c                _malloc_usable_size_r
 *(.glue_7)
 .glue_7        0x0800715c        0x0 linker stubs
 *(.glue_7t)
 .glue_7t       0x0800715c        0x0 linker stubs
 *(.eh_frame)
 .eh_frame      0x0800715c        0x0 /opt/st/stm32cubeide_1.16.1_2/plugins/com.st.stm32cube.ide.mcu.externaltools.gnu-tools-for-stm32.12.3.rel1.linux64_1.0.200.202406132123/tools/bin/../lib/gcc/arm-none-eabi/12.3.1/thumb/v7e-m+fp/hard/crtbegin.o
 *(.init)
 .init          0x0800715c        0x4 /opt/st/stm32cubeide_1.16.1_2/plugins/com.st.stm32cube.ide.mcu.externaltools.gnu-tools-for-stm32.12.3.rel1.linux64_1.0.200.202406132123/tools/bin/../lib/gcc/arm-none-eabi/12.3.1/thumb/v7e-m+fp/hard/crti.o
                0x0800715c                _init
 .init          0x08007160        0x8 /opt/st/stm32cubeide_1.16.1_2/plugins/com.st.stm32cube.ide.mcu.externaltools.gnu-tools-for-stm32.12.3.rel1.linux64_1.0.200.202406132123/tools/bin/../lib/gcc/arm-none-eabi/12.3.1/thumb/v7e-m+fp/hard/crtn.o
 *(.fini)
 .fini          0x08007168        0x4 /opt/st/stm32cubeide_1.16.1_2/plugins/com.st.stm32cube.ide.mcu.externaltools.gnu-tools-for-stm32.12.3.rel1.linux64_1.0.200.202406132123/tools/bin/../lib/gcc/arm-none-eabi/12.3.1/thumb/v7e-m+fp/hard/crti.o
                0x08007168                _fini
 .fini          0x0800716c        0x8 /opt/st/stm32cubeide_1.16.1_2/plugins/com.st.stm32cube.ide.mcu.externaltools.gnu-tools-for-stm32.12.3.rel1.linux64_1.0.200.202406132123/tools/bin/../lib/gcc/arm-none-eabi/12.3.1/thumb/v7e-m+fp/hard/crtn.o
                0x08007174                        . = ALIGN (0x4)
                0x08007174                        _etext = .

.vfp11_veneer   0x08007174        0x0
 .vfp11_veneer  0x08007174        0x0 linker stubs

.v4_bx          0x08007174        0x0
 .v4_bx         0x08007174        0x0 linker stubs

.iplt           0x08007174        0x0
 .iplt          0x08007174        0x0 /opt/st/stm32cubeide_1.16.1_2/plugins/com.st.stm32cube.ide.mcu.externaltools.gnu-tools-for-stm32.12.3.rel1.linux64_1.0.200.202406132123/tools/bin/../lib/gcc/arm-none-eabi/12.3.1/thumb/v7e-m+fp/hard/crtbegin.o

.rodata         0x08007174      0x540
                0x08007174                        . = ALIGN (0x4)
 *(.rodata)
 .rodata        0x08007174      0x416 ./Core/Src/File_Handling.o
 *fill*         0x0800758a        0x2 
 .rodata        0x0800758c        0x2 ./Core/Src/main.o
 *fill*         0x0800758e        0x2 
 .rodata        0x08007590       0x44 ./Middlewares/Third_Party/FatFs/src/ff.o
 *(.rodata*)
 .rodata.AHBPrescTable
                0x080075d4       0x10 ./Core/Src/system_stm32f4xx.o
                0x080075d4                AHBPrescTable
 .rodata.APBPrescTable
                0x080075e4        0x8 ./Core/Src/system_stm32f4xx.o
                0x080075e4                APBPrescTable
 .rodata.SD_Driver
                0x080075ec       0x14 ./FATFS/Target/sd_diskio.o
                0x080075ec                SD_Driver
 .rodata.ExCvt  0x08007600       0x80 ./Middlewares/Third_Party/FatFs/src/ff.o
 .rodata._svfprintf_r.str1.1
                0x08007680       0x11 /opt/st/stm32cubeide_1.16.1_2/plugins/com.st.stm32cube.ide.mcu.externaltools.gnu-tools-for-stm32.12.3.rel1.linux64_1.0.200.202406132123/tools/bin/../lib/gcc/arm-none-eabi/12.3.1/../../../../arm-none-eabi/lib/thumb/v7e-m+fp/hard/libc_nano.a(libc_a-nano-svfprintf.o)
 .rodata._printf_i.str1.1
                0x08007691       0x22 /opt/st/stm32cubeide_1.16.1_2/plugins/com.st.stm32cube.ide.mcu.externaltools.gnu-tools-for-stm32.12.3.rel1.linux64_1.0.200.202406132123/tools/bin/../lib/gcc/arm-none-eabi/12.3.1/../../../../arm-none-eabi/lib/thumb/v7e-m+fp/hard/libc_nano.a(libc_a-nano-vfprintf_i.o)
                0x080076b4                        . = ALIGN (0x4)
 *fill*         0x080076b3        0x1 

.ARM.extab      0x080076b4        0x0
                0x080076b4                        . = ALIGN (0x4)
 *(.ARM.extab* .gnu.linkonce.armextab.*)
                0x080076b4                        . = ALIGN (0x4)

.ARM            0x080076b4        0x8
                0x080076b4                        . = ALIGN (0x4)
                0x080076b4                        __exidx_start = .
 *(.ARM.exidx*)
 .ARM.exidx     0x080076b4        0x8 /opt/st/stm32cubeide_1.16.1_2/plugins/com.st.stm32cube.ide.mcu.externaltools.gnu-tools-for-stm32.12.3.rel1.linux64_1.0.200.202406132123/tools/bin/../lib/gcc/arm-none-eabi/12.3.1/../../../../arm-none-eabi/lib/thumb/v7e-m+fp/hard/libc_nano.a(libc_a-strcmp.o)
 .ARM.exidx     0x080076bc        0x0 /opt/st/stm32cubeide_1.16.1_2/plugins/com.st.stm32cube.ide.mcu.externaltools.gnu-tools-for-stm32.12.3.rel1.linux64_1.0.200.202406132123/tools/bin/../lib/gcc/arm-none-eabi/12.3.1/../../../../arm-none-eabi/lib/thumb/v7e-m+fp/hard/libc_nano.a(libc_a-strlen.o)
                                  0x8 (size before relaxing)
 .ARM.exidx     0x080076bc        0x0 /opt/st/stm32cubeide_1.16.1_2/plugins/com.st.stm32cube.ide.mcu.externaltools.gnu-tools-for-stm32.12.3.rel1.linux64_1.0.200.202406132123/tools/bin/../lib/gcc/arm-none-eabi/12.3.1/../../../../arm-none-eabi/lib/thumb/v7e-m+fp/hard/libc_nano.a(libc_a-memchr.o)
                                  0x8 (size before relaxing)
 .ARM.exidx     0x080076bc        0x0 /opt/st/stm32cubeide_1.16.1_2/plugins/com.st.stm32cube.ide.mcu.externaltools.gnu-tools-for-stm32.12.3.rel1.linux64_1.0.200.202406132123/tools/bin/../lib/gcc/arm-none-eabi/12.3.1/thumb/v7e-m+fp/hard/libgcc.a(_udivmoddi4.o)
                                  0x8 (size before relaxing)
                0x080076bc                        __exidx_end = .
                0x080076bc                        . = ALIGN (0x4)

.preinit_array  0x080076bc        0x0
                0x080076bc                        . = ALIGN (0x4)
                0x080076bc                        PROVIDE (__preinit_array_start = .)
 *(.preinit_array*)
                0x080076bc                        PROVIDE (__preinit_array_end = .)
                0x080076bc                        . = ALIGN (0x4)

.init_array     0x080076bc        0x4
                0x080076bc                        . = ALIGN (0x4)
                0x080076bc                        PROVIDE (__init_array_start = .)
 *(SORT_BY_NAME(.init_array.*))
 *(.init_array*)
 .init_array    0x080076bc        0x4 /opt/st/stm32cubeide_1.16.1_2/plugins/com.st.stm32cube.ide.mcu.externaltools.gnu-tools-for-stm32.12.3.rel1.linux64_1.0.200.202406132123/tools/bin/../lib/gcc/arm-none-eabi/12.3.1/thumb/v7e-m+fp/hard/crtbegin.o
                0x080076c0                        PROVIDE (__init_array_end = .)
                0x080076c0                        . = ALIGN (0x4)

.fini_array     0x080076c0        0x4
                0x080076c0                        . = ALIGN (0x4)
                [!provide]                        PROVIDE (__fini_array_start = .)
 *(SORT_BY_NAME(.fini_array.*))
 *(.fini_array*)
 .fini_array    0x080076c0        0x4 /opt/st/stm32cubeide_1.16.1_2/plugins/com.st.stm32cube.ide.mcu.externaltools.gnu-tools-for-stm32.12.3.rel1.linux64_1.0.200.202406132123/tools/bin/../lib/gcc/arm-none-eabi/12.3.1/thumb/v7e-m+fp/hard/crtbegin.o
                [!provide]                        PROVIDE (__fini_array_end = .)
                0x080076c4                        . = ALIGN (0x4)
                0x080076c4                        _sidata = LOADADDR (.data)

.rel.dyn        0x080076c4        0x0
 .rel.iplt      0x080076c4        0x0 /opt/st/stm32cubeide_1.16.1_2/plugins/com.st.stm32cube.ide.mcu.externaltools.gnu-tools-for-stm32.12.3.rel1.linux64_1.0.200.202406132123/tools/bin/../lib/gcc/arm-none-eabi/12.3.1/thumb/v7e-m+fp/hard/crtbegin.o

.data           0x20000000       0x5c load address 0x080076c4
                0x20000000                        . = ALIGN (0x4)
                0x20000000                        _sdata = .
 *(.data)
 *(.data*)
 .data.SystemCoreClock
                0x20000000        0x4 ./Core/Src/system_stm32f4xx.o
                0x20000000                SystemCoreClock
 .data.uwTickPrio
                0x20000004        0x4 ./Drivers/STM32F4xx_HAL_Driver/Src/stm32f4xx_hal.o
                0x20000004                uwTickPrio
 .data.uwTickFreq
                0x20000008        0x1 ./Drivers/STM32F4xx_HAL_Driver/Src/stm32f4xx_hal.o
                0x20000008                uwTickFreq
 .data.Stat     0x20000009        0x1 ./FATFS/Target/sd_diskio.o
 *fill*         0x2000000a        0x2 
 .data._impure_ptr
                0x2000000c        0x4 /opt/st/stm32cubeide_1.16.1_2/plugins/com.st.stm32cube.ide.mcu.externaltools.gnu-tools-for-stm32.12.3.rel1.linux64_1.0.200.202406132123/tools/bin/../lib/gcc/arm-none-eabi/12.3.1/../../../../arm-none-eabi/lib/thumb/v7e-m+fp/hard/libc_nano.a(libc_a-impure.o)
                0x2000000c                _impure_ptr
 .data._impure_data
                0x20000010       0x4c /opt/st/stm32cubeide_1.16.1_2/plugins/com.st.stm32cube.ide.mcu.externaltools.gnu-tools-for-stm32.12.3.rel1.linux64_1.0.200.202406132123/tools/bin/../lib/gcc/arm-none-eabi/12.3.1/../../../../arm-none-eabi/lib/thumb/v7e-m+fp/hard/libc_nano.a(libc_a-impure.o)
                0x20000010                _impure_data
 *(.RamFunc)
 *(.RamFunc*)
                0x2000005c                        . = ALIGN (0x4)
                0x2000005c                        _edata = .
                0x08007720                        _siccmram = LOADADDR (.ccmram)

.igot.plt       0x2000005c        0x0 load address 0x08007720
 .igot.plt      0x2000005c        0x0 /opt/st/stm32cubeide_1.16.1_2/plugins/com.st.stm32cube.ide.mcu.externaltools.gnu-tools-for-stm32.12.3.rel1.linux64_1.0.200.202406132123/tools/bin/../lib/gcc/arm-none-eabi/12.3.1/thumb/v7e-m+fp/hard/crtbegin.o

.ccmram         0x10000000        0x0 load address 0x08007720
                0x10000000                        . = ALIGN (0x4)
                0x10000000                        _sccmram = .
 *(.ccmram)
 *(.ccmram*)
                0x10000000                        . = ALIGN (0x4)
                0x10000000                        _eccmram = .
                0x10000000                        . = ALIGN (0x4)

.bss            0x2000005c      0x4d0
                0x2000005c                        _sbss = .
                0x2000005c                        __bss_start__ = _sbss
 *(.bss)
 .bss           0x2000005c       0x1c /opt/st/stm32cubeide_1.16.1_2/plugins/com.st.stm32cube.ide.mcu.externaltools.gnu-tools-for-stm32.12.3.rel1.linux64_1.0.200.202406132123/tools/bin/../lib/gcc/arm-none-eabi/12.3.1/thumb/v7e-m+fp/hard/crtbegin.o
 *(.bss*)
 .bss.fs        0x20000078      0x230 ./Core/Src/File_Handling.o
                0x20000078                fs
 .bss.fno       0x200002a8       0x18 ./Core/Src/File_Handling.o
                0x200002a8                fno
 .bss.fresult   0x200002c0        0x1 ./Core/Src/File_Handling.o
                0x200002c0                fresult
 *fill*         0x200002c1        0x3 
 .bss.pfs       0x200002c4        0x4 ./Core/Src/File_Handling.o
                0x200002c4                pfs
 .bss.fre_clust
                0x200002c8        0x4 ./Core/Src/File_Handling.o
                0x200002c8                fre_clust
 .bss.total     0x200002cc        0x4 ./Core/Src/File_Handling.o
                0x200002cc                total
 .bss.free_space
                0x200002d0        0x4 ./Core/Src/File_Handling.o
                0x200002d0                free_space
 .bss.hsd       0x200002d4       0x84 ./Core/Src/sdio.o
                0x200002d4                hsd
 .bss.__sbrk_heap_end
                0x20000358        0x4 ./Core/Src/sysmem.o
 .bss.huart1    0x2000035c       0x48 ./Core/Src/usart.o
                0x2000035c                huart1
 .bss.uwTick    0x200003a4        0x4 ./Drivers/STM32F4xx_HAL_Driver/Src/stm32f4xx_hal.o
                0x200003a4                uwTick
 .bss.retSD     0x200003a8        0x1 ./FATFS/App/fatfs.o
                0x200003a8                retSD
 *fill*         0x200003a9        0x3 
 .bss.SDPath    0x200003ac        0x4 ./FATFS/App/fatfs.o
                0x200003ac                SDPath
 .bss.FatFs     0x200003b0        0x4 ./Middlewares/Third_Party/FatFs/src/ff.o
 .bss.Fsid      0x200003b4        0x2 ./Middlewares/Third_Party/FatFs/src/ff.o
 *fill*         0x200003b6        0x2 
 .bss.Files     0x200003b8       0x20 ./Middlewares/Third_Party/FatFs/src/ff.o
 .bss.disk      0x200003d8        0xc ./Middlewares/Third_Party/FatFs/src/ff_gen_drv.o
                0x200003d8                disk
 .bss.__malloc_sbrk_start
                0x200003e4        0x4 /opt/st/stm32cubeide_1.16.1_2/plugins/com.st.stm32cube.ide.mcu.externaltools.gnu-tools-for-stm32.12.3.rel1.linux64_1.0.200.202406132123/tools/bin/../lib/gcc/arm-none-eabi/12.3.1/../../../../arm-none-eabi/lib/thumb/v7e-m+fp/hard/libc_nano.a(libc_a-mallocr.o)
                0x200003e4                __malloc_sbrk_start
 .bss.__malloc_free_list
                0x200003e8        0x4 /opt/st/stm32cubeide_1.16.1_2/plugins/com.st.stm32cube.ide.mcu.externaltools.gnu-tools-for-stm32.12.3.rel1.linux64_1.0.200.202406132123/tools/bin/../lib/gcc/arm-none-eabi/12.3.1/../../../../arm-none-eabi/lib/thumb/v7e-m+fp/hard/libc_nano.a(libc_a-mallocr.o)
                0x200003e8                __malloc_free_list
 .bss.__sf      0x200003ec      0x138 /opt/st/stm32cubeide_1.16.1_2/plugins/com.st.stm32cube.ide.mcu.externaltools.gnu-tools-for-stm32.12.3.rel1.linux64_1.0.200.202406132123/tools/bin/../lib/gcc/arm-none-eabi/12.3.1/../../../../arm-none-eabi/lib/thumb/v7e-m+fp/hard/libc_nano.a(libc_a-findfp.o)
                0x200003ec                __sf
 .bss.errno     0x20000524        0x4 /opt/st/stm32cubeide_1.16.1_2/plugins/com.st.stm32cube.ide.mcu.externaltools.gnu-tools-for-stm32.12.3.rel1.linux64_1.0.200.202406132123/tools/bin/../lib/gcc/arm-none-eabi/12.3.1/../../../../arm-none-eabi/lib/thumb/v7e-m+fp/hard/libc_nano.a(libc_a-reent.o)
                0x20000524                errno
 .bss.__lock___malloc_recursive_mutex
                0x20000528        0x1 /opt/st/stm32cubeide_1.16.1_2/plugins/com.st.stm32cube.ide.mcu.externaltools.gnu-tools-for-stm32.12.3.rel1.linux64_1.0.200.202406132123/tools/bin/../lib/gcc/arm-none-eabi/12.3.1/../../../../arm-none-eabi/lib/thumb/v7e-m+fp/hard/libc_nano.a(libc_a-lock.o)
                0x20000528                __lock___malloc_recursive_mutex
 *(COMMON)
                0x2000052c                        . = ALIGN (0x4)
 *fill*         0x20000529        0x3 
                0x2000052c                        _ebss = .
                0x2000052c                        __bss_end__ = _ebss

._user_heap_stack
                0x2000052c      0x604
                0x20000530                        . = ALIGN (0x8)
 *fill*         0x2000052c        0x4 
                [!provide]                        PROVIDE (end = .)
                0x20000530                        PROVIDE (_end = .)
                0x20000730                        . = (. + _Min_Heap_Size)
 *fill*         0x20000530      0x200 
                0x20000b30                        . = (. + _Min_Stack_Size)
 *fill*         0x20000730      0x400 
                0x20000b30                        . = ALIGN (0x8)

/DISCARD/
 libc.a(*)
 libm.a(*)
 libgcc.a(*)

.ARM.attributes
                0x00000000       0x30
 *(.ARM.attributes)
 .ARM.attributes
                0x00000000       0x22 /opt/st/stm32cubeide_1.16.1_2/plugins/com.st.stm32cube.ide.mcu.externaltools.gnu-tools-for-stm32.12.3.rel1.linux64_1.0.200.202406132123/tools/bin/../lib/gcc/arm-none-eabi/12.3.1/thumb/v7e-m+fp/hard/crti.o
 .ARM.attributes
                0x00000022       0x34 /opt/st/stm32cubeide_1.16.1_2/plugins/com.st.stm32cube.ide.mcu.externaltools.gnu-tools-for-stm32.12.3.rel1.linux64_1.0.200.202406132123/tools/bin/../lib/gcc/arm-none-eabi/12.3.1/thumb/v7e-m+fp/hard/crtbegin.o
 .ARM.attributes
                0x00000056       0x34 ./Core/Src/File_Handling.o
 .ARM.attributes
                0x0000008a       0x34 ./Core/Src/gpio.o
 .ARM.attributes
                0x000000be       0x34 ./Core/Src/main.o
 .ARM.attributes
                0x000000f2       0x34 ./Core/Src/sdio.o
 .ARM.attributes
                0x00000126       0x34 ./Core/Src/stm32f4xx_hal_msp.o
 .ARM.attributes
                0x0000015a       0x34 ./Core/Src/stm32f4xx_it.o
 .ARM.attributes
                0x0000018e       0x34 ./Core/Src/sysmem.o
 .ARM.attributes
                0x000001c2       0x34 ./Core/Src/system_stm32f4xx.o
 .ARM.attributes
                0x000001f6       0x34 ./Core/Src/usart.o
 .ARM.attributes
                0x0000022a       0x21 ./Core/Startup/startup_stm32f429zitx.o
 .ARM.attributes
                0x0000024b       0x34 ./Drivers/STM32F4xx_HAL_Driver/Src/stm32f4xx_hal.o
 .ARM.attributes
                0x0000027f       0x34 ./Drivers/STM32F4xx_HAL_Driver/Src/stm32f4xx_hal_cortex.o
 .ARM.attributes
                0x000002b3       0x34 ./Drivers/STM32F4xx_HAL_Driver/Src/stm32f4xx_hal_gpio.o
 .ARM.attributes
                0x000002e7       0x34 ./Drivers/STM32F4xx_HAL_Driver/Src/stm32f4xx_hal_rcc.o
 .ARM.attributes
                0x0000031b       0x34 ./Drivers/STM32F4xx_HAL_Driver/Src/stm32f4xx_hal_sd.o
 .ARM.attributes
                0x0000034f       0x34 ./Drivers/STM32F4xx_HAL_Driver/Src/stm32f4xx_hal_uart.o
 .ARM.attributes
                0x00000383       0x34 ./Drivers/STM32F4xx_HAL_Driver/Src/stm32f4xx_ll_sdmmc.o
 .ARM.attributes
                0x000003b7       0x34 ./FATFS/App/fatfs.o
 .ARM.attributes
                0x000003eb       0x34 ./FATFS/Target/bsp_driver_sd.o
 .ARM.attributes
                0x0000041f       0x34 ./FATFS/Target/fatfs_platform.o
 .ARM.attributes
                0x00000453       0x34 ./FATFS/Target/sd_diskio.o
 .ARM.attributes
                0x00000487       0x34 ./Middlewares/Third_Party/FatFs/src/diskio.o
 .ARM.attributes
                0x000004bb       0x34 ./Middlewares/Third_Party/FatFs/src/ff.o
 .ARM.attributes
                0x000004ef       0x34 ./Middlewares/Third_Party/FatFs/src/ff_gen_drv.o
 .ARM.attributes
                0x00000523       0x34 /opt/st/stm32cubeide_1.16.1_2/plugins/com.st.stm32cube.ide.mcu.externaltools.gnu-tools-for-stm32.12.3.rel1.linux64_1.0.200.202406132123/tools/bin/../lib/gcc/arm-none-eabi/12.3.1/../../../../arm-none-eabi/lib/thumb/v7e-m+fp/hard/libc_nano.a(libc_a-malloc.o)
 .ARM.attributes
                0x00000557       0x34 /opt/st/stm32cubeide_1.16.1_2/plugins/com.st.stm32cube.ide.mcu.externaltools.gnu-tools-for-stm32.12.3.rel1.linux64_1.0.200.202406132123/tools/bin/../lib/gcc/arm-none-eabi/12.3.1/../../../../arm-none-eabi/lib/thumb/v7e-m+fp/hard/libc_nano.a(libc_a-mallocr.o)
 .ARM.attributes
                0x0000058b       0x34 /opt/st/stm32cubeide_1.16.1_2/plugins/com.st.stm32cube.ide.mcu.externaltools.gnu-tools-for-stm32.12.3.rel1.linux64_1.0.200.202406132123/tools/bin/../lib/gcc/arm-none-eabi/12.3.1/../../../../arm-none-eabi/lib/thumb/v7e-m+fp/hard/libc_nano.a(libc_a-mlock.o)
 .ARM.attributes
                0x000005bf       0x34 /opt/st/stm32cubeide_1.16.1_2/plugins/com.st.stm32cube.ide.mcu.externaltools.gnu-tools-for-stm32.12.3.rel1.linux64_1.0.200.202406132123/tools/bin/../lib/gcc/arm-none-eabi/12.3.1/../../../../arm-none-eabi/lib/thumb/v7e-m+fp/hard/libc_nano.a(libc_a-findfp.o)
 .ARM.attributes
                0x000005f3       0x34 /opt/st/stm32cubeide_1.16.1_2/plugins/com.st.stm32cube.ide.mcu.externaltools.gnu-tools-for-stm32.12.3.rel1.linux64_1.0.200.202406132123/tools/bin/../lib/gcc/arm-none-eabi/12.3.1/../../../../arm-none-eabi/lib/thumb/v7e-m+fp/hard/libc_nano.a(libc_a-sprintf.o)
 .ARM.attributes
                0x00000627       0x34 /opt/st/stm32cubeide_1.16.1_2/plugins/com.st.stm32cube.ide.mcu.externaltools.gnu-tools-for-stm32.12.3.rel1.linux64_1.0.200.202406132123/tools/bin/../lib/gcc/arm-none-eabi/12.3.1/../../../../arm-none-eabi/lib/thumb/v7e-m+fp/hard/libc_nano.a(libc_a-memset.o)
 .ARM.attributes
                0x0000065b       0x34 /opt/st/stm32cubeide_1.16.1_2/plugins/com.st.stm32cube.ide.mcu.externaltools.gnu-tools-for-stm32.12.3.rel1.linux64_1.0.200.202406132123/tools/bin/../lib/gcc/arm-none-eabi/12.3.1/../../../../arm-none-eabi/lib/thumb/v7e-m+fp/hard/libc_nano.a(libc_a-reent.o)
 .ARM.attributes
                0x0000068f       0x34 /opt/st/stm32cubeide_1.16.1_2/plugins/com.st.stm32cube.ide.mcu.externaltools.gnu-tools-for-stm32.12.3.rel1.linux64_1.0.200.202406132123/tools/bin/../lib/gcc/arm-none-eabi/12.3.1/../../../../arm-none-eabi/lib/thumb/v7e-m+fp/hard/libc_nano.a(libc_a-impure.o)
 .ARM.attributes
                0x000006c3       0x34 /opt/st/stm32cubeide_1.16.1_2/plugins/com.st.stm32cube.ide.mcu.externaltools.gnu-tools-for-stm32.12.3.rel1.linux64_1.0.200.202406132123/tools/bin/../lib/gcc/arm-none-eabi/12.3.1/../../../../arm-none-eabi/lib/thumb/v7e-m+fp/hard/libc_nano.a(libc_a-sbrkr.o)
 .ARM.attributes
                0x000006f7       0x34 /opt/st/stm32cubeide_1.16.1_2/plugins/com.st.stm32cube.ide.mcu.externaltools.gnu-tools-for-stm32.12.3.rel1.linux64_1.0.200.202406132123/tools/bin/../lib/gcc/arm-none-eabi/12.3.1/../../../../arm-none-eabi/lib/thumb/v7e-m+fp/hard/libc_nano.a(libc_a-errno.o)
 .ARM.attributes
                0x0000072b       0x34 /opt/st/stm32cubeide_1.16.1_2/plugins/com.st.stm32cube.ide.mcu.externaltools.gnu-tools-for-stm32.12.3.rel1.linux64_1.0.200.202406132123/tools/bin/../lib/gcc/arm-none-eabi/12.3.1/../../../../arm-none-eabi/lib/thumb/v7e-m+fp/hard/libc_nano.a(libc_a-init.o)
 .ARM.attributes
                0x0000075f       0x34 /opt/st/stm32cubeide_1.16.1_2/plugins/com.st.stm32cube.ide.mcu.externaltools.gnu-tools-for-stm32.12.3.rel1.linux64_1.0.200.202406132123/tools/bin/../lib/gcc/arm-none-eabi/12.3.1/../../../../arm-none-eabi/lib/thumb/v7e-m+fp/hard/libc_nano.a(libc_a-lock.o)
 .ARM.attributes
                0x00000793       0x20 /opt/st/stm32cubeide_1.16.1_2/plugins/com.st.stm32cube.ide.mcu.externaltools.gnu-tools-for-stm32.12.3.rel1.linux64_1.0.200.202406132123/tools/bin/../lib/gcc/arm-none-eabi/12.3.1/../../../../arm-none-eabi/lib/thumb/v7e-m+fp/hard/libc_nano.a(libc_a-strcmp.o)
 .ARM.attributes
                0x000007b3       0x17 /opt/st/stm32cubeide_1.16.1_2/plugins/com.st.stm32cube.ide.mcu.externaltools.gnu-tools-for-stm32.12.3.rel1.linux64_1.0.200.202406132123/tools/bin/../lib/gcc/arm-none-eabi/12.3.1/../../../../arm-none-eabi/lib/thumb/v7e-m+fp/hard/libc_nano.a(libc_a-strlen.o)
 .ARM.attributes
                0x000007ca       0x34 /opt/st/stm32cubeide_1.16.1_2/plugins/com.st.stm32cube.ide.mcu.externaltools.gnu-tools-for-stm32.12.3.rel1.linux64_1.0.200.202406132123/tools/bin/../lib/gcc/arm-none-eabi/12.3.1/../../../../arm-none-eabi/lib/thumb/v7e-m+fp/hard/libc_nano.a(libc_a-freer.o)
 .ARM.attributes
                0x000007fe       0x34 /opt/st/stm32cubeide_1.16.1_2/plugins/com.st.stm32cube.ide.mcu.externaltools.gnu-tools-for-stm32.12.3.rel1.linux64_1.0.200.202406132123/tools/bin/../lib/gcc/arm-none-eabi/12.3.1/../../../../arm-none-eabi/lib/thumb/v7e-m+fp/hard/libc_nano.a(libc_a-nano-svfprintf.o)
 .ARM.attributes
                0x00000832       0x34 /opt/st/stm32cubeide_1.16.1_2/plugins/com.st.stm32cube.ide.mcu.externaltools.gnu-tools-for-stm32.12.3.rel1.linux64_1.0.200.202406132123/tools/bin/../lib/gcc/arm-none-eabi/12.3.1/../../../../arm-none-eabi/lib/thumb/v7e-m+fp/hard/libc_nano.a(libc_a-nano-vfprintf_i.o)
 .ARM.attributes
                0x00000866       0x34 /opt/st/stm32cubeide_1.16.1_2/plugins/com.st.stm32cube.ide.mcu.externaltools.gnu-tools-for-stm32.12.3.rel1.linux64_1.0.200.202406132123/tools/bin/../lib/gcc/arm-none-eabi/12.3.1/../../../../arm-none-eabi/lib/thumb/v7e-m+fp/hard/libc_nano.a(libc_a-memmove.o)
 .ARM.attributes
                0x0000089a       0x1c /opt/st/stm32cubeide_1.16.1_2/plugins/com.st.stm32cube.ide.mcu.externaltools.gnu-tools-for-stm32.12.3.rel1.linux64_1.0.200.202406132123/tools/bin/../lib/gcc/arm-none-eabi/12.3.1/../../../../arm-none-eabi/lib/thumb/v7e-m+fp/hard/libc_nano.a(libc_a-memchr.o)
 .ARM.attributes
                0x000008b6       0x34 /opt/st/stm32cubeide_1.16.1_2/plugins/com.st.stm32cube.ide.mcu.externaltools.gnu-tools-for-stm32.12.3.rel1.linux64_1.0.200.202406132123/tools/bin/../lib/gcc/arm-none-eabi/12.3.1/../../../../arm-none-eabi/lib/thumb/v7e-m+fp/hard/libc_nano.a(libc_a-memcpy-stub.o)
 .ARM.attributes
                0x000008ea       0x34 /opt/st/stm32cubeide_1.16.1_2/plugins/com.st.stm32cube.ide.mcu.externaltools.gnu-tools-for-stm32.12.3.rel1.linux64_1.0.200.202406132123/tools/bin/../lib/gcc/arm-none-eabi/12.3.1/../../../../arm-none-eabi/lib/thumb/v7e-m+fp/hard/libc_nano.a(libc_a-reallocr.o)
 .ARM.attributes
                0x0000091e       0x34 /opt/st/stm32cubeide_1.16.1_2/plugins/com.st.stm32cube.ide.mcu.externaltools.gnu-tools-for-stm32.12.3.rel1.linux64_1.0.200.202406132123/tools/bin/../lib/gcc/arm-none-eabi/12.3.1/../../../../arm-none-eabi/lib/thumb/v7e-m+fp/hard/libc_nano.a(libc_a-msizer.o)
 .ARM.attributes
                0x00000952       0x22 /opt/st/stm32cubeide_1.16.1_2/plugins/com.st.stm32cube.ide.mcu.externaltools.gnu-tools-for-stm32.12.3.rel1.linux64_1.0.200.202406132123/tools/bin/../lib/gcc/arm-none-eabi/12.3.1/thumb/v7e-m+fp/hard/libgcc.a(_arm_muldf3.o)
 .ARM.attributes
                0x00000974       0x22 /opt/st/stm32cubeide_1.16.1_2/plugins/com.st.stm32cube.ide.mcu.externaltools.gnu-tools-for-stm32.12.3.rel1.linux64_1.0.200.202406132123/tools/bin/../lib/gcc/arm-none-eabi/12.3.1/thumb/v7e-m+fp/hard/libgcc.a(_arm_addsubdf3.o)
 .ARM.attributes
                0x00000996       0x22 /opt/st/stm32cubeide_1.16.1_2/plugins/com.st.stm32cube.ide.mcu.externaltools.gnu-tools-for-stm32.12.3.rel1.linux64_1.0.200.202406132123/tools/bin/../lib/gcc/arm-none-eabi/12.3.1/thumb/v7e-m+fp/hard/libgcc.a(_arm_fixunsdfsi.o)
 .ARM.attributes
                0x000009b8       0x22 /opt/st/stm32cubeide_1.16.1_2/plugins/com.st.stm32cube.ide.mcu.externaltools.gnu-tools-for-stm32.12.3.rel1.linux64_1.0.200.202406132123/tools/bin/../lib/gcc/arm-none-eabi/12.3.1/thumb/v7e-m+fp/hard/libgcc.a(_aeabi_uldivmod.o)
 .ARM.attributes
                0x000009da       0x34 /opt/st/stm32cubeide_1.16.1_2/plugins/com.st.stm32cube.ide.mcu.externaltools.gnu-tools-for-stm32.12.3.rel1.linux64_1.0.200.202406132123/tools/bin/../lib/gcc/arm-none-eabi/12.3.1/thumb/v7e-m+fp/hard/libgcc.a(_udivmoddi4.o)
 .ARM.attributes
                0x00000a0e       0x22 /opt/st/stm32cubeide_1.16.1_2/plugins/com.st.stm32cube.ide.mcu.externaltools.gnu-tools-for-stm32.12.3.rel1.linux64_1.0.200.202406132123/tools/bin/../lib/gcc/arm-none-eabi/12.3.1/thumb/v7e-m+fp/hard/libgcc.a(_dvmd_tls.o)
 .ARM.attributes
                0x00000a30       0x22 /opt/st/stm32cubeide_1.16.1_2/plugins/com.st.stm32cube.ide.mcu.externaltools.gnu-tools-for-stm32.12.3.rel1.linux64_1.0.200.202406132123/tools/bin/../lib/gcc/arm-none-eabi/12.3.1/thumb/v7e-m+fp/hard/crtn.o
OUTPUT(SD.elf elf32-littlearm)
LOAD linker stubs
LOAD /opt/st/stm32cubeide_1.16.1_2/plugins/com.st.stm32cube.ide.mcu.externaltools.gnu-tools-for-stm32.12.3.rel1.linux64_1.0.200.202406132123/tools/bin/../lib/gcc/arm-none-eabi/12.3.1/../../../../arm-none-eabi/lib/thumb/v7e-m+fp/hard/libc.a
LOAD /opt/st/stm32cubeide_1.16.1_2/plugins/com.st.stm32cube.ide.mcu.externaltools.gnu-tools-for-stm32.12.3.rel1.linux64_1.0.200.202406132123/tools/bin/../lib/gcc/arm-none-eabi/12.3.1/../../../../arm-none-eabi/lib/thumb/v7e-m+fp/hard/libm.a
LOAD /opt/st/stm32cubeide_1.16.1_2/plugins/com.st.stm32cube.ide.mcu.externaltools.gnu-tools-for-stm32.12.3.rel1.linux64_1.0.200.202406132123/tools/bin/../lib/gcc/arm-none-eabi/12.3.1/thumb/v7e-m+fp/hard/libgcc.a

.debug_info     0x00000000     0xfc38
 .debug_info    0x00000000     0x1190 ./Core/Src/File_Handling.o
 .debug_info    0x00001190      0x4a9 ./Core/Src/gpio.o
 .debug_info    0x00001639      0x542 ./Core/Src/main.o
 .debug_info    0x00001b7b      0xa39 ./Core/Src/sdio.o
 .debug_info    0x000025b4      0x294 ./Core/Src/stm32f4xx_hal_msp.o
 .debug_info    0x00002848      0x112 ./Core/Src/stm32f4xx_it.o
 .debug_info    0x0000295a      0x168 ./Core/Src/sysmem.o
 .debug_info    0x00002ac2      0x52e ./Core/Src/system_stm32f4xx.o
 .debug_info    0x00002ff0      0x97c ./Core/Src/usart.o
 .debug_info    0x0000396c       0x30 ./Core/Startup/startup_stm32f429zitx.o
 .debug_info    0x0000399c      0x9ba ./Drivers/STM32F4xx_HAL_Driver/Src/stm32f4xx_hal.o
 .debug_info    0x00004356      0xdc2 ./Drivers/STM32F4xx_HAL_Driver/Src/stm32f4xx_hal_cortex.o
 .debug_info    0x00005118      0x6db ./Drivers/STM32F4xx_HAL_Driver/Src/stm32f4xx_hal_gpio.o
 .debug_info    0x000057f3      0x8c7 ./Drivers/STM32F4xx_HAL_Driver/Src/stm32f4xx_hal_rcc.o
 .debug_info    0x000060ba     0x1c0a ./Drivers/STM32F4xx_HAL_Driver/Src/stm32f4xx_hal_sd.o
 .debug_info    0x00007cc4     0x2f4f ./Drivers/STM32F4xx_HAL_Driver/Src/stm32f4xx_hal_uart.o
 .debug_info    0x0000ac13     0x10c4 ./Drivers/STM32F4xx_HAL_Driver/Src/stm32f4xx_ll_sdmmc.o
 .debug_info    0x0000bcd7      0x4d9 ./FATFS/App/fatfs.o
 .debug_info    0x0000c1b0      0xac9 ./FATFS/Target/bsp_driver_sd.o
 .debug_info    0x0000cc79      0x1cc ./FATFS/Target/fatfs_platform.o
 .debug_info    0x0000ce45      0x4b8 ./FATFS/Target/sd_diskio.o
 .debug_info    0x0000d2fd      0x3df ./Middlewares/Third_Party/FatFs/src/diskio.o
 .debug_info    0x0000d6dc     0x21dd ./Middlewares/Third_Party/FatFs/src/ff.o
 .debug_info    0x0000f8b9      0x37f ./Middlewares/Third_Party/FatFs/src/ff_gen_drv.o

.debug_abbrev   0x00000000     0x2afc
 .debug_abbrev  0x00000000      0x2f3 ./Core/Src/File_Handling.o
 .debug_abbrev  0x000002f3      0x152 ./Core/Src/gpio.o
 .debug_abbrev  0x00000445      0x208 ./Core/Src/main.o
 .debug_abbrev  0x0000064d      0x1cb ./Core/Src/sdio.o
 .debug_abbrev  0x00000818       0xf4 ./Core/Src/stm32f4xx_hal_msp.o
 .debug_abbrev  0x0000090c       0x73 ./Core/Src/stm32f4xx_it.o
 .debug_abbrev  0x0000097f       0xbc ./Core/Src/sysmem.o
 .debug_abbrev  0x00000a3b      0x11a ./Core/Src/system_stm32f4xx.o
 .debug_abbrev  0x00000b55      0x227 ./Core/Src/usart.o
 .debug_abbrev  0x00000d7c       0x24 ./Core/Startup/startup_stm32f429zitx.o
 .debug_abbrev  0x00000da0      0x214 ./Drivers/STM32F4xx_HAL_Driver/Src/stm32f4xx_hal.o
 .debug_abbrev  0x00000fb4      0x31d ./Drivers/STM32F4xx_HAL_Driver/Src/stm32f4xx_hal_cortex.o
 .debug_abbrev  0x000012d1      0x1d4 ./Drivers/STM32F4xx_HAL_Driver/Src/stm32f4xx_hal_gpio.o
 .debug_abbrev  0x000014a5      0x2b7 ./Drivers/STM32F4xx_HAL_Driver/Src/stm32f4xx_hal_rcc.o
 .debug_abbrev  0x0000175c      0x297 ./Drivers/STM32F4xx_HAL_Driver/Src/stm32f4xx_hal_sd.o
 .debug_abbrev  0x000019f3      0x30e ./Drivers/STM32F4xx_HAL_Driver/Src/stm32f4xx_hal_uart.o
 .debug_abbrev  0x00001d01      0x1d6 ./Drivers/STM32F4xx_HAL_Driver/Src/stm32f4xx_ll_sdmmc.o
 .debug_abbrev  0x00001ed7      0x160 ./FATFS/App/fatfs.o
 .debug_abbrev  0x00002037      0x28b ./FATFS/Target/bsp_driver_sd.o
 .debug_abbrev  0x000022c2      0x107 ./FATFS/Target/fatfs_platform.o
 .debug_abbrev  0x000023c9      0x191 ./FATFS/Target/sd_diskio.o
 .debug_abbrev  0x0000255a      0x181 ./Middlewares/Third_Party/FatFs/src/diskio.o
 .debug_abbrev  0x000026db      0x282 ./Middlewares/Third_Party/FatFs/src/ff.o
 .debug_abbrev  0x0000295d      0x19f ./Middlewares/Third_Party/FatFs/src/ff_gen_drv.o

.debug_aranges  0x00000000      0xde8
 .debug_aranges
                0x00000000       0x78 ./Core/Src/File_Handling.o
 .debug_aranges
                0x00000078       0x20 ./Core/Src/gpio.o
 .debug_aranges
                0x00000098       0x30 ./Core/Src/main.o
 .debug_aranges
                0x000000c8       0x30 ./Core/Src/sdio.o
 .debug_aranges
                0x000000f8       0x20 ./Core/Src/stm32f4xx_hal_msp.o
 .debug_aranges
                0x00000118       0x60 ./Core/Src/stm32f4xx_it.o
 .debug_aranges
                0x00000178       0x20 ./Core/Src/sysmem.o
 .debug_aranges
                0x00000198       0x28 ./Core/Src/system_stm32f4xx.o
 .debug_aranges
                0x000001c0       0x38 ./Core/Src/usart.o
 .debug_aranges
                0x000001f8       0x28 ./Core/Startup/startup_stm32f429zitx.o
 .debug_aranges
                0x00000220      0x100 ./Drivers/STM32F4xx_HAL_Driver/Src/stm32f4xx_hal.o
 .debug_aranges
                0x00000320      0x130 ./Drivers/STM32F4xx_HAL_Driver/Src/stm32f4xx_hal_cortex.o
 .debug_aranges
                0x00000450       0x58 ./Drivers/STM32F4xx_HAL_Driver/Src/stm32f4xx_hal_gpio.o
 .debug_aranges
                0x000004a8       0x88 ./Drivers/STM32F4xx_HAL_Driver/Src/stm32f4xx_hal_rcc.o
 .debug_aranges
                0x00000530      0x168 ./Drivers/STM32F4xx_HAL_Driver/Src/stm32f4xx_hal_sd.o
 .debug_aranges
                0x00000698      0x208 ./Drivers/STM32F4xx_HAL_Driver/Src/stm32f4xx_hal_uart.o
 .debug_aranges
                0x000008a0      0x188 ./Drivers/STM32F4xx_HAL_Driver/Src/stm32f4xx_ll_sdmmc.o
 .debug_aranges
                0x00000a28       0x28 ./FATFS/App/fatfs.o
 .debug_aranges
                0x00000a50       0xa0 ./FATFS/Target/bsp_driver_sd.o
 .debug_aranges
                0x00000af0       0x20 ./FATFS/Target/fatfs_platform.o
 .debug_aranges
                0x00000b10       0x48 ./FATFS/Target/sd_diskio.o
 .debug_aranges
                0x00000b58       0x48 ./Middlewares/Third_Party/FatFs/src/diskio.o
 .debug_aranges
                0x00000ba0      0x208 ./Middlewares/Third_Party/FatFs/src/ff.o
 .debug_aranges
                0x00000da8       0x40 ./Middlewares/Third_Party/FatFs/src/ff_gen_drv.o

.debug_rnglists
                0x00000000      0xa99
 .debug_rnglists
                0x00000000       0x71 ./Core/Src/File_Handling.o
 .debug_rnglists
                0x00000071       0x14 ./Core/Src/gpio.o
 .debug_rnglists
                0x00000085       0x20 ./Core/Src/main.o
 .debug_rnglists
                0x000000a5       0x20 ./Core/Src/sdio.o
 .debug_rnglists
                0x000000c5       0x13 ./Core/Src/stm32f4xx_hal_msp.o
 .debug_rnglists
                0x000000d8       0x43 ./Core/Src/stm32f4xx_it.o
 .debug_rnglists
                0x0000011b       0x13 ./Core/Src/sysmem.o
 .debug_rnglists
                0x0000012e       0x1a ./Core/Src/system_stm32f4xx.o
 .debug_rnglists
                0x00000148       0x26 ./Core/Src/usart.o
 .debug_rnglists
                0x0000016e       0x19 ./Core/Startup/startup_stm32f429zitx.o
 .debug_rnglists
                0x00000187       0xbb ./Drivers/STM32F4xx_HAL_Driver/Src/stm32f4xx_hal.o
 .debug_rnglists
                0x00000242       0xe0 ./Drivers/STM32F4xx_HAL_Driver/Src/stm32f4xx_hal_cortex.o
 .debug_rnglists
                0x00000322       0x3f ./Drivers/STM32F4xx_HAL_Driver/Src/stm32f4xx_hal_gpio.o
 .debug_rnglists
                0x00000361       0x66 ./Drivers/STM32F4xx_HAL_Driver/Src/stm32f4xx_hal_rcc.o
 .debug_rnglists
                0x000003c7      0x121 ./Drivers/STM32F4xx_HAL_Driver/Src/stm32f4xx_hal_sd.o
 .debug_rnglists
                0x000004e8      0x1bc ./Drivers/STM32F4xx_HAL_Driver/Src/stm32f4xx_hal_uart.o
 .debug_rnglists
                0x000006a4      0x125 ./Drivers/STM32F4xx_HAL_Driver/Src/stm32f4xx_ll_sdmmc.o
 .debug_rnglists
                0x000007c9       0x19 ./FATFS/App/fatfs.o
 .debug_rnglists
                0x000007e2       0x73 ./FATFS/Target/bsp_driver_sd.o
 .debug_rnglists
                0x00000855       0x13 ./FATFS/Target/fatfs_platform.o
 .debug_rnglists
                0x00000868       0x32 ./FATFS/Target/sd_diskio.o
 .debug_rnglists
                0x0000089a       0x31 ./Middlewares/Third_Party/FatFs/src/diskio.o
 .debug_rnglists
                0x000008cb      0x1a2 ./Middlewares/Third_Party/FatFs/src/ff.o
 .debug_rnglists
                0x00000a6d       0x2c ./Middlewares/Third_Party/FatFs/src/ff_gen_drv.o

.debug_macro    0x00000000    0x26066
 .debug_macro   0x00000000      0x393 ./Core/Src/File_Handling.o
 .debug_macro   0x00000393      0xab4 ./Core/Src/File_Handling.o
 .debug_macro   0x00000e47      0x29b ./Core/Src/File_Handling.o
 .debug_macro   0x000010e2       0x2e ./Core/Src/File_Handling.o
 .debug_macro   0x00001110       0x28 ./Core/Src/File_Handling.o
 .debug_macro   0x00001138       0x22 ./Core/Src/File_Handling.o
 .debug_macro   0x0000115a       0x8e ./Core/Src/File_Handling.o
 .debug_macro   0x000011e8       0x51 ./Core/Src/File_Handling.o
 .debug_macro   0x00001239      0x103 ./Core/Src/File_Handling.o
 .debug_macro   0x0000133c       0x6a ./Core/Src/File_Handling.o
 .debug_macro   0x000013a6      0x1df ./Core/Src/File_Handling.o
 .debug_macro   0x00001585       0x1c ./Core/Src/File_Handling.o
 .debug_macro   0x000015a1       0x22 ./Core/Src/File_Handling.o
 .debug_macro   0x000015c3       0xfb ./Core/Src/File_Handling.o
 .debug_macro   0x000016be     0x1011 ./Core/Src/File_Handling.o
 .debug_macro   0x000026cf      0x11f ./Core/Src/File_Handling.o
 .debug_macro   0x000027ee    0x17fd8 ./Core/Src/File_Handling.o
 .debug_macro   0x0001a7c6       0x6d ./Core/Src/File_Handling.o
 .debug_macro   0x0001a833     0x3711 ./Core/Src/File_Handling.o
 .debug_macro   0x0001df44      0x189 ./Core/Src/File_Handling.o
 .debug_macro   0x0001e0cd       0x5c ./Core/Src/File_Handling.o
 .debug_macro   0x0001e129      0xcba ./Core/Src/File_Handling.o
 .debug_macro   0x0001ede3      0x9e9 ./Core/Src/File_Handling.o
 .debug_macro   0x0001f7cc      0x115 ./Core/Src/File_Handling.o
 .debug_macro   0x0001f8e1      0x156 ./Core/Src/File_Handling.o
 .debug_macro   0x0001fa37       0xa5 ./Core/Src/File_Handling.o
 .debug_macro   0x0001fadc      0x182 ./Core/Src/File_Handling.o
 .debug_macro   0x0001fc5e      0x287 ./Core/Src/File_Handling.o
 .debug_macro   0x0001fee5       0x5f ./Core/Src/File_Handling.o
 .debug_macro   0x0001ff44      0x236 ./Core/Src/File_Handling.o
 .debug_macro   0x0002017a      0x132 ./Core/Src/File_Handling.o
 .debug_macro   0x000202ac      0x41d ./Core/Src/File_Handling.o
 .debug_macro   0x000206c9       0x2e ./Core/Src/File_Handling.o
 .debug_macro   0x000206f7      0x127 ./Core/Src/File_Handling.o
 .debug_macro   0x0002081e       0xe2 ./Core/Src/File_Handling.o
 .debug_macro   0x00020900       0x89 ./Core/Src/File_Handling.o
 .debug_macro   0x00020989      0x868 ./Core/Src/File_Handling.o
 .debug_macro   0x000211f1      0x1d5 ./Core/Src/File_Handling.o
 .debug_macro   0x000213c6      0x2aa ./Core/Src/File_Handling.o
 .debug_macro   0x00021670      0x134 ./Core/Src/File_Handling.o
 .debug_macro   0x000217a4      0x4d6 ./Core/Src/File_Handling.o
 .debug_macro   0x00021c7a       0x1c ./Core/Src/File_Handling.o
 .debug_macro   0x00021c96       0x34 ./Core/Src/File_Handling.o
 .debug_macro   0x00021cca       0xe5 ./Core/Src/File_Handling.o
 .debug_macro   0x00021daf       0x2a ./Core/Src/File_Handling.o
 .debug_macro   0x00021dd9       0x61 ./Core/Src/File_Handling.o
 .debug_macro   0x00021e3a       0x43 ./Core/Src/File_Handling.o
 .debug_macro   0x00021e7d       0x34 ./Core/Src/File_Handling.o
 .debug_macro   0x00021eb1       0x16 ./Core/Src/File_Handling.o
 .debug_macro   0x00021ec7       0x35 ./Core/Src/File_Handling.o
 .debug_macro   0x00021efc       0x16 ./Core/Src/File_Handling.o
 .debug_macro   0x00021f12       0x43 ./Core/Src/File_Handling.o
 .debug_macro   0x00021f55       0x34 ./Core/Src/File_Handling.o
 .debug_macro   0x00021f89       0x10 ./Core/Src/File_Handling.o
 .debug_macro   0x00021f99       0x58 ./Core/Src/File_Handling.o
 .debug_macro   0x00021ff1       0x8e ./Core/Src/File_Handling.o
 .debug_macro   0x0002207f       0x1c ./Core/Src/File_Handling.o
 .debug_macro   0x0002209b      0x177 ./Core/Src/File_Handling.o
 .debug_macro   0x00022212      0x369 ./Core/Src/File_Handling.o
 .debug_macro   0x0002257b       0x16 ./Core/Src/File_Handling.o
 .debug_macro   0x00022591       0x29 ./Core/Src/File_Handling.o
 .debug_macro   0x000225ba       0x12 ./Core/Src/File_Handling.o
 .debug_macro   0x000225cc       0xe2 ./Core/Src/File_Handling.o
 .debug_macro   0x000226ae       0x8e ./Core/Src/File_Handling.o
 .debug_macro   0x0002273c       0x16 ./Core/Src/File_Handling.o
 .debug_macro   0x00022752       0x20 ./Core/Src/File_Handling.o
 .debug_macro   0x00022772       0x1c ./Core/Src/File_Handling.o
 .debug_macro   0x0002278e       0x10 ./Core/Src/File_Handling.o
 .debug_macro   0x0002279e       0x1c ./Core/Src/File_Handling.o
 .debug_macro   0x000227ba       0x16 ./Core/Src/File_Handling.o
 .debug_macro   0x000227d0      0x146 ./Core/Src/File_Handling.o
 .debug_macro   0x00022916      0x1ec ./Core/Src/gpio.o
 .debug_macro   0x00022b02      0x341 ./Core/Src/main.o
 .debug_macro   0x00022e43      0x1ec ./Core/Src/sdio.o
 .debug_macro   0x0002302f      0x1e2 ./Core/Src/stm32f4xx_hal_msp.o
 .debug_macro   0x00023211      0x1ec ./Core/Src/stm32f4xx_it.o
 .debug_macro   0x000233fd       0xff ./Core/Src/sysmem.o
 .debug_macro   0x000234fc      0x23c ./Core/Src/sysmem.o
 .debug_macro   0x00023738      0x1d3 ./Core/Src/system_stm32f4xx.o
 .debug_macro   0x0002390b      0x1ec ./Core/Src/usart.o
 .debug_macro   0x00023af7      0x233 ./Drivers/STM32F4xx_HAL_Driver/Src/stm32f4xx_hal.o
 .debug_macro   0x00023d2a      0x1d3 ./Drivers/STM32F4xx_HAL_Driver/Src/stm32f4xx_hal_cortex.o
 .debug_macro   0x00023efd      0x1d9 ./Drivers/STM32F4xx_HAL_Driver/Src/stm32f4xx_hal_gpio.o
 .debug_macro   0x000240d6      0x1f7 ./Drivers/STM32F4xx_HAL_Driver/Src/stm32f4xx_hal_rcc.o
 .debug_macro   0x000242cd      0x1d4 ./Drivers/STM32F4xx_HAL_Driver/Src/stm32f4xx_hal_sd.o
 .debug_macro   0x000244a1      0x1d4 ./Drivers/STM32F4xx_HAL_Driver/Src/stm32f4xx_hal_uart.o
 .debug_macro   0x00024675      0x1d4 ./Drivers/STM32F4xx_HAL_Driver/Src/stm32f4xx_ll_sdmmc.o
 .debug_macro   0x00024849      0x31f ./FATFS/App/fatfs.o
 .debug_macro   0x00024b68      0x1eb ./FATFS/Target/bsp_driver_sd.o
 .debug_macro   0x00024d53      0x1dc ./FATFS/Target/fatfs_platform.o
 .debug_macro   0x00024f2f      0x322 ./FATFS/Target/sd_diskio.o
 .debug_macro   0x00025251       0x16 ./FATFS/Target/sd_diskio.o
 .debug_macro   0x00025267       0x7c ./FATFS/Target/sd_diskio.o
 .debug_macro   0x000252e3      0x30c ./Middlewares/Third_Party/FatFs/src/diskio.o
 .debug_macro   0x000255ef      0x713 ./Middlewares/Third_Party/FatFs/src/ff.o
 .debug_macro   0x00025d02       0x58 ./Middlewares/Third_Party/FatFs/src/ff.o
 .debug_macro   0x00025d5a      0x30c ./Middlewares/Third_Party/FatFs/src/ff_gen_drv.o

.debug_line     0x00000000    0x13369
 .debug_line    0x00000000      0xd1a ./Core/Src/File_Handling.o
 .debug_line    0x00000d1a      0x834 ./Core/Src/gpio.o
 .debug_line    0x0000154e      0x936 ./Core/Src/main.o
 .debug_line    0x00001e84      0x706 ./Core/Src/sdio.o
 .debug_line    0x0000258a      0x69a ./Core/Src/stm32f4xx_hal_msp.o
 .debug_line    0x00002c24      0x75b ./Core/Src/stm32f4xx_it.o
 .debug_line    0x0000337f      0x4c2 ./Core/Src/sysmem.o
 .debug_line    0x00003841      0x71d ./Core/Src/system_stm32f4xx.o
 .debug_line    0x00003f5e      0x71c ./Core/Src/usart.o
 .debug_line    0x0000467a       0x7a ./Core/Startup/startup_stm32f429zitx.o
 .debug_line    0x000046f4      0x9bc ./Drivers/STM32F4xx_HAL_Driver/Src/stm32f4xx_hal.o
 .debug_line    0x000050b0      0xc78 ./Drivers/STM32F4xx_HAL_Driver/Src/stm32f4xx_hal_cortex.o
 .debug_line    0x00005d28      0xb3a ./Drivers/STM32F4xx_HAL_Driver/Src/stm32f4xx_hal_gpio.o
 .debug_line    0x00006862      0xd11 ./Drivers/STM32F4xx_HAL_Driver/Src/stm32f4xx_hal_rcc.o
 .debug_line    0x00007573     0x1ebf ./Drivers/STM32F4xx_HAL_Driver/Src/stm32f4xx_hal_sd.o
 .debug_line    0x00009432     0x2858 ./Drivers/STM32F4xx_HAL_Driver/Src/stm32f4xx_hal_uart.o
 .debug_line    0x0000bc8a      0xf15 ./Drivers/STM32F4xx_HAL_Driver/Src/stm32f4xx_ll_sdmmc.o
 .debug_line    0x0000cb9f      0x8a0 ./FATFS/App/fatfs.o
 .debug_line    0x0000d43f      0x87a ./FATFS/Target/bsp_driver_sd.o
 .debug_line    0x0000dcb9      0x6ae ./FATFS/Target/fatfs_platform.o
 .debug_line    0x0000e367      0x984 ./FATFS/Target/sd_diskio.o
 .debug_line    0x0000eceb      0x914 ./Middlewares/Third_Party/FatFs/src/diskio.o
 .debug_line    0x0000f5ff     0x343b ./Middlewares/Third_Party/FatFs/src/ff.o
 .debug_line    0x00012a3a      0x92f ./Middlewares/Third_Party/FatFs/src/ff_gen_drv.o

.debug_str      0x00000000    0xd9d03
 .debug_str     0x00000000    0xd5819 ./Core/Src/File_Handling.o
                              0xd5b53 (size before relaxing)
 .debug_str     0x000d5819      0x1ef ./Core/Src/gpio.o
                              0xd153e (size before relaxing)
 .debug_str     0x000d5a08      0x1d1 ./Core/Src/main.o
                              0xd4fa4 (size before relaxing)
 .debug_str     0x000d5bd9      0x1f6 ./Core/Src/sdio.o
                              0xd19c1 (size before relaxing)
 .debug_str     0x000d5dcf       0x49 ./Core/Src/stm32f4xx_hal_msp.o
                              0xd147e (size before relaxing)
 .debug_str     0x000d5e18       0xc9 ./Core/Src/stm32f4xx_it.o
                              0xd13d4 (size before relaxing)
 .debug_str     0x000d5ee1      0x4dc ./Core/Src/sysmem.o
                               0x60ad (size before relaxing)
 .debug_str     0x000d63bd       0xdb ./Core/Src/system_stm32f4xx.o
                              0xd05a7 (size before relaxing)
 .debug_str     0x000d6498       0x5e ./Core/Src/usart.o
                              0xd1a08 (size before relaxing)
 .debug_str     0x000d64f6       0x44 ./Core/Startup/startup_stm32f429zitx.o
                                 0x60 (size before relaxing)
 .debug_str     0x000d653a      0xb8e ./Drivers/STM32F4xx_HAL_Driver/Src/stm32f4xx_hal.o
                              0xd11ca (size before relaxing)
 .debug_str     0x000d70c8      0x392 ./Drivers/STM32F4xx_HAL_Driver/Src/stm32f4xx_hal_cortex.o
                              0xd0ef8 (size before relaxing)
 .debug_str     0x000d745a      0x121 ./Drivers/STM32F4xx_HAL_Driver/Src/stm32f4xx_hal_gpio.o
                              0xd0722 (size before relaxing)
 .debug_str     0x000d757b      0x233 ./Drivers/STM32F4xx_HAL_Driver/Src/stm32f4xx_hal_rcc.o
                              0xd09db (size before relaxing)
 .debug_str     0x000d77ae      0x971 ./Drivers/STM32F4xx_HAL_Driver/Src/stm32f4xx_hal_sd.o
                              0xd130d (size before relaxing)
 .debug_str     0x000d811f      0x605 ./Drivers/STM32F4xx_HAL_Driver/Src/stm32f4xx_hal_uart.o
                              0xd0fa9 (size before relaxing)
 .debug_str     0x000d8724      0x227 ./Drivers/STM32F4xx_HAL_Driver/Src/stm32f4xx_ll_sdmmc.o
                              0xd0a1b (size before relaxing)
 .debug_str     0x000d894b       0xe7 ./FATFS/App/fatfs.o
                              0xd4e12 (size before relaxing)
 .debug_str     0x000d8a32      0x17b ./FATFS/Target/bsp_driver_sd.o
                              0xd0c4f (size before relaxing)
 .debug_str     0x000d8bad       0x21 ./FATFS/Target/fatfs_platform.o
                              0xd04ea (size before relaxing)
 .debug_str     0x000d8bce       0xa0 ./FATFS/Target/sd_diskio.o
                              0xd4e5a (size before relaxing)
 .debug_str     0x000d8c6e       0x57 ./Middlewares/Third_Party/FatFs/src/diskio.o
                              0xd4d2d (size before relaxing)
 .debug_str     0x000d8cc5      0xfad ./Middlewares/Third_Party/FatFs/src/ff.o
                              0xd5f90 (size before relaxing)
 .debug_str     0x000d9c72       0x91 ./Middlewares/Third_Party/FatFs/src/ff_gen_drv.o
                              0xd4d7e (size before relaxing)

.comment        0x00000000       0x43
 .comment       0x00000000       0x43 ./Core/Src/File_Handling.o
                                 0x44 (size before relaxing)
 .comment       0x00000043       0x44 ./Core/Src/gpio.o
 .comment       0x00000043       0x44 ./Core/Src/main.o
 .comment       0x00000043       0x44 ./Core/Src/sdio.o
 .comment       0x00000043       0x44 ./Core/Src/stm32f4xx_hal_msp.o
 .comment       0x00000043       0x44 ./Core/Src/stm32f4xx_it.o
 .comment       0x00000043       0x44 ./Core/Src/sysmem.o
 .comment       0x00000043       0x44 ./Core/Src/system_stm32f4xx.o
 .comment       0x00000043       0x44 ./Core/Src/usart.o
 .comment       0x00000043       0x44 ./Drivers/STM32F4xx_HAL_Driver/Src/stm32f4xx_hal.o
 .comment       0x00000043       0x44 ./Drivers/STM32F4xx_HAL_Driver/Src/stm32f4xx_hal_cortex.o
 .comment       0x00000043       0x44 ./Drivers/STM32F4xx_HAL_Driver/Src/stm32f4xx_hal_gpio.o
 .comment       0x00000043       0x44 ./Drivers/STM32F4xx_HAL_Driver/Src/stm32f4xx_hal_rcc.o
 .comment       0x00000043       0x44 ./Drivers/STM32F4xx_HAL_Driver/Src/stm32f4xx_hal_sd.o
 .comment       0x00000043       0x44 ./Drivers/STM32F4xx_HAL_Driver/Src/stm32f4xx_hal_uart.o
 .comment       0x00000043       0x44 ./Drivers/STM32F4xx_HAL_Driver/Src/stm32f4xx_ll_sdmmc.o
 .comment       0x00000043       0x44 ./FATFS/App/fatfs.o
 .comment       0x00000043       0x44 ./FATFS/Target/bsp_driver_sd.o
 .comment       0x00000043       0x44 ./FATFS/Target/fatfs_platform.o
 .comment       0x00000043       0x44 ./FATFS/Target/sd_diskio.o
 .comment       0x00000043       0x44 ./Middlewares/Third_Party/FatFs/src/diskio.o
 .comment       0x00000043       0x44 ./Middlewares/Third_Party/FatFs/src/ff.o
 .comment       0x00000043       0x44 ./Middlewares/Third_Party/FatFs/src/ff_gen_drv.o
