../Core/Src/VS1003B.c:40:6:VS1003B_Reset	8	static
../Core/Src/VS1003B.c:49:6:VS1003B_Test	8	static
../Core/Src/VS1003B.c:60:6:VS1003B_Init	8	static
../Core/Src/VS1003B.c:75:10:VS1003B_Read	24	static
../Core/Src/VS1003B.c:100:6:VS1003B_SetVolume	24	static
../Core/Src/VS1003B.c:109:6:VS1003B_SendData	24	static
../Core/Src/VS1003B.c:137:6:VS1003B_Write	24	static
../Core/Src/VS1003B.c:147:6:CS_Enable	8	static
../Core/Src/VS1003B.c:153:6:CS_Disable	8	static
../Core/Src/VS1003B.c:158:6:DCS_Enable	8	static
../Core/Src/VS1003B.c:164:6:DCS_Disable	8	static
../Core/Src/VS1003B.c:169:6:DREQ_Wait	8	static
../Core/Src/VS1003B.c:175:6:delay_us	24	static
../Core/Src/VS1003B.c:184:6:PlayMP3File	1096	static
